05-29 23:50:59.042  8947  8947 D CAM_Storage: hasSecondaryStorage=false
05-29 23:50:59.043  8947  8947 D CAM_Camera@130702517: resumeCamera: E
05-29 23:50:59.043  8947  8947 D CAM_Camera@130702517: resumeCamera: isSwitchingModule() : true &&  getDisplayFoldState() : true: 
05-29 23:50:59.043  8947  8947 D CAM_MemoryManager: initLimit: mSavedQueueMemoryLimit = 405249632
05-29 23:50:59.043  8947  8947 D CAM_MemoryManager: initMemory: maxMemory=536870912
05-29 23:50:59.043  8947  8947 V CAM_ImageSaver: onHostResume: isCapture=true
05-29 23:50:59.043  8947  8947 I CAM_PermissionManager: getNeedCheckPermissionList() listSize =0
05-29 23:50:59.043  8947  8947 I CAM_PermissionManager: checkCameraLaunchPermissions(), all on
05-29 23:50:59.043  8947  8947 D CAM_CameraIntentManager: camera_launch_source = null
05-29 23:50:59.043  8947  8947 I CAM_PerformanceManager: [P_PERFORM]: not allow traceStart
05-29 23:50:59.043  8947  8947 D CAM_Camera@130702517: onResume end
05-29 23:50:59.043  8947  8947 I CAM_PerformanceManager: [P_PERFORM]: Action: resumeActivity@130702517_163_0 takes 24 ms
05-29 23:50:59.043  8947  8947 D CAM_Camera@130702517: onResume end
05-29 23:50:59.043  8947  8947 D CAM_ActivityBase: onResume - version: 5.1.001260.0
05-29 23:50:59.043  8947 29778 V CAM_Camera@130702517: [WTP]notifyCameraResume: E
05-29 23:50:59.043  8947 29778 D CAM_SendBroadcastNotifyExternal: notify external(status: start_foreground)
05-29 23:50:59.043  8947  8947 D CAM_FragmentBottomAction: initThumbnailAsExit: 
05-29 23:50:59.044  8947  8947 D CAM_DragLayout: mTotalDragDistance 920.0
05-29 23:50:59.044  8947  8947 D CAM_FragmentModeSelector: switchMoreMode open: true, style: 0, mCurrentMode: 163
05-29 23:50:59.044  8947  8947 D CAM_DragLayout: disableAllMode
05-29 23:50:59.044  8947  8947 D CAM_DragLayout: setDragEnable mDragMode : false, enable false, force : false
05-29 23:50:59.044  8947  8947 D CAM_ExtraModuleManagerImpl: onResume
05-29 23:50:59.044  8947  8947 D MiuiMonitorThread: Shared singleton Thread for stability monitor start
05-29 23:50:59.045  1165 28892 I android.hardware.camera.provider@2.4-service_64: vendor/qcom/proprietary/adsprpc/src/apps_std_imp.c:868: Successfully opened file /vendor/lib/rfsa/adsp/libmialgo_basic_cdsp_skel.so
05-29 23:50:59.046  1177  2587 I sensors-hal: ssc_conn_event_cb:489, event[0] sensor:step_detector  Wakeup msg_id=129, ts=208453406541
05-29 23:50:59.046  8947 29774 I CAM_Storage: setLeftSpace(210550149120)
05-29 23:50:59.047  8904  9349 W MIUISafety-Monitor: sync com.android.camera,userId:0,op:26,active:true,isNote:false,isTerminal:false,notify:true
05-29 23:50:59.047  8947 29831 V CAM_AutoLockManager: [WTP]updateScreenOffTimeout: E
05-29 23:50:59.047  8947 29778 V CAM_Camera@130702517: [WTP]notifyCameraResume: X
05-29 23:50:59.047  8947 29778 V CAM_Camera@130702517: [WTP]initShortcut: E
05-29 23:50:59.048  8947 29831 V CAM_AutoLockManager: [WTP]updateScreenOffTimeout: X
05-29 23:50:59.048  2965  2965 D HeadsetService: BroadcastReceiver com.android.camera.action.camera_status
05-29 23:50:59.048  2965  2965 D HeadsetService: CameraReceiver: action=com.android.camera.action.camera_status status=start_foreground
05-29 23:50:59.048  2965  2965 D Avrcp_ext: CameraReceiver: action=com.android.camera.action.camera_status status=start_foreground
05-29 23:50:59.049  2022  2073 I BLASTSyncEngine: SyncGroup 361:  Unfinished container:ActivityRecord{614992e u0 com.android.camera/.OneShotCamera t498}
05-29 23:50:59.049  2022  2073 I BLASTSyncEngine: isActivitySyncFinished isSyncFinished false ActivityRecord{614992e u0 com.android.camera/.OneShotCamera t498}
05-29 23:50:59.049  8947 28849 D CAM_ThermalDetector: registerReceiver
05-29 23:50:59.050  8947 28849 D CAM_BatteryDetector: registerReceiver
05-29 23:50:59.050  8947 29778 V CAM_Camera@130702517: [WTP]initShortcut: X
05-29 23:50:59.051  2022  7721 W WindowManager: Failed looking up window session=Session{2c975ee 8947:u0a10139} callers=com.android.server.wm.WindowManagerService.windowForClientLocked:6851 com.android.server.wm.Session.updateRequestedVisibleTypes:707 android.view.IWindowSession$Stub.onTransact:1053 
05-29 23:50:59.053  2022  2652 E ProcessManager: error write exception log
05-29 23:50:59.053  1696 29780 E CameraImpl: reportSdkRequest 569 0xb400007b35c2f320
05-29 23:50:59.053  1165 29798 E CamX    : [ERROR][NCS    ] camxncsintfqsee.cpp:1894 FillCaps() Sensor 3 probe failed during boot
05-29 23:50:59.053  1165 29798 E CamX    : [ERROR][STATS_AEC] camxcaecstatsprocessor.cpp:5024 SetupNCSLinkForSensor() CAECGyro: Unable to Query caps sensor type 3 error CamxResultEFailed
05-29 23:50:59.053  1165 29798 E CamX    : [ERROR][STATS_AEC] camxcaecstatsprocessor.cpp:4967 SetupNCSLink() CAECGyro: Unable to Setup NCS Link For Gyro Sensor
05-29 23:50:59.053  1165 29798 E CamX    : [ERROR][STATS_AEC] camxcaecstatsprocessor.cpp:4946 Initialize() CAECGyro: Failed setting up NCS link
05-29 23:50:59.053  1165 29798 E CamX    : [ERROR][STATS_AEC] camxcaecstatsprocessor.cpp:198 Initialize() Failed to Initialize Gyro
05-29 23:50:59.053  1165 29798 E CamX    : [ERROR][NCS    ] camxncsintfqsee.cpp:1894 FillCaps() Sensor 6 probe failed during boot
05-29 23:50:59.053  1165 29798 E CamX    : [ERROR][STATS_AEC] camxcaecstatsprocessor.cpp:5115 SetupNCSLinkForSensor() CAECLaser: Unable to Query caps sensor type 6 error CamxResultEFailed
05-29 23:50:59.053  1165 29798 E CamX    : [ERROR][STATS_AEC] camxcaecstatsprocessor.cpp:5058 SetupNCSLink() CAECLaser: Unable to Setup NCS Link For Laser Sensor
05-29 23:50:59.053  1165 29798 E CamX    : [ERROR][STATS_AEC] camxcaecstatsprocessor.cpp:5037 Initialize() CAECLaser: Failed setting up NCS link
05-29 23:50:59.053  1165 29798 E CamX    : [ERROR][STATS_AEC] camxcaecstatsprocessor.cpp:209 Initialize() Failed to Initialize Laser
05-29 23:50:59.054  1177  2587 I sensors-hal: ssc_conn_event_cb:489, event[0] sensor:step_detector  Wakeup msg_id=129, ts=208453615096
05-29 23:50:59.054  8947  8947 E FileUtils: err write to mi_exception_log
05-29 23:50:59.055  2022  3488 I ActivityManager: Killing 12229:com.xiaomi.calendar/u0a138 (adj 915): depends on provider com.android.providers.calendar/.CalendarProvider2 in dying proc com.android.providers.calendar (adj -10000)
05-29 23:50:59.055  2022  3488 I libc    : kill: send 9 to pid 12229 real pid 12229
05-29 23:50:59.056  1165 29798 E CamX    : [ERROR][FD     ] camxfacexm.cpp:36 FaceXM() FaceXM Init
05-29 23:50:59.056  1017  1017 I Zygote  : Process 9724 exited due to signal 9 (Killed)
05-29 23:50:59.056  2022  3488 D ActivityManagerServiceImpl: Cleaning tablet split stack.
05-29 23:50:59.057  8947  8947 D CAM_InputDeviceManager: onResume: true
05-29 23:50:59.057  8947  8947 D CAM_InputDeviceManager: updateConnStatus: E.
05-29 23:50:59.057  8947  8947 D CAM_InputDeviceManager: updateConnStatus: X. cost: 0
05-29 23:50:59.057  3017 18549 D MiuiFreeformModeObserver: activityResumed() intent： Intent { cmp=com.android.camera/.OneShotCamera (has extras) }
05-29 23:50:59.057  3081 20811 I ActivityObserverLauncherImpl: activityResumed class=com.android.camera.OneShotCamera
05-29 23:50:59.057  3081  3081 D RecentsImpl: mActivityStateObserver com.android.camera.OneShotCamera
05-29 23:50:59.058  8947  8947 D CAM_StartTopBarAdapter: onBindViewHolder
05-29 23:50:59.058  8696 29833 D UidObserver: onUidGone entry uid = 10084
05-29 23:50:59.058  3081  3081 W RecentsImpl: onResumed className=com.android.camera.OneShotCamera   mIsInAnotherPro=false   isKeyguardLocked=false
05-29 23:50:59.058  1165 29841 E CamX    : [ERROR][FD     ] camxfacexm.cpp:52 getDisableXMFaceFromProperty() FaceXM getDisableXMFaceFromProperty 0
05-29 23:50:59.058  2022  3514 D CoreBackPreview: Window{ba7fac0 u0 com.android.camera/com.android.camera.OneShotCamera}: Setting back callback OnBackInvokedCallbackInfo{mCallback=android.window.IOnBackInvokedCallback$Stub$Proxy@ad719f, mPriority=0, mIsAnimationCallback=false}
05-29 23:50:59.059  2022  2047 D DisplayManagerService: Drop pending events for gone uid 10084
05-29 23:50:59.059  8947  8947 D CAM_StartTopBarAdapter: updateView - anim id = 2131886455
05-29 23:50:59.059  8947  8947 I CAM_ComponentRunningTopItemAnim: getTopItemImageAnim: configItem = 193 animRes = 2131886455
05-29 23:50:59.059  8947  8947 D CAM_ComponentRunningTopItemAnim: configItem = 193 lastAnimId = 2131886455 newAnimId = 2131886455
05-29 23:50:59.059  8947  8947 I CAM_ComponentRunningTopItemAnim: setTopItemImageAnim: configItem = 193 newAnimRes = 2131886455
05-29 23:50:59.059  8947  8947 I CAM_StartTopBarAdapter: enableAnim = false
05-29 23:50:59.060  2022  2507 I MiuiNetworkPolicy: removeUidState uid = 10084
05-29 23:50:59.060  2022  2047 I NetworkBoostStatusManager: onUidGone uid: 10084
05-29 23:50:59.060  8947  8947 D CAM_DragLayout: setDragEnable mDragMode : false, mPromptMode : false,mBar : null,withAnim : false
05-29 23:50:59.060  8947  8947 D CAM_DragLayout: setState 3
05-29 23:50:59.060  2022  2946 I SLM-SRV-SLSAppLib: SLM_Ai_Mode EVENT_CHECK_GMAE_AI_MODE_STATUS
05-29 23:50:59.060  2022  2946 I SLM-SRV-SLSAppLib: SLM_Ai_Mode checkGameAiModeStatus mGameAiModeCloudControl:false mLinkTurboAiModeSwitch:false mGameAiModeInterfaceReady:false mGameStartBattle:false powerMgrGameUid:0
05-29 23:50:59.060  8047  8057 I IPCThreadState: oneway function results for code 3 on binder at 0xb400007a92b7b7a0 will be dropped but finished with status UNKNOWN_TRANSACTION
05-29 23:50:59.060  8947  8947 I CAM_ AdaptiveTv: init:  mMaxFontScale :1.25
05-29 23:50:59.061  8947  8947 D CAM_ModeSelectViewCV: [onCreateViewHolder] h&f
05-29 23:50:59.061  8947  8947 D CAM_ModeSelectViewCV: ModeSelectViewHolder: h&f
05-29 23:50:59.061  8947  8947 D CAM_ModeSelectViewCV: [onCreateViewHolder] h&f
05-29 23:50:59.061  8947  8947 D CAM_ModeSelectViewCV: ModeSelectViewHolder: h&f
05-29 23:50:59.063  1177  2587 I sensors-hal: ssc_conn_event_cb:489, event[0] sensor:step_detector  Wakeup msg_id=129, ts=208453738760
05-29 23:50:59.066  2022  9534 I BLASTSyncEngine: SyncGroup 361:  Unfinished container:ActivityRecord{614992e u0 com.android.camera/.OneShotCamera t498}
05-29 23:50:59.066  2022  9534 I BLASTSyncEngine: isActivitySyncFinished isSyncFinished false ActivityRecord{614992e u0 com.android.camera/.OneShotCamera t498}
05-29 23:50:59.066  2022  9534 I whetstone.activity: Power Event callback listener is empty for resId=32
05-29 23:50:59.066  2022  9534 D BatteryStatsManagerStub: notifyEvent for resId=32 used 0ms
05-29 23:50:59.067  2022  9534 I WindowManager: cancelAnimation removed leash : Surface(name=Surface(name=4e3545 NavigationBar0#99)/@0xfa571cb - animation-leash of insets_animation#4272)/@0xf64aac2
05-29 23:50:59.067 26895 26895 I adbd    : Remote process closed the socket (on MSG_PEEK)
05-29 23:50:59.067  2022  9534 I WindowManager: cancelAnimation removed leash : Surface(name=Surface(name=509c344 StatusBar#104)/@0xd5c1562 - animation-leash of insets_animation#4263)/@0x43d9bc5
05-29 23:50:59.068  1017  1017 I Zygote  : Process 29351 exited due to signal 9 (Killed)
05-29 23:50:59.068  2022  9534 D WindowManager: wms.Input focus has changed to Window{ba7fac0 u0 com.android.camera/com.android.camera.OneShotCamera} display=0 updateInputWindows = true
05-29 23:50:59.068  2022  9534 I MultiSenceManagerInternalStub: getInstance
05-29 23:50:59.068  2022  2072 D WindowManager: Set transition=TransitionRecord{9bebc48 id=361 type=OPEN flags=0x0}, ready=true, SyncId=361 
05-29 23:50:59.069  2022  2072 D WindowManager: Set transition=TransitionRecord{9bebc48 id=361 type=OPEN flags=0x0}, ready=true, SyncId=361 
05-29 23:50:59.070  1177  2587 I sensors-hal: ssc_conn_event_cb:489, event[0] sensor:step_detector  Wakeup msg_id=129, ts=208453906299
05-29 23:50:59.070  8947  8947 W libc    : Access denied finding property "vendor.display.enable_optimal_refresh_rate"
05-29 23:50:59.070  2022  2089 I libc    : kill: send 9 to pid -4437 real pid -4437
05-29 23:50:59.070  2022  9584 D ActivityManagerServiceImpl: Cleaning tablet split stack.
05-29 23:50:59.070  2022  2652 E ProcessManager: error write exception log
05-29 23:50:59.070  2022  2089 I libprocessgroup: Successfully killed process cgroup uid 10110 pid 4437 in 0ms
05-29 23:50:59.071  8947  8947 D CAM_InputDeviceManager: onResume: true
05-29 23:50:59.071  8947  8947 D CAM_InputDeviceManager: updateConnStatus: E.
05-29 23:50:59.071  8947  8947 D CAM_InputDeviceManager: updateConnStatus: X. cost: 0
05-29 23:50:59.071  2022  2089 I libc    : kill: send 9 to pid -14106 real pid -14106
05-29 23:50:59.071  2022  2089 I libprocessgroup: Successfully killed process cgroup uid 10172 pid 14106 in 0ms
05-29 23:50:59.071  2022  2089 I libc    : kill: send 9 to pid -12086 real pid -12086
05-29 23:50:59.071  2022  2089 I libprocessgroup: Successfully killed process cgroup uid 10173 pid 12086 in 0ms
05-29 23:50:59.071  2022  2089 I libc    : kill: send 9 to pid -9724 real pid -9724
05-29 23:50:59.071  8947  8947 D CAM_DragLayout: setDragEnable mDragMode : false, mPromptMode : false,mBar : null,withAnim : false
05-29 23:50:59.071  2022  2089 I libprocessgroup: Successfully killed process cgroup uid 10084 pid 9724 in 0ms
05-29 23:50:59.071  2022  2089 I libc    : kill: send 9 to pid -12229 real pid -12229
05-29 23:50:59.072  8947  8947 D CAM_ModeSelectViewCV: onScrolled: mInit = false, mIsTouched = false, mIsFlinging = false
05-29 23:50:59.072  2022  2089 I libprocessgroup: Successfully killed process cgroup uid 10138 pid 12229 in 0ms
05-29 23:50:59.072  8947  8947 D CAM_ModeSelectViewCV: onGlobalLayout mCurMode 163
05-29 23:50:59.072  2022  9584 W ActivityManager: Scheduling restart of crashed service com.google.android.apps.messaging/com.google.android.ims.service.JibeService in 1000ms for start-requested
05-29 23:50:59.072  8947  8947 D CAM_ModeSelectViewCV: moveToPosition select pos = 1, offset = 194, mode = 163
05-29 23:50:59.072  8947 28776 E OpenGLRenderer: Unable to match the desired swap behavior.
05-29 23:50:59.073  8047  8057 I IPCThreadState: oneway function results for code 3 on binder at 0xb400007a92b7b7a0 will be dropped but finished with status UNKNOWN_TRANSACTION
05-29 23:50:59.073  8696  9377 D UidObserver: onUidGone entry uid = 10140
05-29 23:50:59.073  8947  8947 D CAM_FragmentBottomAction: ThumbnailGlobalRect: Rect(1556, 1842 - 1658, 1944)
05-29 23:50:59.073  2022  2047 D DisplayManagerService: Drop pending events for gone uid 10140
05-29 23:50:59.073  1177  2587 I sensors-hal: ssc_conn_event_cb:489, event[0] sensor:step_detector  Wakeup msg_id=129, ts=208453968965
05-29 23:50:59.074  2022  2047 I NetworkBoostStatusManager: onUidGone uid: 10140
05-29 23:50:59.074  2022  2507 I MiuiNetworkPolicy: removeUidState uid = 10140
05-29 23:50:59.074  8947  8947 D VRI[OneShotCamera]: vri.reportNextDraw android.view.ViewRootImpl.performTraversals:4411 android.view.ViewRootImpl.doTraversal:3040 android.view.ViewRootImpl$TraversalRunnable.run:10429 android.view.Choreographer$CallbackRecord.run:1654 android.view.Choreographer$CallbackRecord.run:1663 
05-29 23:50:59.074  8947  8947 D SurfaceView: UPDATE null, mIsCastMode = false
05-29 23:50:59.074  2022  2946 I SLM-SRV-SLSAppLib: SLM_Ai_Mode EVENT_CHECK_GMAE_AI_MODE_STATUS
05-29 23:50:59.074  2022  2946 I SLM-SRV-SLSAppLib: SLM_Ai_Mode checkGameAiModeStatus mGameAiModeCloudControl:false mLinkTurboAiModeSwitch:false mGameAiModeInterfaceReady:false mGameStartBattle:false powerMgrGameUid:0
05-29 23:50:59.075  8947  8947 W libc    : Access denied finding property "vendor.display.enable_optimal_refresh_rate"
05-29 23:50:59.075  8947  8947 I CAM_PerformanceManager: [P_PERFORM]: Action: 5.1:surfaceViewCreate_163_1 takes 150 ms
05-29 23:50:59.075  8947  8947 D CAM_CRE_PreviewRenderEngine: onSurfaceCreated start
05-29 23:50:59.076  8947  8947 D CAM_CRE_PreviewRenderEngine: onSurfaceCreated end
05-29 23:50:59.076  8947 29776 D CAM_CRE_PreviewRenderEngine: onSurfaceCreated start on gl thread
05-29 23:50:59.076  8947  8947 D CAM_Camera@130702517:  surfaceChanged format = 4 width = 1800 height = 2880
05-29 23:50:59.076  8947 29776 D CAM_CRE_PreviewRenderEngine: Create camera surface texture:android.graphics.SurfaceTexture@e8ad447 timestamp:1780109458944
05-29 23:50:59.076  8947  8947 D CAM_CRE_PreviewRenderEngine: onSurfaceChanged start
05-29 23:50:59.076  8947 29776 D CAM_ActivityBase: updateSurfaceState: 4
05-29 23:50:59.076  8947  8947 D CAM_CRE_PreviewRenderEngine: onSurfaceChanged end
05-29 23:50:59.076  8947 29776 D CAM_Camera2OpenOnSubScribe: onGlSurfaceCreated: mSingleEmitter = true
05-29 23:50:59.076  8947 29776 D CAM_Camera2OpenOnSubScribe: onGlSurfaceCreated: mSingleEmitter already disposed
05-29 23:50:59.076  8947 29776 V CAM_BaseModule: checkDisplayOrientation: 0 | 90
05-29 23:50:59.076  8947 29776 V CAM_FaceView: mCameraDisplayOrientation=90
05-29 23:50:59.076  8947 29776 D CAM_CameraSizeManager: setVideoSize 1080x1440
05-29 23:50:59.077  8947  8947 D VRI[OneShotCamera]: vri.Setup new sync=wmsSync-VRI[OneShotCamera]#11
05-29 23:50:59.077  8947  8947 D SurfaceView: UPDATE Surface(name=SurfaceView[com.android.camera/com.android.camera.OneShotCamera]#4279)/@0x4662c93, mIsProjectionMode = false
05-29 23:50:59.077  1165 29798 E CHIUSECASE: [Eeee] AvailableNodes=ffffff, CurrentNodeType=1000
05-29 23:50:59.078  1177  2587 I sensors-hal: ssc_conn_event_cb:489, event[0] sensor:step_detector  Wakeup msg_id=129, ts=208454062396
05-29 23:50:59.078  8947 29776 D CAM_t   : updateCameraScreenNailSize: 1440x1080
05-29 23:50:59.078  8947 29776 D CAM_CRE_PreviewRenderEngine: setPreviewSize oldSize:1440x1080 newSize:1440x1080
05-29 23:50:59.078  3017  3017 D QS      : setExpanded false
05-29 23:50:59.078  8947 29776 D CAM_Camera2Module: updatePreviewSurface: surfaceTexture = android.graphics.SurfaceTexture@e8ad447
05-29 23:50:59.078  8947 29776 W libc    : Access denied finding property "vendor.display.enable_optimal_refresh_rate"
05-29 23:50:59.078  8947 29776 D CAM_MiCamera2: E: updateDeferPreviewSession
05-29 23:50:59.078  8947 29776 D CAM_MiCamera2: X: updateDeferPreviewSession: it is no need to update
05-29 23:50:59.078  8947 29776 D CAM_StateListenerV2: onSurfaceCreated
05-29 23:50:59.078  8947 29776 D CAM_CRE_PreviewRenderEngine: onSurfaceCreated end on gl thread
05-29 23:50:59.078  8947 29776 D CAM_CRE_PreviewRenderer: addPreviewSurface surface=Surface(name=null)/@0xfc49fce width=1800 height=2880
05-29 23:50:59.078  8947 29776 D CAM_CRE_PreviewRenderEngine: onSurfaceChanged start on gl thread
05-29 23:50:59.078  8947 29776 D CAM_CRE_PreviewRenderer: getWindowSurface start, updated=true
05-29 23:50:59.079  8947 29776 D CAM_CRE_PreviewRenderer: getWindowSurface surface:Surface(name=null)/@0xfc49fce, colorspace: DISPLAY_P3_PASSTHROUGH
05-29 23:50:59.079  8947 29776 D CAM_CRE_PreviewRenderer: getEglWindowSurfaceAttributes: WCG
05-29 23:50:59.079  8947 29776 D CAM_CRE_EglWindowSurface: EglWindowSurface init start
05-29 23:50:59.079  3081  3081 D TouchInteractionService: onSystemUiFlagsChanged, mSystemUiStateFlags=10000000
05-29 23:50:59.081  2022  2072 I BLASTSyncEngine: SyncGroup 361:  Unfinished container:ActivityRecord{614992e u0 com.android.camera/.OneShotCamera t498}
05-29 23:50:59.081  2022  2072 I BLASTSyncEngine: isActivitySyncFinished isSyncFinished false ActivityRecord{614992e u0 com.android.camera/.OneShotCamera t498}
05-29 23:50:59.082  8947 28776 D OpenGLRenderer: makeCurrent grContext:0xb400007b0b21ed40 reset mTextureAvailable
05-29 23:50:59.082  2022  2072 D WindowManager: Set transition=TransitionRecord{9bebc48 id=361 type=OPEN flags=0x0}, ready=true, SyncId=361 
05-29 23:50:59.082  2022  2072 D WindowManager: Set transition=TransitionRecord{9bebc48 id=361 type=OPEN flags=0x0}, ready=true, SyncId=361 
05-29 23:50:59.084  2022  2073 I BLASTSyncEngine: SyncGroup 361:  Unfinished container:ActivityRecord{614992e u0 com.android.camera/.OneShotCamera t498}
05-29 23:50:59.084  2022  2073 I BLASTSyncEngine: isActivitySyncFinished isSyncFinished false ActivityRecord{614992e u0 com.android.camera/.OneShotCamera t498}
05-29 23:50:59.084  3017  3243 D MiuiFreeformModeController: avoidForInsetsBottomChangedIfNeed oldMoveableBottom: 2762 newMoveableBounds: 2762
05-29 23:50:59.085  8947 29776 D CAM_CRE_EglCore: createWindowSurfaceInner -5476376617814665856
05-29 23:50:59.085  8947 29776 D CAM_CRE_EglWindowSurface: EglWindowSurface init end
05-29 23:50:59.085  8947 29776 D CAM_CRE_PreviewRenderer: getWindowSurface end, cost=7
05-29 23:50:59.085  8947 29776 D CAM_CRE_PreviewRenderEngine: initWindowSurface: EglSurfaceInfo: eglCore =Current EGL: display = android.opengl.EGLDisplay@9ae6d80a; context = android.opengl.EGLContext@48603089; surface = android.opengl.EGLSurface@48603209; eglSurface = android.opengl.EGLSurface@ad855909; width = -1; height =-1
05-29 23:50:59.085  8947 29776 D CAM_CRE_ShaderManager: createProgram type : 3
05-29 23:50:59.085  8947 29776 D CAM_CRE_ShaderManager: ExistProgramCache in map , type : 3
05-29 23:50:59.085  1165 29798 I CVP     : File: vendor/qcom/proprietary/cv-noship/cvp/2.0/src/cpu/platform/android/cvpSession.cpp Line: 173 Function: cvpGetDebugEnable() Msg:  CVP Debug Logs Disabled 
05-29 23:50:59.085  8947 29776 D CAM_CRE_MIGL: create Program id : 6
05-29 23:50:59.085  8947 29776 D CAM_CRE_ShaderManager:  getProgramFromCache type : 3 Link program success size = 17280 format = 34624  programID : 6
05-29 23:50:59.085  8947 29776 D CAM_CRE_ShaderManager: addProgramBinaryFromCache  type : 3
05-29 23:50:59.086  8947 29776 D CAM_CRE_ShaderManager: createProgram type : 19
05-29 23:50:59.086  8947 29776 D CAM_CRE_ShaderManager: ExistProgramCache in map , type : 19
05-29 23:50:59.086  8947 29776 D CAM_CRE_MIGL: create Program id : 7
05-29 23:50:59.086  8947 29776 D CAM_CRE_ShaderManager:  getProgramFromCache type : 19 Link program success size = 12148 format = 34624  programID : 7
05-29 23:50:59.086  8947 29776 D CAM_CRE_ShaderManager: addProgramBinaryFromCache  type : 19
05-29 23:50:59.086  8947 29776 D CAM_CRE_ShaderManager: createProgram type : 20
05-29 23:50:59.086  8947 29776 D CAM_CRE_ShaderManager: ExistProgramCache in map , type : 20
05-29 23:50:59.087  8947  8947 D VRI[OneShotCamera]: vri.reportDrawFinished
05-29 23:50:59.087  8947 29776 D CAM_CRE_MIGL: create Program id : 8
05-29 23:50:59.087  8947 29776 D CAM_CRE_ShaderManager:  getProgramFromCache type : 20 Link program success size = 12924 format = 34624  programID : 8
05-29 23:50:59.087  8947 29776 D CAM_CRE_ShaderManager: addProgramBinaryFromCache  type : 20
05-29 23:50:59.087  8947 29776 D CAM_CRE_ShaderManager: createProgram type : 21
05-29 23:50:59.087  8947 29776 D CAM_CRE_ShaderManager: ExistProgramCache in map , type : 21
05-29 23:50:59.087  2022  9584 D WindowManager: wms.finishDrawingLocked: mDrawState=COMMIT_DRAW_PENDING Window{ba7fac0 u0 com.android.camera/com.android.camera.OneShotCamera} in Surface(name=com.android.camera/com.android.camera.OneShotCamera#4275)/@0x27202ec
05-29 23:50:59.087  8947 29776 D CAM_CRE_MIGL: create Program id : 9
05-29 23:50:59.087  8947 29776 D CAM_CRE_ShaderManager:  getProgramFromCache type : 21 Link program success size = 13796 format = 34624  programID : 9
05-29 23:50:59.087  8947 29776 D CAM_CRE_ShaderManager: addProgramBinaryFromCache  type : 21
05-29 23:50:59.087  8947 29776 D CAM_CRE_ShaderManager: createProgram type : 22
05-29 23:50:59.087  8947 29776 D CAM_CRE_ShaderManager: ExistProgramCache in map , type : 22
05-29 23:50:59.088  8947  8947 D CAM_ActivityBase: onCameraUnavailable: 0
05-29 23:50:59.088  8947  8947 D CAM_ActivityBase: onCameraAvailable: 1
05-29 23:50:59.088  8947  8947 D CAM_ActivityBase: onCameraAvailable: 2
05-29 23:50:59.088  8947  8947 D CAM_ActivityBase: onCameraAvailable: 3
05-29 23:50:59.088  8947 29776 D CAM_CRE_MIGL: create Program id : 10
05-29 23:50:59.088  8947 29776 D CAM_CRE_ShaderManager:  getProgramFromCache type : 22 Link program success size = 12708 format = 34624  programID : 10
05-29 23:50:59.088  8947 29776 D CAM_CRE_ShaderManager: addProgramBinaryFromCache  type : 22
05-29 23:50:59.088  8947 29776 D CAM_CRE_ShaderManager: createProgram type : 9
05-29 23:50:59.088  8947 29776 D CAM_CRE_ShaderManager: ExistProgramCache in map , type : 9
05-29 23:50:59.088  8947 28789 V CAM_CameraConfigManager: setDeviceOrientation: 0
05-29 23:50:59.088  8947  8947 I ActivityThread: Removing dead content provider:android.content.ContentProviderProxy@8eeada
05-29 23:50:59.088  8947  8947 D CAM_Camera@130702517: showGuide = 163  isCtsCall = false
05-29 23:50:59.088  8947  8947 I CAM_PermissionManager: getNeedCheckPermissionList() listSize =0
05-29 23:50:59.088  8947  8947 I CAM_PermissionManager: checkCameraLaunchPermissions(), all on
05-29 23:50:59.088  8947  8947 V CAM_BaseModule: onPreviewLayoutChanged: Rect(0, 240 - 1800, 2640)
05-29 23:50:59.088  8947  8947 D CAM_CRE_PreviewRenderEngine: setFixedSurfaceView:true
05-29 23:50:59.088  8947  8947 D CAM_CRE_PreviewRenderEngine: setPreviewDisplayArea:Rect(0, 240 - 1800, 2640)
05-29 23:50:59.088  8947  8947 D CAM_STScreenNail: setDisplayArea Rect(0, 240 - 1800, 2640)
05-29 23:50:59.088  8947  8947 D CAM_CameraScreenNail: setPreviewFrameLayoutSize: 1800x2400
05-29 23:50:59.088  8947  8947 V CAM_STScreenNail: updateReadPixelsSize: 720x960
05-29 23:50:59.089  8947  8947 E CAM_FocusManagerAbstract: setRenderSize: 1800 | 2400
05-29 23:50:59.089  8947  8947 D CAM_FocusManager: setPreviewSize: 1800x2400
05-29 23:50:59.089  8947  8947 D CAM_DragLayout: mTotalDragDistance 920.0
05-29 23:50:59.089  8947  8947 D CAM_FragmentModeSelector: switchMoreMode open: true, style: 0, mCurrentMode: 163
05-29 23:50:59.089  8947  8947 D CAM_DragLayout: disableAllMode
05-29 23:50:59.089  8947  8947 D CAM_DragLayout: setDragEnable mDragMode : false, enable false, force : false
05-29 23:50:59.089  8947  8947 D CAM_ModeSelectViewCV: updateSelectedItem 163
05-29 23:50:59.089  8947  8947 D CAM_FragmentMainTopBar: notifyDataChanged currentMode = 163
05-29 23:50:59.089  8947  8947 D CAM_FragmentMainTopBar: updateConfigItem configItem = 206
05-29 23:50:59.089  8947  8947 D CAM_FragmentMainTopBar: updateConfigItem configItem = 201
05-29 23:50:59.089  8947  8947 D CAM_FragmentMainTopBar: updateConfigItem configItem = 207
05-29 23:50:59.089  8947  8947 D CAM_FragmentMainTopBar: updateConfigItem configItem = 194
05-29 23:50:59.089  8947  8947 D CAM_FragmentMainTopBar: updateConfigItem configItem = 205
05-29 23:50:59.089  8947  8947 D CAM_FragmentMainTopBar: updateConfigItem configItem = 193
05-29 23:50:59.089  8947  8947 D CAM_StartTopBarAdapter: notifyTopBarItemChanged: 193
05-29 23:50:59.089  8947  8947 D CAM_StartTopBarAdapter: changeIndex: 0
05-29 23:50:59.090  8947  8947 D CAM_StartTopBarAdapter: applyChange:193
05-29 23:50:59.090  8947 29776 D CAM_CRE_MIGL: create Program id : 11
05-29 23:50:59.090  8947  8947 D CAM_FragmentBottomPopupTips: updateTipImage mCustomRoot is null : false
05-29 23:50:59.090  8947 29776 D CAM_CRE_ShaderManager:  getProgramFromCache type : 9 Link program success size = 13612 format = 34624  programID : 11
05-29 23:50:59.090  8947 29776 D CAM_CRE_ShaderManager: addProgramBinaryFromCache  type : 9
05-29 23:50:59.090  8947 29776 D CAM_CRE_ShaderManager: createProgram type : 11
05-29 23:50:59.090  8947 29776 D CAM_CRE_ShaderManager: ExistProgramCache in map , type : 11
05-29 23:50:59.090  8947  8947 D CAM_CameraCapabilities: isRemoveNevusDefined request : false
05-29 23:50:59.090  8947  8947 D CAM_CameraCapabilities: isRemoveNevusDefined request : false
05-29 23:50:59.090  8947  8947 D CAM_FragmentBottomPopupTips: cancelUpdateTipImage 
05-29 23:50:59.090  2022  2073 I SmartPower: com.android.camera/10139(8947): invisible->visible(208ms) R(become visible) adj=0.
05-29 23:50:59.091  8947 29776 D CAM_CRE_MIGL: create Program id : 12
05-29 23:50:59.091  8947 29776 D CAM_CRE_ShaderManager:  getProgramFromCache type : 11 Link program success size = 16004 format = 34624  programID : 12
05-29 23:50:59.091  8947 29776 D CAM_CRE_ShaderManager: addProgramBinaryFromCache  type : 11
05-29 23:50:59.091  8947 29776 D CAM_CRE_ShaderManager: createProgram type : 13
05-29 23:50:59.091  8947 29776 D CAM_CRE_ShaderManager: ExistProgramCache in map , type : 13
05-29 23:50:59.091  2022  2073 I WindowManager: wms.showSurfaceRobustly mWin:Window{ba7fac0 u0 com.android.camera/com.android.camera.OneShotCamera}
05-29 23:50:59.091  2022  2073 D WindowManager: Final targets: [ActivityRecord{614992e u0 com.android.camera/.OneShotCamera t498}, ActivityRecord{9526a5b u0 com.hamvit.mobile/.MainActivity t498}]
05-29 23:50:59.092  8696  9390 D ElementListener: on smart scenario changed to 99
05-29 23:50:59.092  2022  2073 D WindowManager: Calling onTransitionReady info={id=361 t=OPEN f=0x0 trk=0 r=[0@Point(0, 0)] c=[{null m=OPEN f=FILLS_TASK leash=Surface(name=ActivityRecord{614992e u0 com.android.camera/.OneShotCamera t498}#4273)/@0xf883d65 sb=Rect(0, 0 - 0, 0) eb=Rect(0, 0 - 1800, 2880) d=-1->0 r=-1->0:-1 windowMode=0->1},{null m=TO_BACK f=FILLS_TASK leash=Surface(name=ActivityRecord{9526a5b u0 com.hamvit.mobile/.MainActivity t498}#4067)/@0xfc35137 sb=Rect(0, 0 - 1800, 2880) eb=Rect(0, 0 - 1800, 2880) d=0}] noAni=[false] df=[false] mk=[false] nc=[0]}, mToken=Token{817c384 TransitionRecord{9bebc48 id=361 type=OPEN flags=0x0}}
05-29 23:50:59.092  8947 29776 D CAM_CRE_MIGL: create Program id : 13
05-29 23:50:59.092  8947 29776 D CAM_CRE_ShaderManager:  getProgramFromCache type : 13 Link program success size = 16260 format = 34624  programID : 13
05-29 23:50:59.092  8947 29776 D CAM_CRE_ShaderManager: addProgramBinaryFromCache  type : 13
05-29 23:50:59.092  8947 29776 D CAM_CRE_ShaderManager: createProgram type : 10
05-29 23:50:59.092  8947 29776 D CAM_CRE_ShaderManager: ExistProgramCache in map , type : 10
05-29 23:50:59.093  8947 29776 D CAM_CRE_MIGL: create Program id : 14
05-29 23:50:59.093  2022  2073 I BLASTSyncEngine: finishNow: after onTransactionReady, mSyncId=361
05-29 23:50:59.093  8947 29776 D CAM_CRE_ShaderManager:  getProgramFromCache type : 10 Link program success size = 13832 format = 34624  programID : 14
05-29 23:50:59.093  8947 29776 D CAM_CRE_ShaderManager: addProgramBinaryFromCache  type : 10
05-29 23:50:59.093  8947 29776 D CAM_CRE_ShaderManager: createProgram type : 12
05-29 23:50:59.093  8947 29776 D CAM_CRE_ShaderManager: ExistProgramCache in map , type : 12
05-29 23:50:59.093  8947 29776 D CAM_CRE_MIGL: create Program id : 15
05-29 23:50:59.093  8947 29776 D CAM_CRE_ShaderManager:  getProgramFromCache type : 12 Link program success size = 15668 format = 34624  programID : 15
05-29 23:50:59.093  8947 29776 D CAM_CRE_ShaderManager: addProgramBinaryFromCache  type : 12
05-29 23:50:59.093  8947 29776 D CAM_CRE_ShaderManager: createProgram type : 14
05-29 23:50:59.093  8947 29776 D CAM_CRE_ShaderManager: ExistProgramCache in map , type : 14
05-29 23:50:59.094  8947 29776 D CAM_CRE_MIGL: create Program id : 16
05-29 23:50:59.094  8947 29776 D CAM_CRE_ShaderManager:  getProgramFromCache type : 14 Link program success size = 15932 format = 34624  programID : 16
05-29 23:50:59.094  8947 29776 D CAM_CRE_ShaderManager: addProgramBinaryFromCache  type : 14
05-29 23:50:59.094  8947 29776 D CAM_CRE_ShaderManager: createProgram type : 3
05-29 23:50:59.094  8947 29776 D CAM_CRE_ShaderManager: ExistProgramCache in map , type : 3
05-29 23:50:59.095  8947 29776 D CAM_CRE_MIGL: create Program id : 17
05-29 23:50:59.095  8947 29776 D CAM_CRE_ShaderManager:  getProgramFromCache type : 3 Link program success size = 17280 format = 34624  programID : 17
05-29 23:50:59.095  8947 29776 D CAM_CRE_ShaderManager: addProgramBinaryFromCache  type : 3
05-29 23:50:59.095  8947 29776 D CAM_CRE_PreviewRenderEngine: Create camera surface texture:android.graphics.SurfaceTexture@e8ad447 timestamp:1780109458944
05-29 23:50:59.095  1345  1345 W Layer   : gatherBufferInfo: Received unknown dataspace from gralloc
05-29 23:50:59.095  1165 29817 I android.hardware.camera.provider@2.4-service_64: vendor/qcom/proprietary/adsprpc/src/fastrpc_apps_user.c:1383: remote_handle64_open: Successfully opened handle 0xfba01e10 for file:///libmialgo_rfs_cdsp_skel.so?mialgo_rfs_cdsp_skel_handle_invoke&_modver=1.0&_dom=cdsp on domain 3
05-29 23:50:59.095  8947 29776 D CAM_ActivityBase: updateSurfaceState: 4
05-29 23:50:59.095  8947 29776 D CAM_Camera2OpenOnSubScribe: onGlSurfaceCreated: mSingleEmitter = true
05-29 23:50:59.095  8947 29776 D CAM_Camera2OpenOnSubScribe: onGlSurfaceCreated: mSingleEmitter already disposed
05-29 23:50:59.095  2022  2676 I DisplayModeDirectorImpl: setSmartDisplayUpRefreshRatePolicy [0.0,144.0]
05-29 23:50:59.096  2022  2072 D DisplayModeDirectorImpl: use smart display refresh rate policy
05-29 23:50:59.096  2022  2072 I DisplayModeDirectorImpl: onDesiredDisplayModeSpecsChanged:baseModeId=2 allowGroupSwitching=false primary=physical: (0.0 Infinity) render:  (0.0 144.0) appRequest=physical: (0.0 Infinity) render:  (0.0 144.0) noVotes=false
05-29 23:50:59.097  8947 29776 V CAM_BaseModule: checkDisplayOrientation: 0 | 90
05-29 23:50:59.097  8947 29776 V CAM_FaceView: mCameraDisplayOrientation=90
05-29 23:50:59.097  8947 29776 D CAM_CameraSizeManager: setVideoSize 1080x1440
05-29 23:50:59.097  8947 29776 D CAM_t   : updateCameraScreenNailSize: 1440x1080
05-29 23:50:59.097  8947 29776 D CAM_CRE_PreviewRenderEngine: setPreviewSize oldSize:1440x1080 newSize:1440x1080
05-29 23:50:59.097  8947 29776 V CAM_STScreenNail: updateReadPixelsSize: 720x960
05-29 23:50:59.098  8947 29776 D CAM_Camera2Module: updatePreviewSurface: surfaceTexture = android.graphics.SurfaceTexture@e8ad447
05-29 23:50:59.098  8947 29776 W libc    : Access denied finding property "vendor.display.enable_optimal_refresh_rate"
05-29 23:50:59.098  8947 29776 D CAM_MiCamera2: E: updateDeferPreviewSession
05-29 23:50:59.098  8947 29776 D CAM_MiCamera2: X: updateDeferPreviewSession: it is no need to update
05-29 23:50:59.098  1017  1017 I Zygote  : Process 12229 exited due to signal 9 (Killed)
05-29 23:50:59.098  8947 29776 D CAM_CRE_MIGL: ShaderUtil glCreateProgram: 20
05-29 23:50:59.099  8904  9349 W MIUISafety-Flares: setStatus hideLevel:0,showLevel:3
05-29 23:50:59.099  8904  9349 W MIUISafety-Flares: setStatus event:1,content:Câmera,type:1-0-0-0
05-29 23:50:59.099  3017  3243 D MiuiFreeformAnimation:  onTransitionReady  transition= android.os.BinderProxy@878b9dd transitionInfo: {id=361 t=OPEN f=0x0 trk=0 r=[0@Point(0, 0)] c=[{null m=OPEN f=FILLS_TASK leash=Surface(name=ActivityRecord{614992e u0 com.android.camera/.OneShotCamera t498}#4273)/@0x9b2089e sb=Rect(0, 0 - 0, 0) eb=Rect(0, 0 - 1800, 2880) d=-1->0 r=-1->0:-1 windowMode=0->1},{null m=TO_BACK f=FILLS_TASK leash=Surface(name=ActivityRecord{9526a5b u0 com.hamvit.mobile/.MainActivity t498}#4067)/@0x7a1ff7f sb=Rect(0, 0 - 1800, 2880) eb=Rect(0, 0 - 1800, 2880) d=0}] noAni=[false] df=[false] mk=[false] nc=[0]}
05-29 23:50:59.099  3017  3727 D CommandQueue: setStatus: setStatus: what = 1, action = action_control_center_update_prompt, ext = Bundle[mParcelledData.dataSize=232][key_prompt_type = [I@55e4795[key_prompt_controlCenterDotColor = -13184665[key_prompt_contentDescription = Câmera
05-29 23:50:59.099  2022  2652 E ProcessManager: error write exception log
05-29 23:50:59.100  3017  3727 D CommandQueue: setStatus: setStatus: what = 1, action = action_update_prompt, ext = Bundle[mParcelledData.dataSize=7280][key_status_bar_home_state = android.widget.RemoteViews@53210aa[key_status_bar_mini_state = android.widget.RemoteViews@4e1149b[key_prompt_pending = PendingIntent{2ff3038: android.os.BinderProxy@aa8c811}[key_status_bar_priority = 1[key_fullscreen_dot_visibility = 0[key_dot_color = -13184665
05-29 23:50:59.100  8947 29776 D CAM_CRE_MIGL: ShaderUtil glDeleteShader: 18
05-29 23:50:59.100  8947 29776 D CAM_CRE_MIGL: ShaderUtil glDeleteShader: 19
05-29 23:50:59.101  8947 29776 D CAM_CRE_MIGL: ShaderUtil glCreateProgram: 23
05-29 23:50:59.101  2022  9584 D ActivityManagerServiceImpl: Cleaning tablet split stack.
05-29 23:50:59.101  9423  9486 I HeavyPackageIdentify: splitMode: false, splitPackages: null, foregroundPkg: com.android.camera
05-29 23:50:59.101  8047  8057 I IPCThreadState: oneway function results for code 3 on binder at 0xb400007a92b7b7a0 will be dropped but finished with status UNKNOWN_TRANSACTION
05-29 23:50:59.102  9423  9486 I HeavyPackageIdentify: sendBroadCast, overloadStatus: 1
05-29 23:50:59.102  9423  9486 W ContextImpl: Calling a method in the system process without a qualified user: android.app.ContextImpl.sendBroadcast:1231 android.content.ContextWrapper.sendBroadcast:515 com.xiaomi.joyose.smartop.gamebooster.scenerecognize.b.m:45 com.xiaomi.joyose.smartop.gamebooster.scenerecognize.b.f:0 com.xiaomi.joyose.smartop.gamebooster.scenerecognize.b$a.handleMessage:172 
05-29 23:50:59.103  3017  3243 D MiuiFreeformAnimation: startAnimation change: {null m=OPEN f=FILLS_TASK leash=Surface(name=ActivityRecord{614992e u0 com.android.camera/.OneShotCamera t498}#4273)/@0x9b2089e sb=Rect(0, 0 - 0, 0) eb=Rect(0, 0 - 1800, 2880) d=-1->0 r=-1->0:-1 windowMode=0->1} info.getType(): 1
05-29 23:50:59.103  3017  3243 D MiuiFreeformAnimation: startAnimation change: {null m=TO_BACK f=FILLS_TASK leash=Surface(name=ActivityRecord{9526a5b u0 com.hamvit.mobile/.MainActivity t498}#4067)/@0x7a1ff7f sb=Rect(0, 0 - 1800, 2880) eb=Rect(0, 0 - 1800, 2880) d=0} info.getType(): 1
05-29 23:50:59.103  3017  3243 W MiuiTaskTransitionHandler: Receive an unknown transition, token=android.os.BinderProxy@878b9dd, type=1
05-29 23:50:59.104  8947 29776 D CAM_CRE_MIGL: ShaderUtil glDeleteShader: 21
05-29 23:50:59.104  8947 29776 D CAM_CRE_MIGL: ShaderUtil glDeleteShader: 22
05-29 23:50:59.104  3017  3243 D TransitionAnimationHelper:  overrideType == ANIM_FROM_STYLE 
05-29 23:50:59.104  3017  3243 D TransitionAnimationHelper:  load animation:  type = 1 enter = false animAttr = 5 isTask = false translucent = false
05-29 23:50:59.104  8947 29776 D CAM_CRE_MIGL: ShaderUtil glCreateProgram: 26
05-29 23:50:59.104  8947 29776 D CAM_CRE_MIGL: ShaderUtil glDeleteShader: 24
05-29 23:50:59.104  8947 29776 D CAM_CRE_MIGL: ShaderUtil glDeleteShader: 25
05-29 23:50:59.104  8947 29776 D CAM_StateListenerV2: onSurfaceChanged width:1800 height:2880
05-29 23:50:59.104  8947 29776 D CAM_CRE_PreviewRenderEngine: onSurfaceChanged end on gl thread
05-29 23:50:59.104  8947 29776 D CAM_CRE_PreviewRenderer: setFixedSurfaceView:true
05-29 23:50:59.104  8947 29776 D CAM_CRE_PreviewRenderer: setPreviewAreaParams Rect(0, 240 - 1800, 2640)
05-29 23:50:59.105  8947  8947 D CAM_FragmentBottomPopupTips: toggleSoftLightTip: visible=false
05-29 23:50:59.105  3017  3243 D TransitionAnimationHelper:  overrideType == ANIM_FROM_STYLE 
05-29 23:50:59.105  3017  3243 D TransitionAnimationHelper:  load animation:  type = 1 enter = true animAttr = 4 isTask = false translucent = false
05-29 23:50:59.105  8947  8947 D CAM_AbstractFragment: baseUpdateView : FragmentReferenceLine, added : true, display mode : 1
05-29 23:50:59.105  8947  8947 I CAM_PerformanceManager: [P_PERFORM]: Action: A6:switch_ui_setup_163_0 takes 17 ms
05-29 23:50:59.105  8947  8947 D CAM_CRE_PreviewRenderEngine: resetFrameAvailableFlag() called
05-29 23:50:59.105  8947 29776 D CAM_CRE_PreviewRenderEngine: resetFrameAvailableFlag() called on gl thread
05-29 23:50:59.106  8947  8947 D AlgoImagePool: trimPoolBuffer: E
05-29 23:50:59.106  8947  8947 D BQ_3264x2448_35: discardFreeBuffers
05-29 23:50:59.106  8947  8947 D AlgoImagePool: trimPoolBuffer: X
05-29 23:50:59.106  8947  8947 D HalImagePool: trimPoolBuffer: E
05-29 23:50:59.106  8947  8947 D BQ_3264x2448_35: discardFreeBuffers
05-29 23:50:59.106  2022  2047 I ActivityTaskManager: Displayed com.android.camera/.OneShotCamera for user 0: +211ms
05-29 23:50:59.106  8947  8947 D HalImagePool: trimPoolBuffer: X
05-29 23:50:59.106  8947  8947 I CAM_Qigsaw: init currentProcessName = com.android.camera
05-29 23:50:59.106  8947  8947 D CAM_FML : init: split attach cost 0ms
05-29 23:50:59.106  8947  8947 D CAM_SplitInstallSupervisor: No splits need to uninstall!
05-29 23:50:59.106  8947  8947 I CAM_SplitLoadManager: Split mimojifu will work in process com.android.camera, but it is not installed
05-29 23:50:59.106  8947  8947 I CAM_SplitLoadManager: Split mimojifu2 will work in process com.android.camera, but it is not installed
05-29 23:50:59.106  8947  8947 I CAM_SplitLoadManager: Split milive will work in process com.android.camera, but it is not installed
05-29 23:50:59.107  8947  8947 I CAM_SplitLoadManager: Split panorama will work in process com.android.camera, but it is not installed
05-29 23:50:59.107  8947  8947 I CAM_SplitLoadManager: Split ambilight will work in process com.android.camera, but it is not installed
05-29 23:50:59.107  8947  8947 I CAM_SplitLoadManager: Split mimojias will work in process com.android.camera, but it is not installed
05-29 23:50:59.107  8947  8947 I CAM_SplitLoadManager: Split vlog2 will work in process com.android.camera, but it is not installed
05-29 23:50:59.107  8947  8947 I CAM_SplitLoadManager: Split videosky will work in process com.android.camera, but it is not installed
05-29 23:50:59.107  8947  8947 I CAM_SplitLoadManager: Split clone will work in process com.android.camera, but it is not installed
05-29 23:50:59.108  3017  3405 D ShellTransitions: speed ui!!!!!!!!!!!
05-29 23:50:59.108  8947  8947 I CAM_SplitLoadManager: Split movielens will work in process com.android.camera, but it is not installed
05-29 23:50:59.108  8947  8947 W CAM_SplitLoadManager: There are no installed splits!
05-29 23:50:59.108  8696  9377 D UidObserver: onUidGone entry uid = 10138
05-29 23:50:59.109  2022  2047 D DisplayManagerService: Drop pending events for gone uid 10138
05-29 23:50:59.109  2022  2047 I NetworkBoostStatusManager: onUidGone uid: 10138
05-29 23:50:59.109  2022  2946 I SLM-SRV-SLSAppLib: SLM_Ai_Mode EVENT_CHECK_GMAE_AI_MODE_STATUS
05-29 23:50:59.109  2022  2946 I SLM-SRV-SLSAppLib: SLM_Ai_Mode checkGameAiModeStatus mGameAiModeCloudControl:false mLinkTurboAiModeSwitch:false mGameAiModeInterfaceReady:false mGameStartBattle:false powerMgrGameUid:0
05-29 23:50:59.109  2022  2507 I MiuiNetworkPolicy: removeUidState uid = 10138
05-29 23:50:59.110  1165 29798 I CVP     : File: vendor/qcom/proprietary/cv-noship/cvp/2.0/src/cpu/cvpPower.cpp Line: 621 Function: cvpEstimatePowerDme() Msg: DME Voting
05-29 23:50:59.110  1165 29798 I CVP     : File: vendor/qcom/proprietary/cv-noship/cvp/2.0/src/cpu/cvpPower.cpp Line: 1573 Function: cvpAggreatePower() Msg: After aggregation
05-29 23:50:59.110  1165 29798 I CVP     : File: vendor/qcom/proprietary/cv-noship/cvp/2.0/src/cpu/cvpPower.cpp Line: 85 Function: cvpPrintPower() Msg: Actual      Clock: Fdu 18003600, Ica 2703360, Od 0, Mpu 0, Fw 50400000
05-29 23:50:59.110  1165 29798 I CVP     : File: vendor/qcom/proprietary/cv-noship/cvp/2.0/src/cpu/cvpPower.cpp Line: 89 Function: cvpPrintPower() Msg: Operational Clock: Fdu 18003600, Ica 2703360, Od 0, Mpu 0, Fw 50400000
05-29 23:50:59.110  1165 29798 I CVP     : File: vendor/qcom/proprietary/cv-noship/cvp/2.0/src/cpu/cvpPower.cpp Line: 91 Function: cvpPrintPower() Msg: Actual     Bw: Ddr 72464940, SysCache 0
05-29 23:50:59.110  1165 29798 I CVP     : File: vendor/qcom/proprietary/cv-noship/cvp/2.0/src/cpu/cvpPower.cpp Line: 93 Function: cvpPrintPower() Msg: Opeational Bw: Ddr 72464940, SysCache 0
05-29 23:50:59.110  1165 29798 I CVP     : File: vendor/qcom/proprietary/cv-noship/cvp/2.0/src/cpu/cvpPvtUtils.cpp Line: 138 Function: cvpSetPower() Msg: Update power to KMD
05-29 23:50:59.110  1165 29798 I CVP     : File: vendor/qcom/proprietary/cv-noship/cvp/2.0/src/cpu/cvpPower.cpp Line: 85 Function: cvpPrintPower() Msg: Actual      Clock: Fdu 18003600, Ica 2703360, Od 0, Mpu 0, Fw 50400000
05-29 23:50:59.110  1165 29798 I CVP     : File: vendor/qcom/proprietary/cv-noship/cvp/2.0/src/cpu/cvpPower.cpp Line: 89 Function: cvpPrintPower() Msg: Operational Clock: Fdu 18003600, Ica 2703360, Od 0, Mpu 0, Fw 50400000
05-29 23:50:59.110  1165 29798 I CVP     : File: vendor/qcom/proprietary/cv-noship/cvp/2.0/src/cpu/cvpPower.cpp Line: 91 Function: cvpPrintPower() Msg: Actual     Bw: Ddr 72464940, SysCache 0
05-29 23:50:59.110  1165 29798 I CVP     : File: vendor/qcom/proprietary/cv-noship/cvp/2.0/src/cpu/cvpPower.cpp Line: 93 Function: cvpPrintPower() Msg: Opeational Bw: Ddr 72464940, SysCache 0
05-29 23:50:59.110  2022  2072 D DisplayModeDirectorImpl: use smart display refresh rate policy
05-29 23:50:59.110  8947  8947 D SplitInstallManagerImpl: App has no fused modules.
05-29 23:50:59.110  8947  8947 D SplitInstallManagerImpl: Split names are: []
05-29 23:50:59.110  8947  8947 D CAM_InputDeviceManager: updateZoomSegment: moduleIndex: 163, zoomSeg[1.0, 2.0, 4.0, 6.0, 8.0, 10.0]
05-29 23:50:59.111  8947  8947 D CAM_Camera@130702517: CameraSetupConsumer#accept: switch module done
05-29 23:50:59.111  8947  8947 I CAM_PerformanceManager: [P_PERFORM]: Action: A7:switch_setup_consumer_163_0 takes 6 ms
05-29 23:50:59.111  8947  8947 V CAM_FaceView: mCameraDisplayOrientation=90
05-29 23:50:59.111  8947  8947 V CAM_FaceView: mMirror=false
05-29 23:50:59.111  8947  8947 D CAM_Camera@130702517: showGuide = 163  isCtsCall = false
05-29 23:50:59.111  8947  8947 I CAM_PermissionManager: getNeedCheckPermissionList() listSize =0
05-29 23:50:59.111  8947  8947 I CAM_PermissionManager: checkCameraLaunchPermissions(), all on
05-29 23:50:59.111  1345  2119 D SurfaceFlinger:  setDesiredDisplayModeSpecs: setDesiredDisplayConfigSpecs:defaultMode 1 
05-29 23:50:59.112  1165 29798 E CamX    : [ERROR][MEMMGR ] camximagebuffer.h:634 IsInValidUsageState() [CVP_OutputBufferManager][0xb400007481b66700] Client trying to use after releasing the ImageBuffer
05-29 23:50:59.113  1165 29798 E CamX    : [ERROR][MEMMGR ] camximagebuffer.h:634 IsInValidUsageState() [CVP_OutputBufferManager][0xb400007481b66c00] Client trying to use after releasing the ImageBuffer
05-29 23:50:59.113  1165 29798 E CamX    : [ERROR][MEMMGR ] camximagebuffer.h:634 IsInValidUsageState() [CVP_OutputBufferManager][0xb400007481b67100] Client trying to use after releasing the ImageBuffer
05-29 23:50:59.113  1165 29798 E CamX    : [ERROR][MEMMGR ] camximagebuffer.h:634 IsInValidUsageState() [CVP_OutputBufferManager][0xb400007481b67600] Client trying to use after releasing the ImageBuffer
05-29 23:50:59.113  1165 29798 E CamX    : [ERROR][MEMMGR ] camximagebuffer.h:634 IsInValidUsageState() [CVP_OutputBufferManager][0xb400007481b67b00] Client trying to use after releasing the ImageBuffer
05-29 23:50:59.113  1165 29798 E CamX    : [ERROR][MEMMGR ] camximagebuffer.h:634 IsInValidUsageState() [CVP_OutputBufferManager][0xb400007481e45000] Client trying to use after releasing the ImageBuffer
05-29 23:50:59.113  1165 29798 E CamX    : [ERROR][MEMMGR ] camximagebuffer.h:634 IsInValidUsageState() [CVP_OutputBufferManager][0xb400007481e45500] Client trying to use after releasing the ImageBuffer
05-29 23:50:59.113  1165 29798 E CamX    : [ERROR][MEMMGR ] camximagebuffer.h:634 IsInValidUsageState() [CVP_OutputBufferManager][0xb400007481e45a00] Client trying to use after releasing the ImageBuffer
05-29 23:50:59.113  1165 29798 E CamX    : [ERROR][MEMMGR ] camximagebuffer.h:634 IsInValidUsageState() [CVP_OutputBufferManager][0xb400007481e45f00] Client trying to use after releasing the ImageBuffer
05-29 23:50:59.113  1165 29798 E CamX    : [ERROR][MEMMGR ] camximagebuffer.h:634 IsInValidUsageState() [CVP_OutputBufferManager][0xb400007481e46400] Client trying to use after releasing the ImageBuffer
05-29 23:50:59.113  1165 29798 E CamX    : [ERROR][MEMMGR ] camximagebuffer.h:634 IsInValidUsageState() [CVP_OutputBufferManager][0xb400007481e46900] Client trying to use after releasing the ImageBuffer
05-29 23:50:59.113  1165 29798 E CamX    : [ERROR][MEMMGR ] camximagebuffer.h:634 IsInValidUsageState() [CVP_OutputBufferManager][0xb400007481e46e00] Client trying to use after releasing the ImageBuffer
05-29 23:50:59.113  1165 29798 E CamX    : [ERROR][MEMMGR ] camximagebuffer.h:634 IsInValidUsageState() [CVP_OutputBufferManager][0xb400007481e47300] Client trying to use after releasing the ImageBuffer
05-29 23:50:59.113  1165 29798 E CamX    : [ERROR][MEMMGR ] camximagebuffer.h:634 IsInValidUsageState() [CVP_OutputBufferManager][0xb400007481e47800] Client trying to use after releasing the ImageBuffer
05-29 23:50:59.113  1165 29798 E CamX    : [ERROR][MEMMGR ] camximagebuffer.h:634 IsInValidUsageState() [CVP_OutputBufferManager][0xb400007481e47d00] Client trying to use after releasing the ImageBuffer
05-29 23:50:59.113  1165 29798 E CamX    : [ERROR][MEMMGR ] camximagebuffer.h:634 IsInValidUsageState() [CVP_OutputBufferManager][0xb400007481e48200] Client trying to use after releasing the ImageBuffer
05-29 23:50:59.113  1165  2126 E CamX    : [ERROR][ISP    ] camxifecrop11titan480.cpp:527 CalculateCropCoordinates() xdebug height near to stream height
05-29 23:50:59.115  8696  9390 D ElementListener: on smart scenario changed to 98
05-29 23:50:59.115  1165  2139 E CamX    : [ERROR][STATS_AEC] ctriggerhandler.h:398: GetInterpZoneDataGeneric did not find an appropriate zone!
05-29 23:50:59.115  1165  2139 E CamX    : [ERROR][STATS_AEC] ctriggerhandler.h:398: GetInterpZoneDataGeneric did not find an appropriate zone!
05-29 23:50:59.115  1165  2139 E CamX    : [ERROR][STATS_AEC] ctriggerhandler.h:398: GetInterpZoneDataGeneric did not find an appropriate zone!
05-29 23:50:59.116  8947  8947 D CAM_ThermalDetector: onReceive stage = 0
05-29 23:50:59.116  8947  8947 D CAM_BatteryDetector: onReceive battery = 85 cutoff = false
