05-29 23:50:58.971  8947 28789 D CAM_MiCamera2: applyConfigurationParam: pid: 8947
05-29 23:50:58.971  8947 28789 E VendorTagDescriptor: lookupTag: Tag name 'processId' does not exist.
05-29 23:50:58.971  8947 28789 D CAM_CaptureRequestBuilder: applyCinematicVideo: false
05-29 23:50:58.971  8947 28789 D CAM_Camera2CompatAdapter: Warning: getCapabilities(): return null for camera: -1
05-29 23:50:58.971  8947 28789 D CAM_MiCameraCompat: applySmoothTransition: true
05-29 23:50:58.971  8947 28789 I CAM_MiCamera2: [K_PROCESS]: startPreviewSession: setup output configuration number: 2
05-29 23:50:58.971  2022  2945 I NetworkBoostStatusManager: handle: 112
05-29 23:50:58.971  8947 28789 I CAM_PerformanceManager: [P_PERFORM]: Action: 3:cameraOpened2createCaptureSession@0_163_1 takes 37 ms
05-29 23:50:58.971  2022  2945 I NetworkBoostStatusManager: CALLBACK_NETWORK_PRIORITY_CHANGED enter
05-29 23:50:58.971  8947 28789 D CameraDevice-JV-0: waitUntilIdle: E. id = 0
05-29 23:50:58.972  8947 28789 D CameraDevice-JV-0: waitUntilIdle: X
05-29 23:50:58.972  1696 15972 W cameraserver: createSurfaceFromGbp: Camera 0 with consumer usage flag: 256: Forcing asynchronous mode forstream
05-29 23:50:58.972  1696 15972 W libc    : Access denied finding property "vendor.display.enable_optimal_refresh_rate"
05-29 23:50:58.972  1696 15972 W cameraserver: createSurfaceFromGbp: Camera 0: Overriding format 0x1 to IMPLEMENTATION_DEFINED
05-29 23:50:58.973  1696 15972 W libc    : Access denied finding property "vendor.display.enable_optimal_refresh_rate"
05-29 23:50:58.974  8947  8947 D ScrollerOptimizationManager: registerConfigChangedListener
05-29 23:50:58.975  1696 15972 D CameraImpl: updateSessionParams 407 sucessfully update com.android.camera
05-29 23:50:58.975  1696 15972 E VendorTagDescriptor: lookupTag: Tag name 'customizeFunctionMask' does not exist.
05-29 23:50:58.975  1696 15972 E CameraImpl: updateSessionParams 431 failed to find tag customizeFunctionMask
05-29 23:50:58.975  1696 15972 E CameraImpl: updateSessionParams 451 failed to find sessionparams.operation
05-29 23:50:58.975  1696 15972 I MiCameraSceneIdentify: setParameters: stream 0  height is 1080 width is 1440  format is 34 usecase is 0
05-29 23:50:58.975  1696 15972 I MiCameraSceneIdentify: setParameters: stream 1  height is 2448 width is 3264  format is 35 usecase is 0
05-29 23:50:58.975  1696 15972 D CameraImpl: executeSceneIdentify MiStreamUsecase value is 2 
05-29 23:50:58.975  1696 15972 E VendorTagDescriptor: lookupTag: Tag name 'MiStreamUsecase' does not exist.
05-29 23:50:58.975  1696 15972 E CameraImpl: executeSceneIdentify 1318 failed to find tag
05-29 23:50:58.975  1696 15972 E VendorTagDescriptor: lookupTag: Tag name 'activityName' does not exist.
05-29 23:50:58.975  1165  2126 D CHIUSECASE: [DEBUG  ] chxextensionmodule.cpp:3493 InitializeOverrideSession() test operationmode = 0x9005
05-29 23:50:58.975  2022  2072 I DisplayDeviceRepository: Display device changed: DisplayDeviceInfo{"Tela integrada": uniqueId="local:4630946922172900481", 1800 x 2880, modeId 4, renderFrameRate 60.000004, defaultModeId 2, supportedModes [{id=1, width=1800, height=2880, fps=120.00001, alternativeRefreshRates=[30.000002, 48.000004, 50.0, 60.000004, 90.0, 144.00002], supportedHdrTypes=[1, 2, 3, 4]}, {id=2, width=1800, height=2880, fps=144.00002, alternativeRefreshRates=[30.000002, 48.000004, 50.0, 60.000004, 90.0, 120.00001], supportedHdrTypes=[1, 2, 3, 4]}, {id=3, width=1800, height=2880, fps=90.0, alternativeRefreshRates=[30.000002, 48.000004, 50.0, 60.000004, 120.00001, 144.00002], supportedHdrTypes=[1, 2, 3, 4]}, {id=4, width=1800, height=2880, fps=60.000004, alternativeRefreshRates=[30.000002, 48.000004, 50.0, 90.0, 120.00001, 144.00002], supportedHdrTypes=[1, 2, 3, 4]}, {id=5, width=1800, height=2880, fps=50.0, alternativeRefreshRates=[30.000002, 48.000004, 60.000004, 90.0, 120.00001, 144.00002], supportedHdrTypes=[1, 2, 3, 4]}, {id=6, width=1800, height=2880, fps=48.000004, alternativeRefreshRates=[30.000002, 50.0, 60.000004, 90.0, 120.00001, 144.00002], supportedHdrTypes=[1, 2, 3, 4]}, {id=7, width=1800, height=2880, fps=30.000002, alternativeRefreshRates=[48.000004, 50.0, 60.000004, 90.0, 120.00001, 144.00002], supportedHdrTypes=[1, 2, 3, 4]}], colorMode 0, supportedColorModes [0, 7, 9], hdrCapabilities HdrCapabilities{mSupportedHdrTypes=[1, 2, 3, 4], mMaxLuminance=420.0, mMaxAverageLuminance=210.1615, mMinLuminance=0.323}, allmSupported false, gameContentTypeSupported false, density 400, 308.918 x 309.049 dpi, appVsyncOff 1000000, presDeadline 16666666, touch INTERNAL, rotation 0, type INTERNAL, address {port=129, model=0x40446db09dcde4}, deviceProductInfo DeviceProductInfo{name=, manufacturerPnpId=QCM, productId=1, modelYear=null, manufactureDate=ManufactureDate{week=27, year=2006}, connectionToSinkType=0}, state ON, committedState ON, frameRateOverride , brightnessMinimum 0.0, brightnessMaximum 1.0, brightnessDefault 0.074743524, hdrSdrRatio NaN, roundedCorners RoundedCorners{[RoundedCorner{position=TopLeft, radius=46, center=Point(46, 46)}, RoundedCorner{position=TopRight, radius=46, center=Point(1754, 46)}, RoundedCorner{position=BottomRight, radius=46, center=Point(1754, 2834)}, RoundedCorner{position=BottomLeft, radius=46, center=Point(46, 2834)}]}, FLAG_ALLOWED_TO_BE_DEFAULT_DISPLAY, FLAG_ROTATES_WITH_CONTENT, FLAG_SECURE, FLAG_SUPPORTS_PROTECTED_BUFFERS, FLAG_TRUSTED, installOrientation 0, displayShape DisplayShape{ spec=326869049 displayWidth=1800 displayHeight=2880 physicalPixelDisplaySizeRatio=1.0 rotation=0 offsetX=0 offsetY=0 scale=1.0}}
05-29 23:50:58.976  8947  8947 D CAM_FragmentTopConfig: getTopAlert(): fragment is null0
05-29 23:50:58.976  8947  8947 D CAM_FragmentTopConfig: getTopAlert(): fragment is null0
05-29 23:50:58.976  2022  2089 I libc    : kill: send 9 to pid -29351 real pid -29351
05-29 23:50:58.976  8947  8947 D CAM_AbstractFragment: baseUpdateView : SecondTopBar, added : true, display mode : 1
05-29 23:50:58.976  2022  2089 I libprocessgroup: Successfully killed process cgroup uid 10140 pid 29351 in 32ms
05-29 23:50:58.977  1165  2126 E CHIUSECASE: [ERROR  ] chxusecaseutils.cpp:1107 GetVariantType() No VariantType enalbe exists [Error Code: 6]
05-29 23:50:58.979  8947  8947 E .android.camera: No package ID ff found for resource ID 0xffffffff.
05-29 23:50:58.980  2022  2072 D TAG     : Remove previously redundant display event 0/2 to 10146/23259
05-29 23:50:58.982  8947  8947 D CAM_AiAudioParameterManager: isSupportAiAudioNew: version = 0
05-29 23:50:58.982  8947  8947 D CAM_AiAudioParameterManager: isSupportAiAudioNew: version = 0
05-29 23:50:58.982  8947  8947 D CAM_FragmentDualCameraAdjust: initZoomRatioForBackCamera(): zoom: 1.0
05-29 23:50:58.982  8947  8947 D CAM_FragmentDualCameraAdjustMM: provideAnimateElement(): initialized zoom ratio: 1.0
05-29 23:50:58.982  8947  8947 D CAM_ZoomRatioToggleView: count = 1
05-29 23:50:58.982  8947  8947 D CAM_ZoomRatioToggleView: resetAnimators
05-29 23:50:58.982  8947  8947 E .android.camera: No package ID ff found for resource ID 0xffffffff.
05-29 23:50:58.982  8947  8947 D CAM_ZoomRatioToggleView: setSuppressed(): true
05-29 23:50:58.983  8947  8947 I CAM_ZoomRatioToggleView: [U_ACTION]: setZoomRatio(): a = ZOOMING_BY_UNKNOWN_SOURCE,i = 0,z = 1.0,ti =0,tz =1.0
05-29 23:50:58.983  8947  8947 D CAM_ZoomRatioToggleView: setZoomRatio(): mIsSuppressed
05-29 23:50:58.985  1165  2126 E CHIUSECASE:  ChiFeature2SoftIspProcess::ChiFeature2OpsEntry
05-29 23:50:58.985  1165  2126 E CHIUSECASE:  ChiFeature2SoftIspProcess::DoQueryCaps
05-29 23:50:58.985  1165  2126 E CHIUSECASE:  ChiFeature2SoftIspSuperNight::ChiFeature2OpsEntry
05-29 23:50:58.985  1165  2126 E CHIUSECASE:  ChiFeature2SoftIspSuperNight::DoQueryCaps
05-29 23:50:58.985  2965  3461 I BtGatt.ScanManager: msg.what = MSG_SCREEN_ON, msg.arg1 = None
05-29 23:50:58.986  8947  8947 D CAM_ZoomRatioToggleView: setVisibility(): VISIBLE
05-29 23:50:58.986  8947  8947 D CAM_ZoomRatioToggleView: setVisibility(): VISIBLE
05-29 23:50:58.986  8947  8947 D CAM_ZoomRatioToggleView: setVisibility(): GONE
05-29 23:50:58.986  8947  8947 D CAM_ZoomRatioToggleView: resetAnimators
05-29 23:50:58.986  8947  8947 D CAM_ZoomRatioToggleView: setVisibility(): INVISIBLE
05-29 23:50:58.986  8947  8947 D CAM_ZoomRatioToggleView: resetAnimators
05-29 23:50:58.986  8947  8947 D CAM_ZoomRatioToggleView: setVisibility(): GONE
05-29 23:50:58.986  8947  8947 D CAM_ZoomRatioToggleView: resetAnimators
05-29 23:50:58.986  8947  8947 D CAM_FragmentDualCameraAdjust: initZoomRatioForBackCamera(): zoom: 1.0
05-29 23:50:58.987  8947  8947 D CAM_FragmentDualCameraAdjustMM: provideAnimateElement(): initialized zoom ratio: 1.0
05-29 23:50:58.987  8947  8947 D CAM_ZoomRatioToggleView: count = 1
05-29 23:50:58.987  8947  8947 D CAM_ZoomRatioToggleView: setSuppressed(): true
05-29 23:50:58.987  8947  8947 D CAM_ZoomRatioToggleView: setSuppressed() ignored: true
05-29 23:50:58.987  8947  8947 I CAM_ZoomRatioToggleView: [U_ACTION]: setZoomRatio(): a = ZOOMING_BY_UNKNOWN_SOURCE,i = 0,z = 1.0,ti =0,tz =1.0
05-29 23:50:58.987  8947  8947 D CAM_ZoomRatioToggleView: setZoomRatio(): mIsSuppressed
05-29 23:50:58.987  1165  2126 I CHIMEMCPY: Initialize():516 m_nodeCaps 0
05-29 23:50:58.987  8947  8947 D CAM_AbstractFragment: baseUpdateView : FragmentDualCameraAdjustMM, added : true, display mode : 1
05-29 23:50:58.987  8947  8947 D CAM_ZoomRatioToggleView: count = 1
05-29 23:50:58.987  8947  8947 D CAM_ZoomRatioToggleView: setSuppressed(): true
05-29 23:50:58.987  8947  8947 D CAM_ZoomRatioToggleView: setSuppressed() ignored: true
05-29 23:50:58.987  8947  8947 I CAM_ZoomRatioToggleView: [U_ACTION]: setZoomRatio(): a = ZOOMING_BY_LAYOUT_CHANGE,i = 0,z = 1.0,ti =0,tz =1.0
05-29 23:50:58.987  1165  2126 I LDC-NODE: [Init()]:[222] LDC INFO [255-9],mode=5,type=0,CameraTypeId=0,viewAngle=63.130001 active(4208x3120)
05-29 23:50:58.987  8947  8947 D CAM_ZoomRatioToggleView: setZoomRatio(): mIsSuppressed
05-29 23:50:58.987  3017  3017 V AutoDensityController: on display changed 0 context dpi:374 origin dpi:400 target dpi:374
05-29 23:50:58.987  3017  3017 D ControlCenterWindowViewController: on display changed 0
05-29 23:50:58.988  3081  3081 W Launcher.DeviceConfig: onDisplayChanged: newRotation=0, oldRotation=0, launcherRotation=0
05-29 23:50:58.988  3081  3081 D Launcher.DeviceConfig: setIsFixedRotating=false
05-29 23:50:58.988  8947  8947 E .android.camera: No package ID ff found for resource ID 0xffffffff.
05-29 23:50:58.989  1165  2126 V SYNX-UMD: Synx Init!
05-29 23:50:58.989  1165  2126 V SYNX-UMD: Creating hPollThread = 500911865008
05-29 23:50:58.989  1165  2126 V SYNX-UMD: Completed Synx Init
05-29 23:50:58.989  1165  2126 I CHINODEUTIL: DefaultBufferNegotiation():363 ABD Input:  (w x h) optimal 640 x 480 min 640 x 480 max 640 x 480
05-29 23:50:58.989  1165  2126 I CHINODEUTIL: DefaultBufferNegotiation():366 ABD Output: (w x h) optimal 640 x 480 min 640 x 480 max 640 x 480
05-29 23:50:58.989  1165  2126 I CHINODEUTIL: DefaultBufferNegotiation():363 ABD Input:  (w x h) optimal 1440 x 1080 min 1440 x 1080 max 16383 x 15360
05-29 23:50:58.989  1165  2126 I CHINODEUTIL: DefaultBufferNegotiation():366 ABD Output: (w x h) optimal 1440 x 1080 min 1440 x 1080 max 16383 x 15360
05-29 23:50:58.989  1165  2126 I CHINODEUTIL: DefaultBufferNegotiation():363 ABD Input:  (w x h) optimal 1440 x 1080 min 1440 x 1080 max 16383 x 15360
05-29 23:50:58.989  1165  2126 I CHINODEUTIL: DefaultBufferNegotiation():366 ABD Output: (w x h) optimal 1440 x 1080 min 1440 x 1080 max 16383 x 15360
05-29 23:50:58.989  1165  2126 I LDC-NODE: [QueryBufferInfo()]:[258] LDC INFO [255-9],mode=5,type=0 Output optimal(1440x1080),min(1440x1080),max(16383x15360)
05-29 23:50:58.989  1165  2126 I CHINODEUTIL: DefaultBufferNegotiation():363 ABD Input:  (w x h) optimal 1440 x 1080 min 1440 x 1080 max 16383 x 15360
05-29 23:50:58.989  1165  2126 I CHINODEUTIL: DefaultBufferNegotiation():366 ABD Output: (w x h) optimal 1440 x 1080 min 1440 x 1080 max 16383 x 15360
05-29 23:50:58.990  1165 29797 V SYNX-UMD: Polling ...
05-29 23:50:58.991  2022  2073 I BLASTSyncEngine: SyncGroup 361:  Unfinished container:ActivityRecord{614992e u0 com.android.camera/.OneShotCamera t498}
05-29 23:50:58.991  2022  2073 I BLASTSyncEngine: isActivitySyncFinished isSyncFinished false ActivityRecord{614992e u0 com.android.camera/.OneShotCamera t498}
05-29 23:50:58.997  1165  2126 E CHIUSECASE: [ERROR  ] chifeature2generic.cpp:1298 DoStreamNegotiation() Could not extract snapshot stream - Error: 0 SnapshotType: 4294967295
05-29 23:50:58.998  8904 28906 I SCTaskStackListener: onTaskStackChanged! inSplit = false
05-29 23:50:58.998  3081 20811 D RecentsModel: onTaskStackChangedBackground
05-29 23:50:58.999  3081  3516 D RecentsModel: onTaskStackChangedBackground    MSG_TASK_STACK_CHANGE
05-29 23:50:58.999  3081  3516 D RecentsModel: preloadRecents
05-29 23:50:58.999  3081  3516 W RecentsModel: getRunningTask
05-29 23:50:58.999  1017  1017 I Zygote  : Process 12086 exited due to signal 9 (Killed)
05-29 23:50:58.999  1017  1017 I Zygote  : Process 14106 exited due to signal 9 (Killed)
05-29 23:50:58.999  1165  2126 E CHIUSECASE: [ERROR  ] chxusecaseutils.cpp:1795 PruneUsecaseDescriptor() Error: 3
05-29 23:50:58.999  1165  2126 E CHIUSECASE: [ERROR  ] chifeature2base.cpp:2626 PrepareFeatureData() Error pruning cloned usecase: UsecaseZSL Code: 3
05-29 23:50:59.000  3017  3017 I FocusedNotifPromptContr: onTopActivityMayChanged: isSupportPip false, isFocus true
05-29 23:50:59.000  1339  2184 D AudioFlinger: updateWakeLockUids_l AudioOut_D uids:
05-29 23:50:59.001  3017  3017 I FocusedNotifPromptContr: onTopActivityMayChanged: topActivity=com.android.camera
05-29 23:50:59.001  3017  3017 I FocusedNotifPromptContr: topActivityMayChanged: topActivity=com.android.camera
05-29 23:50:59.001  3017  3017 D KeyguardEditorHelper: onTopActivityMayChanged, topActivity=ComponentInfo{com.android.camera/com.android.camera.OneShotCamera}; mState=IDEL
05-29 23:50:59.001  1339 27187 W AudioFlinger::EffectHandle: disconnect Effect handle 0xb400007b1b138780 disconnected after thread destruction
05-29 23:50:59.001  3081 20811 D RecentsModel: onTaskStackChangedBackground
05-29 23:50:59.001  3081 20811 D EventBus: No subscribers registered for event class com.miui.home.recents.messages.RecentTasksChangedEvent
05-29 23:50:59.001  3081 20811 D EventBus: No subscribers registered for event class org.greenrobot.eventbus.NoSubscriberEvent
05-29 23:50:59.001  8904 18554 I SCTaskStackListener: onTaskStackChanged! inSplit = false
05-29 23:50:59.001  3081  3516 W RecentsModel: getRunningTask   taskInfo=TaskInfo{userId=0 taskId=498 displayId=0 isRunning=true baseIntent=Intent { act=android.intent.action.MAIN cat=[android.intent.category.LAUNCHER] flg=0x10200000 cmp=com.hamvit.mobile/.MainActivity } baseActivity=ComponentInfo{com.hamvit.mobile/com.hamvit.mobile.MainActivity} topActivity=ComponentInfo{com.android.camera/com.android.camera.OneShotCamera} origActivity=null realActivity=ComponentInfo{com.hamvit.mobile/com.hamvit.mobile.MainActivity} numActivities=2 lastActiveTime=10851181 supportsSplitScreenMultiWindow=true supportsMultiWindow=true resizeMode=1 isResizeable=true minWidth=-1 minHeight=-1 defaultMinSize=200 token=WCT{android.window.IWindowContainerToken$Stub$Proxy@72b6d1b} topActivityType=1 pictureInPictureParams=null shouldDockBigOverlays=false launchIntoPipHostTaskId=-1 lastParentTaskIdBeforePip=-1 displayCutoutSafeInsets=null topActivityInfo=ActivityInfo{69ddeb8 com.android.camera.OneShotCamera} launchCookies=[] positionInParent=Point(0, 0) parentTaskId=-1 isFocused=true isVisible=true isVisibleRequested=true isSleeping=false topActivityInSizeCompat=false topActivityInMiuiSizeCompat=false topActivityEligibleForLetterboxEducation= false topActivityLetterboxed= false isFromDoubleTap= false topActivityLetterboxVerticalPosition= -1 topActivityLetterboxHorizontalPosition= -1 topActivityLetterboxWidth=-1 topActivityLetterboxHeight=-1 locusId=null displayAreaFeatureId=1 cameraCompatControlState=hidden mIsCastMode=false mTopActivityMediaSize=Rect(0, 0 - 0, 0) mTopActivityRecordName=ActivityRecord{614992e u0 com.android.camera/.OneShotCamera t498} mTopActivityOrientation=4 mTopActivityWindowIsNowVisible=false isTranslucent=false isEmbedded=false shouldBeVisible=true isImmersive=false mBehindAppLockPkg=null mOriginatingUid=0}
05-29 23:50:59.001  3081  3516 W RecentsModel: getTaskInfoIgnoreHomeAndFreeform   taskInfo=ComponentInfo{com.hamvit.mobile/com.hamvit.mobile.MainActivity}
05-29 23:50:59.001  1165  2126 I NODESLL : Initialize():686 [ARCSOFT], SensorCaps m_cameraRoleID=3 sensorId=0 positionType=1 m_isSEMode=1 activitysize(0,0,4208,3120) pipa_ofilm_ov13b10_wide
05-29 23:50:59.001  1165  2126 E ArcSoft_C_L1: fn_log_print = 0x0
05-29 23:50:59.001  1165  2126 E ArcSoft_C_L1: AUTO_PERFORMANCE_TEST[TID2126]: ARC_SN_SetLogLevel, begin
05-29 23:50:59.001  1165  2126 E ArcSoft_C_L1: i32LogLevel = 1
05-29 23:50:59.001  1165  2126 E ArcSoft_C_L1: jni/supernight_source/ASN_Imp.cpp:RawNightHDR_GetVersion[TID2126] start
05-29 23:50:59.001  1165  2126 E ArcSoft_C_L1: jni/supernight_source/ASN_Imp.cpp:RawNightHDR_GetVersion[TID2126] cost time 0ms
05-29 23:50:59.001  1165  2126 E ArcSoft_C_L1: RawNightHDR_GetVersion: ArcSoft_RAW_NIGHT_HDR_6.0.125235020.134,Feb 23 2023, 18:28:11
05-29 23:50:59.001  1165  2126 E ArcSoft_C_L1: ARC_SN_GetVersion::ArcSoft_SuperNight_6.0.125235020.13405_B6_#22627-1-B49754-R148850
05-29 23:50:59.001  1165  2126 E ArcSoft_C_L1: ARC_SN_SetLogLevel::i32SNLogLevel = 1, i32LogLevel = 1
05-29 23:50:59.001  1165  2126 E ArcSoft_C_L1: AUTO_PERFORMANCE_TEST[TID2126]: ARC_SN_SetLogLevel, end cost time 0ms
05-29 23:50:59.001  1165  2126 E ArcSoft_C_L1: AUTO_PERFORMANCE_TEST[TID2126]: ARC_SN_LoadBin, begin
05-29 23:50:59.001  1165  2126 E ArcSoft_C_L1: AUTO_PERFORMANCE_TEST[TID2126]: ARC_SN_LoadBin, end cost time 0ms
05-29 23:50:59.001  1165  2126 I CHINODEUTIL: DefaultBufferNegotiation():363 ABD Input:  (w x h) optimal 4208 x 3120 min 4208 x 3120 max 4208 x 3120
05-29 23:50:59.001  1165  2126 I CHINODEUTIL: DefaultBufferNegotiation():366 ABD Output: (w x h) optimal 4208 x 3120 min 4208 x 3120 max 4208 x 3120
05-29 23:50:59.001  3081  3516 E ActivityManagerWrapper: get all recent tasks force including 498
05-29 23:50:59.002  1165  2126 E CHIUSECASE: [ERROR  ] chifeature2generic.cpp:1298 DoStreamNegotiation() Could not extract snapshot stream - Error: 0 SnapshotType: 4294967295
05-29 23:50:59.005  8947  8947 D CAM_FocusView: FocusView: is global animation available: true
05-29 23:50:59.005  3081  3516 E ActivityManagerWrapper: getRecentTasks: size=2
05-29 23:50:59.005  3081  3516 E ActivityManagerWrapper: getRecentTasks: mainTaskId=498   userId=0   windowMode=1   baseIntent=Intent { act=android.intent.action.MAIN flag=270532608 cmp=ComponentInfo{com.hamvit.mobile/com.hamvit.mobile.MainActivity} }
05-29 23:50:59.005  3081  3516 E ActivityManagerWrapper: getRecentTasks: mainTaskId=490   userId=0   windowMode=1   baseIntent=Intent { act=android.intent.action.MAIN flag=270532608 cmp=ComponentInfo{com.android.settings/com.android.settings.MainSettings} }
05-29 23:50:59.006  8947  8947 E .android.camera: No package ID ff found for resource ID 0xffffffff.
05-29 23:50:59.006  8947  8947 E .android.camera: No package ID ff found for resource ID 0xffffffff.
05-29 23:50:59.006  8947  8947 E .android.camera: No package ID ff found for resource ID 0xffffffff.
05-29 23:50:59.006  8947  8947 E .android.camera: No package ID ff found for resource ID 0xffffffff.
05-29 23:50:59.006  8947  8947 E .android.camera: No package ID ff found for resource ID 0xffffffff.
05-29 23:50:59.006  8947  8947 E .android.camera: No package ID ff found for resource ID 0xffffffff.
05-29 23:50:59.006  8947  8947 E .android.camera: No package ID ff found for resource ID 0xffffffff.
05-29 23:50:59.006  8947  8947 E .android.camera: No package ID ff found for resource ID 0xffffffff.
05-29 23:50:59.006  8947  8947 E .android.camera: No package ID ff found for resource ID 0xffffffff.
05-29 23:50:59.006  8947  8947 E .android.camera: No package ID ff found for resource ID 0xffffffff.
05-29 23:50:59.006  8947  8947 E .android.camera: No package ID ff found for resource ID 0xffffffff.
05-29 23:50:59.006  8947  8947 E .android.camera: No package ID ff found for resource ID 0xffffffff.
05-29 23:50:59.007  1165  2126 V SYNX-UMD: Synx Init!
05-29 23:50:59.007  1165  2126 V SYNX-UMD: Initialized /dev/synx_device
05-29 23:50:59.007  8947  8947 D CAM_FocusView: reset: type = 7, is draw = false, mIsTouchFocus = false
05-29 23:50:59.008  8947  8947 D CAM_TrackFocusView: clear
05-29 23:50:59.008  8947  8947 D CAM_TrackFocusView: clear
05-29 23:50:59.008  8947  8947 D CAM_TrackFocusView: setSkipDraw false
05-29 23:50:59.008  8947  8947 D CAM_AbstractFragment: baseUpdateView : FragmentMainContentMM, added : true, display mode : 1
05-29 23:50:59.008  8947  8947 D CAM_FragmentTopConfig: showDelayNumber: topMargin = 392, topHeight = 276, fontHeight = 136, viewHeight = 180, offset = 44
05-29 23:50:59.009  8947  8947 D CAM_FragmentBottomPopupTips: onCreate: 
05-29 23:50:59.009  1165  2126 V SYNX-UMD: Synx Init!
05-29 23:50:59.009  1165  2126 V SYNX-UMD: Initialized /dev/synx_device
05-29 23:50:59.010  8947  8947 D CAM_AbstractFragment: baseUpdateView : FragmentBottomPopupTips, added : true, display mode : 1
05-29 23:50:59.011  8947  8947 D CAM_FragmentBottomIntentDone: onAttach
05-29 23:50:59.011  1165 29816 D mialgo_basic: [mialgo_basic] big cpu : 
05-29 23:50:59.011  1165 29816 D mialgo_basic: [mialgo_basic]    4
05-29 23:50:59.011  1165 29816 D mialgo_basic: [mialgo_basic]    5
05-29 23:50:59.011  1165 29816 D mialgo_basic: [mialgo_basic]    6
05-29 23:50:59.011  1165 29816 D mialgo_basic: [mialgo_basic]    7
05-29 23:50:59.011  1165 29816 D mialgo_basic: [mialgo_basic] little cpu : 
05-29 23:50:59.011  1165 29816 D mialgo_basic: [mialgo_basic]    0
05-29 23:50:59.011  1165 29816 D mialgo_basic: [mialgo_basic]    1
05-29 23:50:59.011  1165 29816 D mialgo_basic: [mialgo_basic]    2
05-29 23:50:59.011  1165 29816 D mialgo_basic: [mialgo_basic]    3
05-29 23:50:59.011  1165 29816 D mialgo_basic: [mialgo_basic] dsp_version: 0x66
05-29 23:50:59.012  2022  2249 D ActivityManagerServiceImpl: Cleaning tablet split stack.
05-29 23:50:59.013  8947  8947 D CAM_AbstractFragment: baseUpdateView : FragmentBottomIntentDone, added : true, display mode : 1
05-29 23:50:59.013  2022  2652 E ProcessManager: error write exception log
05-29 23:50:59.014  8947 29813 V CAM_FocusView: [WTP]drawableInitialize: E
05-29 23:50:59.014  8047  8057 I IPCThreadState: oneway function results for code 3 on binder at 0xb400007a92b7b7a0 will be dropped but finished with status UNKNOWN_TRANSACTION
05-29 23:50:59.014  2022  9532 D qdgralloc: GetYUVPlaneInfo: Invalid format passed: 0x21
05-29 23:50:59.014  1165  2126 E CHIUSECASE: [ERROR  ] chifeature2generic.cpp:1298 DoStreamNegotiation() Could not extract snapshot stream - Error: 0 SnapshotType: 4294967295
05-29 23:50:59.016  8947  8947 D CAM_AbstractFragment: baseUpdateView : FragmentReferenceLine, added : true, display mode : 1
05-29 23:50:59.016  8947  8947 D CAM_OneShotCamera: startActivity
05-29 23:50:59.016  8947  8947 D CAM_Camera@130702517: onStart start
05-29 23:50:59.017  8947  8947 D CAM_RenderEngineV2: onResume start
05-29 23:50:59.017  8947  8947 D CAM_RenderEngineV2: onResume end
05-29 23:50:59.017  8947  8947 D CAM_ActivityBase: registerAvailabilityCallback
05-29 23:50:59.017  8947  8947 D CAM_BoostFrameworkImpl: stopBoost
05-29 23:50:59.017  8947  8947 D CAM_BoostFrameworkImpl: ready to stop boost
05-29 23:50:59.017  8947  8947 D CAM_Camera@130702517: onStart end {0.935 ?mcc0mnc [pt_BR] ldltr sw720dp w720dp h1081dp 374dpi xlrg hdr widecg port finger -keyb/v/h -nav/h winConfig={ mBounds=Rect(0, 0 - 1800, 2880) mAppBounds=Rect(0, 0 - 1800, 2762) mMaxBounds=Rect(0, 0 - 1800, 2880) mDisplayRotation=ROTATION_0 mWindowingMode=fullscreen mDisplayWindowingMode=fullscreen mActivityType=standard mAlwaysOnTop=undefined mRotation=ROTATION_0 mInSplitScreen=false letterBoxed=false foScaledfalse screenType=0} s.1 fontWeightAdjustment=0/d/0 themeChanged=0 themeChangedFlags=0 extraData = Bundle[{}] screenType=0} ImeAppBounds:null ;isMultiWindowMode:false
05-29 23:50:59.017  8947  8947 D CAM_ActivityBase: onStart -
05-29 23:50:59.017  8947  8947 D CAM_ExtraModuleManagerImpl: onStart
05-29 23:50:59.017  1165 29798 I LDC-NODE: [SetBufferInfo()]:[266] LDC INFO [255-9],mode=5,type=0 INPUT optimal(1440x1080)
05-29 23:50:59.018  1696 15972 E VendorTagDescriptor: lookupTag: Tag name 'MiStreamUsecase' does not exist.
05-29 23:50:59.018  1165 29798 E CamX    : [ERROR][SENSOR ] camxpdafdata.cpp:119 PDAFInit() videomode = 0 tuning mode 0
05-29 23:50:59.018  8947  8947 D CAM_ActivityBase: onResume +130702517
05-29 23:50:59.018  8947  8947 D CAM_BoostFrameworkImpl: startBoost: duration = 500, scene = 6
05-29 23:50:59.018  8947  8947 D CAM_BoostFrameworkImpl: ready to boost
05-29 23:50:59.019  8947  8947 D CAM_Camera@130702517: onResume start
05-29 23:50:59.019  8947  8947 I CAM_Camera@130702517: [P_PERFORM]: checkPermissionAndCTA E
05-29 23:50:59.019  8947  8947 I CAM_PermissionManager: getNeedCheckPermissionList() listSize =0
05-29 23:50:59.019  8947  8947 I CAM_PermissionManager: checkCameraLaunchPermissions(), all on
05-29 23:50:59.019  8947  8947 I CAM_Camera@130702517: [P_PERFORM]: checkPermissionAndCTA X
05-29 23:50:59.020  8696 10363 D UidObserver: onUidGone entry uid = 10172
05-29 23:50:59.020  2022  2047 D DisplayManagerService: Drop pending events for gone uid 10172
05-29 23:50:59.020  2022  2047 I NetworkBoostStatusManager: onUidGone uid: 10172
05-29 23:50:59.020  2022  2507 I MiuiNetworkPolicy: removeUidState uid = 10172
05-29 23:50:59.020  2022  2946 I SLM-SRV-SLSAppLib: SLM_Ai_Mode EVENT_CHECK_GMAE_AI_MODE_STATUS
05-29 23:50:59.020  2022  2946 I SLM-SRV-SLSAppLib: SLM_Ai_Mode checkGameAiModeStatus mGameAiModeCloudControl:false mLinkTurboAiModeSwitch:false mGameAiModeInterfaceReady:false mGameStartBattle:false powerMgrGameUid:0
05-29 23:50:59.020  1696 15972 E cameraserver: checkIfsupportxIntfps do not binder to joyose
05-29 23:50:59.021  1165 28892 I android.hardware.camera.provider@2.4-service_64: vendor/qcom/proprietary/adsprpc/src/apps_std_imp.c:868: Successfully opened file /vendor/lib/rfsa/adsp/libmialgo_rfs_cdsp_skel.so
05-29 23:50:59.021  8947  8947 D CAM_OneShotCamera: resumeActivity
05-29 23:50:59.021  8947  8947 D CAM_Camera@130702517: onResume start
05-29 23:50:59.021  8947  8947 D CAM_Display: isFreeformMode.pcStatus: 0
05-29 23:50:59.021  8947  8947 D CAM_Camera@130702517: resume in MultiWindowMode false
05-29 23:50:59.021  8947  8947 D CAM_ActivityBase: isCameraAliveWhenResume: releaseByModule: false, isModuleAlive: true, isCameraDevicesAlive: true
05-29 23:50:59.022  8947 29813 V CAM_FocusView: [WTP]drawableInitialize: X
05-29 23:50:59.022  8947  8947 D CAM_Display: is display size change:false
05-29 23:50:59.022  8947  8947 V CAM_AutoLockManager: mHibernationTimeOut = 180000, mScreenOffTimeOut = 15000
05-29 23:50:59.022  8947 29777 V CAM_AutoLockManager: [WTP]updateScreenOffTimeout: E
05-29 23:50:59.022  8947 29777 V CAM_AutoLockManager: [WTP]updateScreenOffTimeout: X
05-29 23:50:59.022  1696 15972 E cameraserver: checkIfsupportxIntfps do not binder to joyose
05-29 23:50:59.023  1177  2587 I sensors-hal: ssc_conn_event_cb:489, event[0] sensor:step_detector  Wakeup msg_id=129, ts=208453041560
05-29 23:50:59.023  2022  2072 D WindowManager: Set transition=TransitionRecord{9bebc48 id=361 type=OPEN flags=0x0}, ready=true, SyncId=361 
05-29 23:50:59.023  2022  2072 D WindowManager: Set transition=TransitionRecord{9bebc48 id=361 type=OPEN flags=0x0}, ready=true, SyncId=361 
05-29 23:50:59.023  1696 15972 D Camera3-Device: Set real time priority for request queue thread (tid 29780)
05-29 23:50:59.024  1696 15972 E CameraImpl: reportSdkConfigureStreams 540 0x7b29b83280
05-29 23:50:59.024  8947  9577 I CAM_MiCamera2: [K_PROCESS]: onConfigured: id = 1, session = android.hardware.camera2.impl.CameraCaptureSessionImpl@bc9eec2, Reprocessable = false
05-29 23:50:59.024  2022  2507 I MiuiNetworkPolicy: updateUidState uid = 10140, uidState = 19
05-29 23:50:59.024  8947  9577 I CAM_PerformanceManager: [P_PERFORM]: Action: 4:[HAL]createCaptureSession@0_163_0 takes 53 ms
05-29 23:50:59.024  8947  9577 I CAM_MiCamera2: [K_PROCESS]: onConfigured: is mDeferOutputConfigurations null: true
05-29 23:50:59.024  2022  2507 I MiuiNetworkPolicy: updateUidState uid = 10110, uidState = 19
05-29 23:50:59.024  8947  9577 D CAM_Camera2Module: onPreviewSessionSuccess: j t@111204937: mid = 163, cid = 0, created = true, departed = false
05-29 23:50:59.024  8947  9577 D CAM_BaseModuleCameraManager: setCameraState: 1
05-29 23:50:59.024  8947  9577 D CAM_BaseModule: types:24,2,26,27,28,29,46,47,7,8,10,11,14,4,13,41,5,9,20,34,23,36,73,37,42,43,48,49,52,56,30,61,62,66,60,75,70,76,78,77,84,92,94,98,109,104,111,112,, t@111204937: mid = 163, cid = 0, created = true, departed = false
05-29 23:50:59.025  2022  2683 E libprocessgroup: AddTidToCgroup failed to write '720'; fd=869: Permission denied
05-29 23:50:59.025  2022  2683 E libprocessgroup: Failed to add task into cgroup
05-29 23:50:59.025  2022  2326 D CompatibilityChangeReporter: Compat change id reported: 265195908; UID 10140; state: ENABLED
05-29 23:50:59.025  1177 26487 I sensors-hal: handle_sns_std_sensor_event:57, light_event: ts=10851203819298, lux: 9.7, extra_info=0 
05-29 23:50:59.026  2022  2683 E libprocessgroup: AddTidToCgroup failed to write '679'; fd=869: Permission denied
05-29 23:50:59.026  2022  2683 E libprocessgroup: Failed to add task into cgroup
05-29 23:50:59.027  2022  2652 E ProcessManager: error write exception log
05-29 23:50:59.027  2022  3088 D ActivityManagerServiceImpl: Cleaning tablet split stack.
05-29 23:50:59.028  8047  8057 I IPCThreadState: oneway function results for code 3 on binder at 0xb400007a92b7b7a0 will be dropped but finished with status UNKNOWN_TRANSACTION
05-29 23:50:59.028  8947 29782 W BulkCursor: Remote process exception when closing
05-29 23:50:59.031  1017  1017 I Zygote  : Process 4437 exited due to signal 9 (Killed)
05-29 23:50:59.031  8696 10362 D UidObserver: onUidGone entry uid = 10173
05-29 23:50:59.032  8947 29782 D CAM_loadSettings:: version = 
05-29 23:50:59.032  2022  2047 D DisplayManagerService: Drop pending events for gone uid 10173
05-29 23:50:59.032  1177  1329 I sensors-hal: batch:180, android.sensor.accelerometer/56, period=200000000, max_latency=0
05-29 23:50:59.032  1177  1329 I sensors-hal: batch:189, android.sensor.accelerometer/56, period=200000000, max_latency=0 request completed
05-29 23:50:59.032  2022  8267 I SensorService: 	>>> actuating h/w activate handle=0x2d enabled=1
05-29 23:50:59.032  1177  1329 I sensors-hal: activate:147, android.sensor.accelerometer/56 en=1
05-29 23:50:59.032  1177  1329 I sensors-hal: get_qmi_debug_flag:241, support_qmi_debug : false
05-29 23:50:59.032  2022  2047 I NetworkBoostStatusManager: onUidGone uid: 10173
05-29 23:50:59.032  2022  2683 E libprocessgroup: AddTidToCgroup failed to write '1241'; fd=869: Permission denied
05-29 23:50:59.032  2022  2683 E libprocessgroup: Failed to add task into cgroup
05-29 23:50:59.032  2022  2946 I SLM-SRV-SLSAppLib: SLM_Ai_Mode EVENT_CHECK_GMAE_AI_MODE_STATUS
05-29 23:50:59.032  2022  2946 I SLM-SRV-SLSAppLib: SLM_Ai_Mode checkGameAiModeStatus mGameAiModeCloudControl:false mLinkTurboAiModeSwitch:false mGameAiModeInterfaceReady:false mGameStartBattle:false powerMgrGameUid:0
05-29 23:50:59.033  2022  2507 I MiuiNetworkPolicy: removeUidState uid = 10173
05-29 23:50:59.033  2022  2683 E libprocessgroup: AddTidToCgroup failed to write '26895'; fd=869: Permission denied
05-29 23:50:59.033  2022  2683 E libprocessgroup: Failed to add task into cgroup
05-29 23:50:59.035  8947 28789 D CAM_SocketController: onCreate: 
05-29 23:50:59.035  2022  2072 D WindowManager: Set transition=TransitionRecord{9bebc48 id=361 type=OPEN flags=0x0}, ready=true, SyncId=361 
05-29 23:50:59.035  8947 28789 D CAM_SocketManager: setBlockHeartbeat: false
05-29 23:50:59.035  8947 28789 W CAM_CRE_PreviewRenderEngine: setSurfaceTextureDataSpaceTranslator: d.d.a.t6.q7$b@e13b810
05-29 23:50:59.035  8947 29776 D CAM_RenderEngineV2: V2: setTextureColorSpace: DISPLAY_P3
05-29 23:50:59.035  8947 28789 D CAM_EffectController: setRenderEngine: d.d.a.t7.q2.v@cda6f09 this:com.android.camera2.compat.theme.custom.cv.filter.EffectControllerCv@cc350e
05-29 23:50:59.035  8947 29776 D CAM_RenderEngineV2: V2: setDisplayColorSpace: DISPLAY_P3_PASSTHROUGH
05-29 23:50:59.035  8947 28789 D CAM_BaseModule: onRenderEngineCreate, engine = d.d.a.t7.q2.v@cda6f09, ColorSpace.Description(tex: DISPLAY_P3, dpy: DISPLAY_P3_PASSTHROUGH)
05-29 23:50:59.035  2022  2072 D WindowManager: Set transition=TransitionRecord{9bebc48 id=361 type=OPEN flags=0x0}, ready=true, SyncId=361 
05-29 23:50:59.035  8947 29776 D CAM_CRE_PreviewRenderEngine: Add local renderer d.o.g0.u0.n@5f10b2f
05-29 23:50:59.035  8947 29776 D CAM_CRE_PreviewRenderEngine: Add local renderer d.o.g0.u0.j0.a@e64453c
05-29 23:50:59.035  8947 28789 D CAM_CaptureModule: onRenderEngineCreate camId:0
05-29 23:50:59.035  8947 29776 D CAM_CRE_PreviewRenderEngine: Add local renderer d.o.g0.u0.x@631f2c5
05-29 23:50:59.035  8947 29776 D CAM_CRE_PreviewRenderEngine: Add local renderer d.o.g0.u0.y@49a941a
05-29 23:50:59.035  8947 29776 D CAM_CRE_PreviewRenderEngine: Add local renderer d.o.g0.u0.i@50d2b4b
05-29 23:50:59.035  8947 28789 D CAM_BaseModule: registerProtocol
05-29 23:50:59.036  8947 28789 I CAM_BaseModule: onResume: t@111204937: mid = 163, cid = 0, created = true, departed = false
05-29 23:50:59.036  2022  2652 E ProcessManager: error write exception log
05-29 23:50:59.036  8947 28789 D CAM_SocketController: onResume: 
05-29 23:50:59.036  2022  9522 D ActivityManagerServiceImpl: Cleaning tablet split stack.
05-29 23:50:59.036  8047  8057 I IPCThreadState: oneway function results for code 3 on binder at 0xb400007a92b7b7a0 will be dropped but finished with status UNKNOWN_TRANSACTION
05-29 23:50:59.036  8947 28789 D CAM_SocketManager: addEventListener: 13531432
05-29 23:50:59.036  1177  2587 I sensors-hal: ssc_conn_event_cb:489, event[0] sensor:step_detector  Wakeup msg_id=129, ts=208453298557
05-29 23:50:59.036  8947 28789 I CAM_PerformanceManager: [P_PERFORM]: Action: A4:switch_module_setup_163_0 takes 85 ms
05-29 23:50:59.036  1177  1329 I sensors-hal: activate:158, android.sensor.accelerometer/56 en=1 completed
05-29 23:50:59.036  8947 28789 D CAM_DataItemGlobal: reInit: mLastCameraId = 0, currentCameraId = 0
05-29 23:50:59.037  8947 28789 I CAM_PerformanceManager: [P_PERFORM]: Action: A5:switch_data_setup_163_0 takes 1 ms
05-29 23:50:59.037  8947 28789 D CAM_BaseModule: accept 24,2,26,27,28,29,46,47,7,8,10,11,14,4,13,41,5,9,20,34,23,36,73,37,42,43,48,49,52,56,30,61,62,66,60,75,70,76,78,77,84,92,94,98,109,104,111,112,. d.d.a.t6.q7$e@dc3f641
05-29 23:50:59.037  8947 28789 D CAM_BaseModule: begin to consumePreference..
05-29 23:50:59.037  8947 28789 D CAM_ZoomManager: applyZoomRatio(): apply zoom ratio to device = 1.0
05-29 23:50:59.037  8947 28789 V CAM_CameraConfigManager: setZoomRatio(): 1.0
05-29 23:50:59.037  8947 28789 D CAM_CameraConfigs: zoom ratio diff: 0.0
05-29 23:50:59.037  8947  8947 D CAM_CameraUtil: clearRotationAnimation
05-29 23:50:59.037  8947 28789 D CAM_HybridZoomingSystem: toCropRegion(): zoom ratio = 1.0, crop region = Rect(0, 0 - 4208, 3120)
05-29 23:50:59.037  8947 28789 D CAM_RequestVendorTag: applyCropRegion: rect = Rect(0, 0 - 4208, 3120)
05-29 23:50:59.037  8947 28789 V CAM_CaptureRequestBuilder: applyZoomRatio(): cameraId = 0, zoomRatio = 1.0, activeArraySize = Rect(0, 0 - 4208, 3120), cropRegion = Rect(0, 0 - 4208, 3120)
05-29 23:50:59.037  8947 28789 D CAM_Camera2Module: setEffectFilter: 66048
05-29 23:50:59.037  8947  8947 V CAM_ActivityBase: checkGalleryLock: galleryLocked=false
05-29 23:50:59.037  8947 28789 D CAM_CRE_PreviewRenderEngine: Set renderer d.o.g0.u0.n@5f10b2f enabled: false
05-29 23:50:59.037  8947 28789 D CAM_CRE_PreviewRenderEngine: Set renderer d.o.g0.u0.j0.a@e64453c enabled: false
05-29 23:50:59.037  8947 28789 D CAM_AiSceneManager: setAiSceneEffect: 0
05-29 23:50:59.037  8947  8947 D CAM_CameraIntentManager: start activity when locked: false
05-29 23:50:59.037  8947 28789 D CAM_EffectController: getAiColorCorrectionVersion: 2
05-29 23:50:59.037  8947 28789 D CAM_EffectController: getAiColorCorrectionVersion: 2
05-29 23:50:59.037  8947 28789 D CAM_CRE_PreviewRenderEngine: Set renderer d.o.g0.u0.n@5f10b2f enabled: false
05-29 23:50:59.037  8947 28789 D CAM_CRE_PreviewRenderEngine: Set renderer d.o.g0.u0.j0.a@e64453c enabled: false
05-29 23:50:59.037  8947 28789 V CAM_CameraConfigManager: setContrast: 5
05-29 23:50:59.037  8947  8947 D CAM_ActivityBase: checkKeyguard: setShowWhenLocked:false
05-29 23:50:59.037  8947 28789 V CAM_CameraConfigManager: setSaturation: 3
05-29 23:50:59.037  8947 28789 V CAM_CameraConfigManager: setSharpness: 1
05-29 23:50:59.037  8947 28789 W CAM_ImageModuleCameraManager: no consumer for this updateType: 29
05-29 23:50:59.037  8947 28789 V CAM_CameraConfigManager: setExposureMeteringMode: 1
05-29 23:50:59.037  8947 28789 V CAM_CameraConfigManager: setNormalWideLDC: false
05-29 23:50:59.037  8947 28789 V CAM_CameraConfigManager: setUltraWideLDC: false
05-29 23:50:59.037  2022  2521 D ConnectivityService: NetReassign [no changes] [c 0] [a 1] [i 0]
05-29 23:50:59.038  8947 28789 W CAM_ImageModuleCameraManager: no consumer for this updateType: 8
05-29 23:50:59.038  8947 28789 D CAM_BaseModuleCameraManager: thumbnailSize=320x240
05-29 23:50:59.038  8947 28789 D CAM_BaseModule: flashMode: 0
05-29 23:50:59.038  8947 28789 V CAM_MiCamera2: setFlashMode: 0
05-29 23:50:59.038  8947 28789 D CAM_MiCamera2: applyFlashMode: request android.hardware.camera2.CaptureRequest$Builder@8fa5221, applyType = 1
05-29 23:50:59.038  8947 28789 D CAM_MiCameraCompat: applyFlashMode: mode = 0
05-29 23:50:59.038  8947  8947 V CAM_ActivityBase: checkKeyguard: fromKeyguard=false keyguardSecureLocked=false secureUriList is null
05-29 23:50:59.038  8947  8947 V CAM_CameraBrightness: onResume adjustBrightness
05-29 23:50:59.038  8947 28904 D CAM_SocketController: onAvailable: 
05-29 23:50:59.038  8947 28789 D CAM_MiCamera2: applyFlashMode: flashMode = 0, mScreenLightCallback = d.d.a.t6.n8.q1@e213646
05-29 23:50:59.038  8947 28789 D CAM_CaptureRequestBuilder: applyScreenLightHint(): false
05-29 23:50:59.038  8947 28789 D CAM_MiCameraCompat: applyHDRCheckerStatus: 2
05-29 23:50:59.038  8947 28789 V CAM_MiCameraCompat: [K_PROCESS]: applyHDRMode:2
05-29 23:50:59.038  8947 28789 V CAM_CameraConfigManager: setFocusMode: 4
05-29 23:50:59.038  8947 28789 D CAM_CaptureRequestBuilder: applyAFRegions: default 0
05-29 23:50:59.039  8947 28789 D CAM_CaptureRequestBuilder: applyAERegions: default 0
05-29 23:50:59.039  2022  2072 D WindowManager: Set transition=TransitionRecord{9bebc48 id=361 type=OPEN flags=0x0}, ready=true, SyncId=361 
05-29 23:50:59.039  8947 28789 D CAM_CameraCapabilities: isRemoveNevusDefined request : false
05-29 23:50:59.039  8947 28789 D CAM_Camera2Module: updateBeauty(): 3d beauty level: i:0 | ss: 0 |sf: 0 | ee: 0 | ns: 0 | rs: 0 | lp: 0 | cn: 0 | nk: 0 | se: 0 | sn: 0 | hl: 0 | solid: 0 | whiten: 0 | makeup: 0| headSlim: 0 | bodySlim: 0 | shoulderSlim: 0 | legSlim: 0 | puffy: 0| wholeBodySlim: 0 | buttSlim: 0 | makeupType: 0 | makeupLevel: 0 | beautyMode: 2 | makeupFilter: 0 | ambientLight: 0
05-29 23:50:59.039  8947 28789 W CAM_ImageModuleCameraManager: no consumer for this updateType: 41
05-29 23:50:59.039  2022  2072 D WindowManager: Set transition=TransitionRecord{9bebc48 id=361 type=OPEN flags=0x0}, ready=true, SyncId=361 
05-29 23:50:59.039  8947 28849 D CAM_CameraBrightness: adjustBrightness: cost=0ms
05-29 23:50:59.039  8947 28789 D CAM_FaceView: setSkipDraw: mSkipDraw=false
05-29 23:50:59.039  2022  2047 D DisplayManagerService: Drop pending events for gone uid 10110
05-29 23:50:59.039  8947 28789 V CAM_CameraConfigManager: startFaceDetection
05-29 23:50:59.039  8947 28789 D CAM_MiCameraCompat: applyFaceDetection: true、 faceDetectMode: 1
05-29 23:50:59.039  8947 28789 D CAM_BaseModule: antiBanding: 2
05-29 23:50:59.039  8947 28789 V CAM_CameraConfigManager: setAntiBanding: 2
05-29 23:50:59.039  8947 28789 W CAM_ImageModuleCameraManager: no consumer for this updateType: 20
05-29 23:50:59.039  8947 28789 D CAM_Camera2Module: SwMfnr is not supported
05-29 23:50:59.039  8947 28789 D CAM_Camera2Module: setMfnr to true
05-29 23:50:59.039  8947 28789 V CAM_MiCameraCompat: [K_PROCESS]: applyMfnrEnable: false
05-29 23:50:59.039  2022  2047 I NetworkBoostStatusManager: onUidGone uid: 10110
05-29 23:50:59.039  8947 28789 D CAM_Camera2Module: updateDecodePreview: PreviewDecodeManager AlgorithmPreviewSize = 1440x1080
05-29 23:50:59.039  8947 28789 V CAM_MiCamera2: startPreviewCallback
05-29 23:50:59.040  8947 28789 D CAM_AiSceneManager: setAiSceneEffect: 0
05-29 23:50:59.040  8947 28789 D CAM_EffectController: getAiColorCorrectionVersion: 2
05-29 23:50:59.040  8947 28789 D CAM_EffectController: getAiColorCorrectionVersion: 2
05-29 23:50:59.040  8947 28789 D CAM_CRE_PreviewRenderEngine: Set renderer d.o.g0.u0.n@5f10b2f enabled: false
05-29 23:50:59.040  8947 28789 D CAM_CRE_PreviewRenderEngine: Set renderer d.o.g0.u0.j0.a@e64453c enabled: false
05-29 23:50:59.040  8947 28789 D CAM_CRE_PreviewRenderEngine: Set renderer d.o.g0.u0.i@50d2b4b enabled: false
05-29 23:50:59.040  8947 28789 D CAM_CaptureRequestBuilder: applyASDScene: 0
05-29 23:50:59.040  8947 28789 D CAM_BaseModule: flashMode: 0
05-29 23:50:59.040  8947 28789 V CAM_MiCamera2: setFlashMode: 0
05-29 23:50:59.040  8947 28789 D CAM_MiCamera2: applyFlashMode: request android.hardware.camera2.CaptureRequest$Builder@8fa5221, applyType = 1
05-29 23:50:59.040  8947 28789 D CAM_MiCameraCompat: applyFlashMode: mode = 0
05-29 23:50:59.040  8947 28789 D CAM_MiCamera2: applyFlashMode: flashMode = 0, mScreenLightCallback = d.d.a.t6.n8.q1@e213646
05-29 23:50:59.040  8947 28789 D CAM_CaptureRequestBuilder: applyScreenLightHint(): false
05-29 23:50:59.038  8696  8708 D UidObserver: onUidGone entry uid = 10110
05-29 23:50:59.040  8947 28789 D CAM_CameraCapabilities: isRemoveNevusDefined request : false
05-29 23:50:59.040  8947 28789 D CAM_Camera2Module: updateBeauty(): 3d beauty level: i:0 | ss: 0 |sf: 0 | ee: 0 | ns: 0 | rs: 0 | lp: 0 | cn: 0 | nk: 0 | se: 0 | sn: 0 | hl: 0 | solid: 0 | whiten: 0 | makeup: 0| headSlim: 0 | bodySlim: 0 | shoulderSlim: 0 | legSlim: 0 | puffy: 0| wholeBodySlim: 0 | buttSlim: 0 | makeupType: 0 | makeupLevel: 0 | beautyMode: 2 | makeupFilter: 0 | ambientLight: 0
05-29 23:50:59.040  8947 28789 W CAM_ImageModuleCameraManager: no consumer for this updateType: 73
05-29 23:50:59.040  8947 28789 W CAM_BaseModuleCameraManager: no consumer for this updateType: 73
05-29 23:50:59.040  8947 28789 W CAM_ImageModuleCameraManager: no consumer for this updateType: 37
05-29 23:50:59.040  8947 28789 D CAM_Camera2Module: SwMfnr is not supported
05-29 23:50:59.040  8947 28789 D CAM_Camera2Module: setSwMfnr to false
05-29 23:50:59.040  8947 28789 D CAM_Camera2Module: setLightingEffect: 0
05-29 23:50:59.040  8947 28789 D CAM_CRE_PreviewRenderEngine: Set renderer d.o.g0.u0.n@5f10b2f enabled: false
05-29 23:50:59.040  8947 28789 D CAM_CRE_PreviewRenderEngine: Set renderer d.o.g0.u0.j0.a@e64453c enabled: false
05-29 23:50:59.040  8947 28789 W CAM_ImageModuleCameraManager: no consumer for this updateType: 48
05-29 23:50:59.040  8947 28789 W CAM_ImageModuleCameraManager: no consumer for this updateType: 49
05-29 23:50:59.040  8947 28789 W CAM_BaseModuleCameraManager: no consumer for this updateType: 49
05-29 23:50:59.040  8947 28789 W CAM_ImageModuleCameraManager: no consumer for this updateType: 52
05-29 23:50:59.040  8947 28789 D CAM_CameraCapabilities: thresholdZoomValue：   SR_TRIGGER_OPTIMIZATION is null
05-29 23:50:59.040  8947 28789 D CAM_Camera2Module: isMfnrNeeded -> getThresholdZoom is null, and mfnrNeeded: true
05-29 23:50:59.041  1165 29826 E CamX    : [ERROR][MEMMGR ] camximagebuffer.h:634 IsInValidUsageState() [RealTimeFeatureZSLPreviewRaw_IPE0_OutputPortId_FullRef][0xb40000749d79e900] Client trying to use after releasing the ImageBuffer
05-29 23:50:59.041  8947 28789 W CAM_ImageModuleCameraManager: no consumer for this updateType: 62
05-29 23:50:59.041  1165 29826 E CamX    : [ERROR][MEMMGR ] camximagebuffer.h:634 IsInValidUsageState() [RealTimeFeatureZSLPreviewRaw_IPE0_OutputPortId_FullRef][0xb40000749d79ee00] Client trying to use after releasing the ImageBuffer
05-29 23:50:59.041  8947 28789 W CAM_ImageModuleCameraManager: no consumer for this updateType: 75
05-29 23:50:59.041  1165 29826 E CamX    : [ERROR][MEMMGR ] camximagebuffer.h:634 IsInValidUsageState() [RealTimeFeatureZSLPreviewRaw_IPE0_OutputPortId_Ds4Ref][0xb40000749d79f300] Client trying to use after releasing the ImageBuffer
05-29 23:50:59.041  1165 29826 E CamX    : [ERROR][MEMMGR ] camximagebuffer.h:634 IsInValidUsageState() [RealTimeFeatureZSLPreviewRaw_IPE0_OutputPortId_Ds4Ref][0xb40000749d79f800] Client trying to use after releasing the ImageBuffer
05-29 23:50:59.041  8947 28789 V CAM_CameraConfigManager: setHistogramStatsEnabled: false
05-29 23:50:59.041  8947 28789 V CAM_CameraConfigManager: setASDEnable: true
05-29 23:50:59.041  8947 28789 D CAM_BaseModuleCameraManager: updateASD call setASDEnable with true
05-29 23:50:59.041  1165 29826 E CamX    : [ERROR][MEMMGR ] camximagebuffer.h:634 IsInValidUsageState() [RealTimeFeatureZSLPreviewRaw_IPE0_OutputPortId_DS16Ref][0xb40000749d79fd00] Client trying to use after releasing the ImageBuffer
05-29 23:50:59.041  1165 29826 E CamX    : [ERROR][MEMMGR ] camximagebuffer.h:634 IsInValidUsageState() [RealTimeFeatureZSLPreviewRaw_IPE0_OutputPortId_DS16Ref][0xb40000749d7a0200] Client trying to use after releasing the ImageBuffer
05-29 23:50:59.041  8947 28789 W CAM_ImageModuleCameraManager: no consumer for this updateType: 76
05-29 23:50:59.041  8947 28789 W CAM_ImageModuleCameraManager: no consumer for this updateType: 78
05-29 23:50:59.041  8947 28789 W CAM_ImageModuleCameraManager: no consumer for this updateType: 77
05-29 23:50:59.041  8947 28789 D CAM_MiCamera2: sendSatFallbackDisableRequest: E. disable = false, isRepeatingRequest = true
05-29 23:50:59.041  8947 28789 D CAM_MiCameraCompat: applySatFallbackDisable: 0
05-29 23:50:59.041  8947 28789 D CAM_MiCamera2: sendSatFallbackDisableRequest: X.
05-29 23:50:59.041  8947 28789 V CAM_CameraConfigManager: applyHighQualityPreferred: true
05-29 23:50:59.041  8947 28789 W CAM_ImageModuleCameraManager: no consumer for this updateType: 92
05-29 23:50:59.041  8947 28789 D CAM_CameraConfigManager: setBeautyLens 4
05-29 23:50:59.041  8947 28789 W CAM_ImageModuleCameraManager: no consumer for this updateType: 98
05-29 23:50:59.041  8947 28789 W CAM_BaseModuleCameraManager: no consumer for this updateType: 98
05-29 23:50:59.041  8947 28789 W CAM_ImageModuleCameraManager: no consumer for this updateType: 109
05-29 23:50:59.041  8947 28789 V CAM_CameraConfigManager: setAperture(): 1.95
05-29 23:50:59.041  8947 28789 D CAM_CameraConfigs: aperture: 1.95
05-29 23:50:59.041  8947 28789 W CAM_ImageModuleCameraManager: no consumer for this updateType: 111
05-29 23:50:59.041  8947 28789 V CAM_CameraConfigManager: setIsZoomSpeedUp(): false
05-29 23:50:59.041  8947 28789 V CAM_CaptureRequestBuilder: applyIsZoomSpeedUp(): false
05-29 23:50:59.041  8947 28789 W VendorTagHelper: VTNF: com.xiaomi.satFastzoom.isZoomSpeedUp
05-29 23:50:59.041  8947 28789 W CAM_ImageModuleCameraManager: no consumer for this updateType: 112
05-29 23:50:59.041  8947 28789 V CAM_CameraConfigManager: setIsZoomSpeedDown(): false
05-29 23:50:59.041  8947 28789 V CAM_CaptureRequestBuilder: applyIsZoomSpeedDown(): false
05-29 23:50:59.041  8947 28789 W VendorTagHelper: VTNF: com.xiaomi.satFastzoom.isZoomSlowDown
05-29 23:50:59.041  8947 28789 I CAM_PerformanceManager: [P_PERFORM]: Action: 5.2:applyPreviewSettings_163_0 takes 4 ms
05-29 23:50:59.041  8947 28789 I CAM_PerformanceManager: [P_PERFORM]: Action: 5:captureSessionReady2startPreview_163_0 takes 17 ms
05-29 23:50:59.041  8947 28789 V CAM_MiCamera2: resumePreview: cameraId=0 highSpeed=false | caller=d.d.b.n4.A0(SourceFile:7), d.d.a.t6.q7$e.a(SourceFile:13), d.d.a.t6.q7$e.accept(SourceFile:1), io.reactivex.internal.observers.LambdaObserver.onNext(SourceFile:2), 
05-29 23:50:59.042  1696 15972 E VendorTagDescriptor: lookupTag: Tag name 'captureType' does not exist.
05-29 23:50:59.042  1696 15972 I CameraImpl: getPluginRequestCount, not burst mode, captureType(0), success(0)
05-29 23:50:59.042  1696 15972 I Camera3-Device: convertMetadataListToRequestListLocked: pluginCount 0, mIsPluginBurstRequest 0
05-29 23:50:59.042  2022  2946 I SLM-SRV-SLSAppLib: SLM_Ai_Mode EVENT_CHECK_GMAE_AI_MODE_STATUS
05-29 23:50:59.042  2022  2946 I SLM-SRV-SLSAppLib: SLM_Ai_Mode checkGameAiModeStatus mGameAiModeCloudControl:false mLinkTurboAiModeSwitch:false mGameAiModeInterfaceReady:false mGameStartBattle:false powerMgrGameUid:0
05-29 23:50:59.042  2022  2507 I MiuiNetworkPolicy: removeUidState uid = 10110
05-29 23:50:59.042  8947  8947 D CompatibilityUtils: getSdcardPath: sdcardVolume = null
05-29 23:50:59.042  8947  8947 D CAM_FileCompat: getExtSDCardPaths: activePath = null
05-29 23:50:59.042  8947  8947 D CompatibilityUtils: getSdcardPath: sdcardVolume = null
05-29 23:50:59.042  8947  8947 V CAM_Storage: initStorage sd=null
05-29 23:50:59.042  8947 28789 I CAM_MiCamera2: [K_PROCESS]: resumePreview: repeating sequenceId: 0
05-29 23:50:59.042  8947  8947 D CAM_Storage: hasSecondaryStorage=false
