05-29 23:50:59.116  8947  8947 D CAM_BatteryDetector: onBatteryNotification action=0 caller = d.d.a.l3.k(SourceFile:1), d.d.a.l3.c(SourceFile:1), d.d.a.l3$a.onReceive(SourceFile:9), android.app.LoadedApk$ReceiverDispatcher$Args.lambda$getRunnable$0(LoadedApk.java:1842), android.app.LoadedApk$ReceiverDispatcher$Args.$r8$lambda$gDuJqgxY6Zb-ifyeubKeivTLAwk(Unknown Source:0), 
05-29 23:50:59.116  8947  8947 D CAM_StartTopBarAdapter: onBindViewHolder
05-29 23:50:59.117  1345  1345 I RefreshRateSelector: Display 4630946922172900481 policy changed
05-29 23:50:59.117  1345  1345 I RefreshRateSelector: Previous: {defaultModeId=3, allowGroupSwitching=false, primaryRanges={physical=[0.00 Hz, inf Hz], render=[0.00 Hz, 60.00 Hz]}, appRequestRanges={physical=[0.00 Hz, inf Hz], render=[0.00 Hz, 60.00 Hz]}}
05-29 23:50:59.117  1345  1345 I RefreshRateSelector: Current:  DisplayManagerPolicy{defaultModeId=1, allowGroupSwitching=false, primaryRanges={physical=[0.00 Hz, inf Hz], render=[0.00 Hz, 144.00 Hz]}, appRequestRanges={physical=[0.00 Hz, inf Hz], render=[0.00 Hz, 144.00 Hz]}}
05-29 23:50:59.117  1345  1345 I RefreshRateSelector: 1 mode changes were performed under the previous policy
05-29 23:50:59.117  1345  1345 D MI-SF   : mIsSupportAutomodeForMaxFpsSetting is 0(0), getCurrentBrightness() = 224(0), mIsKeepAutoMode 0
05-29 23:50:59.117  1345  1345 D RefreshRateSelector: fixedMode_group: 0, isFindModeGroup 0
05-29 23:50:59.117  1345  1345 D RefreshRateSelector: find max refresh rate:144, mode Group:0
05-29 23:50:59.117  1345  1345 W ComposerExtn: DisplayExtnImpl::SetActiveConfig: HWC Display 0 is not registered!
05-29 23:50:59.118  8947  8947 D CAM_StartTopBarAdapter: updateView - anim id = 2131886455
05-29 23:50:59.118  8947  8947 I CAM_ComponentRunningTopItemAnim: getTopItemImageAnim: configItem = 193 animRes = 2131886455
05-29 23:50:59.118  8947  8947 D CAM_ComponentRunningTopItemAnim: configItem = 193 lastAnimId = 2131886455 newAnimId = 2131886455
05-29 23:50:59.118  8947  8947 I CAM_ComponentRunningTopItemAnim: setTopItemImageAnim: configItem = 193 newAnimRes = 2131886455
05-29 23:50:59.118  8947  8947 I CAM_StartTopBarAdapter: enableAnim = false
05-29 23:50:59.119  8947  8947 D CAM_DragLayout: setDragEnable mDragMode : false, mPromptMode : false,mBar : null,withAnim : false
05-29 23:50:59.119  1165  2141 E CamX    : [ERROR][ISP    ] camxifecrop11titan480.cpp:527 CalculateCropCoordinates() xdebug height near to stream height
05-29 23:50:59.120  2022  2072 D DisplayModeDirectorImpl: use smart display refresh rate policy
05-29 23:50:59.121  8947  8947 E CAM_Camera@130702517: setDolbyVision failed.java.lang.NoSuchMethodException: android.view.SurfaceView.setDolbyVision [boolean]
05-29 23:50:59.122  8947  8947 D VRI[OneShotCamera]: vri.reportNextDraw android.view.ViewRootImpl.handleResized:2339 android.view.ViewRootImpl.-$$Nest$mhandleResized:0 android.view.ViewRootImpl$ViewRootHandler.handleMessageImpl:6771 android.view.ViewRootImpl$ViewRootHandler.handleMessage:6740 android.os.Handler.dispatchMessage:106 
05-29 23:50:59.123  3017  3017 I MiuiHomePrivacyController: onPromptInfoChanged: newMiuiPromptInfo=1, mLastMiuiPromptInfo=0, mShowPrivacy=true, mIsNewMiuiPromptInfo=true
05-29 23:50:59.123  3017  3017 D MiuiHomePrivacyController: updateStatusBarHomePrivacyVisibilities: show
05-29 23:50:59.123  3017  3017 D CollapsedStatusBarFragment: setIsHomePrivacyShowing mIsHomePrivacyShowing: false isHomePrivacyShowing: true isHomeToDotfalse
05-29 23:50:59.124  3017  3017 D CollapsedStatusBarFragment: adjustDisableFlags: ShadeExpansionState = 0 mHideIconsForBouncer = false mWereIconsJustHidden = false, mWakeUpCoordinator.getNotificationsFullyHidden = false, mIsExpanded = false, mBypassController.getBypassEnabled = false, mStatusBarStateController.getState() = 0, mKeyguardStateController.isKeyguardGoingAway() = false, mHeadsUpManager.hasPinnedHeadsUp = false, mControlPanelExpand = false
05-29 23:50:59.134  1345  1345 W Layer   : gatherBufferInfo: Received unknown dataspace from gralloc
05-29 23:50:59.134  1186  1458 I SDM     : HWDeviceDRM::UpdateMixerAttributes: Mixer WxH 1800x2880-1 for Peripheral
05-29 23:50:59.134  1186  1458 I SDM     : HWCDisplay::SubmitDisplayConfig: Active configuration changed to: 1
05-29 23:50:59.139  8947  8947 D CAM_AudioMapMove: setOnAudioMapPressAnimatorListener()
05-29 23:50:59.139  8947  8947 D CAM_VolumeControlPanel: setOnVolumeListener()
05-29 23:50:59.142  8947  8947 D CAM_AiAudioParameterManager: isSupportAiAudioNew: version = 0
05-29 23:50:59.142  8947  8947 D CAM_AbstractFragment: baseUpdateView : FragmentTopAlert, added : true, display mode : 1
05-29 23:50:59.142  8947  8947 D CAM_FragmentTopAlert: onStart
05-29 23:50:59.143  8947  8947 E CAM_Camera@130702517: setDolbyVision failed.java.lang.NoSuchMethodException: android.view.SurfaceView.setDolbyVision [boolean]
05-29 23:50:59.143  8947  8947 D CAM_Camera@130702517: isFromKeyguard: false
05-29 23:50:59.143  8947  8947 I CAM_Camera@130702517: [K_PROCESS]: onWindowFocusChanged: hasFocus: true, isFromKeyguard: false
05-29 23:50:59.143  8947  8947 I CAM_Camera@130702517: [K_PROCESS]: camera2Proxy=d.d.b.n4@8e121f3 - cid: 0; isCameraDisconnected=false
05-29 23:50:59.143  8947  8947 D CAM_Camera2Module: onWindowFocusChanged: true
05-29 23:50:59.143  8947  8947 V CAM_CameraBrightness: onWindowFocusChanged hasFocus=true mFirstFocusChanged=false
05-29 23:50:59.144  8947  8947 I HandWritingStubImpl: refreshLastKeyboardType: 1
05-29 23:50:59.144  8947  8947 I HandWritingStubImpl: getCurrentKeyboardType: 1
05-29 23:50:59.144  2022  3488 I ImeTracker: com.android.camera:f7e0a350: onRequestHide at ORIGIN_SERVER_HIDE_INPUT reason HIDE_ALWAYS_HIDDEN_STATE
05-29 23:50:59.145  2022  3488 I ImeTracker: com.android.camera:f7e0a350: onCancelled at PHASE_SERVER_SHOULD_HIDE
05-29 23:50:59.145  8696  9377 D MirrorManager:  sendAcceptInput 0 0
05-29 23:50:59.147  8947  8947 W CAM_ConfigChangeImpl: onLowBatteryNotification current module has not ready
05-29 23:50:59.147  8947  8947 D CAM_ZoomRatioToggleView: setVisibility(): VISIBLE
05-29 23:50:59.147  7942  7942 I GoogleInputMethodService: GoogleInputMethodService.onFinishInput():2259 
05-29 23:50:59.147  1165  2135 E CamX    : [ERROR][STATS_AEC] ctriggerhandler.h:398: GetInterpZoneDataGeneric did not find an appropriate zone!
05-29 23:50:59.147  1165  2135 E CamX    : [ERROR][STATS_AEC] ctriggerhandler.h:398: GetInterpZoneDataGeneric did not find an appropriate zone!
05-29 23:50:59.147  8947  8947 D CAM_InputDeviceManager: onResume: true
05-29 23:50:59.147  8947  8947 D CAM_InputDeviceManager: updateConnStatus: E.
05-29 23:50:59.148  8947  8947 D CAM_InputDeviceManager: updateConnStatus: X. cost: 1
05-29 23:50:59.148  8947  8947 D VRI[OneShotCamera]: vri.Setup new sync=wmsSync-VRI[OneShotCamera]#13
05-29 23:50:59.149  2022  9534 I WindowManager: cancelAnimation removed leash : Surface(name=Surface(name=6a152e3 InputMethod#141)/@0x189a399 - animation-leash of insets_animation#4269)/@0x2160035
05-29 23:50:59.149  1754  1754 I wificond: station_bandwidth: P
05-29 23:50:59.149  7942  7942 I Module  : DeviceLockedStatusModuleProvider$Module.updateDeviceLockedStatus():103 repeatCheckTimes = 0, locked = false
05-29 23:50:59.149  7942  7942 I GoogleInputMethodService: GoogleInputMethodService.onStartInput():1446 onStartInput(EditorInfo{EditorInfo{packageName=com.android.camera, inputType=0, inputTypeString=NULL, enableLearning=false, autoCorrection=false, autoComplete=false, imeOptions=0, privateImeOptions=null, actionName=UNSPECIFIED, actionLabel=null, initialSelStart=-1, initialSelEnd=-1, initialCapsMode=0, label=null, fieldId=0, fieldName=null, extras=Bundle[mParcelledData.dataSize=72], hintText=null, hintLocales=[]}}, false)
05-29 23:50:59.150  7942  7942 I AndroidIME: LatinIMEBase.updateInputViewCoverNavigation():322 Update input view padding, isNavbarOverInputWindow=false, bottom inset=118
05-29 23:50:59.150  1165  2144 E CamX    : [ERROR][STATS_AEC] ctriggerhandler.h:398: GetInterpZoneDataGeneric did not find an appropriate zone!
05-29 23:50:59.150  1165  2144 E CamX    : [ERROR][STATS_AEC] ctriggerhandler.h:398: GetInterpZoneDataGeneric did not find an appropriate zone!
05-29 23:50:59.151  7942  7942 I Module  : DeviceLockedStatusModuleProvider$Module.updateDeviceLockedStatus():103 repeatCheckTimes = 1, locked = false
05-29 23:50:59.153  2022  9534 W PackageConfigPersister: App-specific configuration not found for packageName: com.android.camera and userId: 0
05-29 23:50:59.154  3081  3516 D RecentsModel: onTaskStackChangedBackground    MSG_TASK_STACK_CHANGE
05-29 23:50:59.154  3081  3516 D RecentsModel: preloadRecents
05-29 23:50:59.154  3081  3516 W RecentsModel: getRunningTask
05-29 23:50:59.156  2022  2072 I DisplayDeviceRepository: Display device changed: DisplayDeviceInfo{"Tela integrada": uniqueId="local:4630946922172900481", 1800 x 2880, modeId 2, renderFrameRate 144.00002, defaultModeId 2, supportedModes [{id=1, width=1800, height=2880, fps=120.00001, alternativeRefreshRates=[30.000002, 48.000004, 50.0, 60.000004, 90.0, 144.00002], supportedHdrTypes=[1, 2, 3, 4]}, {id=2, width=1800, height=2880, fps=144.00002, alternativeRefreshRates=[30.000002, 48.000004, 50.0, 60.000004, 90.0, 120.00001], supportedHdrTypes=[1, 2, 3, 4]}, {id=3, width=1800, height=2880, fps=90.0, alternativeRefreshRates=[30.000002, 48.000004, 50.0, 60.000004, 120.00001, 144.00002], supportedHdrTypes=[1, 2, 3, 4]}, {id=4, width=1800, height=2880, fps=60.000004, alternativeRefreshRates=[30.000002, 48.000004, 50.0, 90.0, 120.00001, 144.00002], supportedHdrTypes=[1, 2, 3, 4]}, {id=5, width=1800, height=2880, fps=50.0, alternativeRefreshRates=[30.000002, 48.000004, 60.000004, 90.0, 120.00001, 144.00002], supportedHdrTypes=[1, 2, 3, 4]}, {id=6, width=1800, height=2880, fps=48.000004, alternativeRefreshRates=[30.000002, 50.0, 60.000004, 90.0, 120.00001, 144.00002], supportedHdrTypes=[1, 2, 3, 4]}, {id=7, width=1800, height=2880, fps=30.000002, alternativeRefreshRates=[48.000004, 50.0, 60.000004, 90.0, 120.00001, 144.00002], supportedHdrTypes=[1, 2, 3, 4]}], colorMode 0, supportedColorModes [0, 7, 9], hdrCapabilities HdrCapabilities{mSupportedHdrTypes=[1, 2, 3, 4], mMaxLuminance=420.0, mMaxAverageLuminance=210.1615, mMinLuminance=0.323}, allmSupported false, gameContentTypeSupported false, density 400, 308.918 x 309.049 dpi, appVsyncOff 1000000, presDeadline 10722222, touch INTERNAL, rotation 0, type INTERNAL, address {port=129, model=0x40446db09dcde4}, deviceProductInfo DeviceProductInfo{name=, manufacturerPnpId=QCM, productId=1, modelYear=null, manufactureDate=ManufactureDate{week=27, year=2006}, connectionToSinkType=0}, state ON, committedState ON, frameRateOverride , brightnessMinimum 0.0, brightnessMaximum 1.0, brightnessDefault 0.074743524, hdrSdrRatio NaN, roundedCorners RoundedCorners{[RoundedCorner{position=TopLeft, radius=46, center=Point(46, 46)}, RoundedCorner{position=TopRight, radius=46, center=Point(1754, 46)}, RoundedCorner{position=BottomRight, radius=46, center=Point(1754, 2834)}, RoundedCorner{position=BottomLeft, radius=46, center=Point(46, 2834)}]}, FLAG_ALLOWED_TO_BE_DEFAULT_DISPLAY, FLAG_ROTATES_WITH_CONTENT, FLAG_SECURE, FLAG_SUPPORTS_PROTECTED_BUFFERS, FLAG_TRUSTED, installOrientation 0, displayShape DisplayShape{ spec=326869049 displayWidth=1800 displayHeight=2880 physicalPixelDisplaySizeRatio=1.0 rotation=0 offsetX=0 offsetY=0 scale=1.0}}
05-29 23:50:59.156  8947  8947 D VRI[OneShotCamera]: vri.reportDrawFinished
05-29 23:50:59.160  2022  2072 D TAG     : Remove previously redundant display event 0/2 to 10147/19847
05-29 23:50:59.160  2022  2072 D TAG     : Remove previously redundant display event 0/2 to 10146/23259
05-29 23:50:59.161  3081  3081 W Launcher.DeviceConfig: onDisplayChanged: newRotation=0, oldRotation=0, launcherRotation=0
05-29 23:50:59.161  3081  3081 D Launcher.DeviceConfig: setIsFixedRotating=false
05-29 23:50:59.163  2965  3461 I BtGatt.ScanManager: msg.what = MSG_SCREEN_ON, msg.arg1 = None
05-29 23:50:59.165  2022  2072 D DisplayModeDirectorImpl: use smart display refresh rate policy
05-29 23:50:59.165  3017  3017 V AutoDensityController: on display changed 0 context dpi:374 origin dpi:400 target dpi:374
05-29 23:50:59.165  3017  3017 D ControlCenterWindowViewController: on display changed 0
05-29 23:50:59.165  2022  7721 D ActivityManager: checkAllowBackground: uid=10139 pkg=com.android.camera rec=UidRecord{53943f0 u0a139 TOP  change:procadj procs:0 seq(206896,206434)} caps=LCMNFU always=false idle=false
05-29 23:50:59.166  3081  3516 W RecentsModel: getRunningTask   taskInfo=TaskInfo{userId=0 taskId=498 displayId=0 isRunning=true baseIntent=Intent { act=android.intent.action.MAIN cat=[android.intent.category.LAUNCHER] flg=0x10200000 cmp=com.hamvit.mobile/.MainActivity } baseActivity=ComponentInfo{com.hamvit.mobile/com.hamvit.mobile.MainActivity} topActivity=ComponentInfo{com.android.camera/com.android.camera.OneShotCamera} origActivity=null realActivity=ComponentInfo{com.hamvit.mobile/com.hamvit.mobile.MainActivity} numActivities=2 lastActiveTime=10851347 supportsSplitScreenMultiWindow=true supportsMultiWindow=true resizeMode=1 isResizeable=true minWidth=-1 minHeight=-1 defaultMinSize=200 token=WCT{android.window.IWindowContainerToken$Stub$Proxy@1a468cd} topActivityType=1 pictureInPictureParams=null shouldDockBigOverlays=false launchIntoPipHostTaskId=-1 lastParentTaskIdBeforePip=-1 displayCutoutSafeInsets=null topActivityInfo=ActivityInfo{67d4582 com.android.camera.OneShotCamera} launchCookies=[] positionInParent=Point(0, 0) parentTaskId=-1 isFocused=true isVisible=true isVisibleRequested=true isSleeping=false topActivityInSizeCompat=false topActivityInMiuiSizeCompat=false topActivityEligibleForLetterboxEducation= false topActivityLetterboxed= false isFromDoubleTap= false topActivityLetterboxVerticalPosition= -1 topActivityLetterboxHorizontalPosition= -1 topActivityLetterboxWidth=-1 topActivityLetterboxHeight=-1 locusId=null displayAreaFeatureId=1 cameraCompatControlState=hidden mIsCastMode=false mTopActivityMediaSize=Rect(0, 0 - 0, 0) mTopActivityRecordName=ActivityRecord{614992e u0 com.android.camera/.OneShotCamera t498} mTopActivityOrientation=4 mTopActivityWindowIsNowVisible=true isTranslucent=false isEmbedded=false shouldBeVisible=true isImmersive=false mBehindAppLockPkg=null mOriginatingUid=0}
05-29 23:50:59.166  3081  3516 W RecentsModel: getTaskInfoIgnoreHomeAndFreeform   taskInfo=ComponentInfo{com.hamvit.mobile/com.hamvit.mobile.MainActivity}
05-29 23:50:59.167  3081  3516 E ActivityManagerWrapper: get all recent tasks force including 498
05-29 23:50:59.170  3017  3017 D Utilities:  oldHints : 0 backDisposition : 0 imeShown : false hints 0
05-29 23:50:59.170  2022  2072 D DisplayModeDirectorImpl: use smart display refresh rate policy
05-29 23:50:59.171  3081  3516 E ActivityManagerWrapper: getRecentTasks: size=2
05-29 23:50:59.171  3081  3516 E ActivityManagerWrapper: getRecentTasks: mainTaskId=498   userId=0   windowMode=1   baseIntent=Intent { act=android.intent.action.MAIN flag=270532608 cmp=ComponentInfo{com.hamvit.mobile/com.hamvit.mobile.MainActivity} }
05-29 23:50:59.171  3081  3516 E ActivityManagerWrapper: getRecentTasks: mainTaskId=490   userId=0   windowMode=1   baseIntent=Intent { act=android.intent.action.MAIN flag=270532608 cmp=ComponentInfo{com.android.settings/com.android.settings.MainSettings} }
05-29 23:50:59.181  1345  1345 W Layer   : gatherBufferInfo: Received unknown dataspace from gralloc
05-29 23:50:59.187  1345  1345 W Layer   : gatherBufferInfo: Received unknown dataspace from gralloc
05-29 23:50:59.200  3017  3484 W RenderInspector: DequeueBuffer time out on StatusBar, count=1, avg=11 ms, max=11 ms.
05-29 23:50:59.205  8947 28776 W RenderInspector: DequeueBuffer time out on com.android.camera/com.android.camera.OneShotCamera, count=1, avg=18 ms, max=18 ms.
05-29 23:50:59.233  3017  3017 I MiuiStatusBarHoverH: update bg,hover=0, light mode -> true
05-29 23:50:59.235  1165  2141 E CamX    : [ERROR][LRME/CVP] camxcvpnode.cpp:947 GetFaceROI() Face ROI is not published
05-29 23:50:59.236  1165  2135 E CamX    : [ERROR][STATS_AEC] ctriggerhandler.h:398: GetInterpZoneDataGeneric did not find an appropriate zone!
05-29 23:50:59.251  1165  2143 I LDC-NODE: [ProcessRequest()]:[371] LDC RUN [255-9] mode=5,type=0,frameNum=1,in:1440x1080(1440x1080),fmt=3,out:1440x1080(1440x1080),fmt=3,level=1 RoleType=0
05-29 23:50:59.255  8947  9577 D CAM_MiCamera2: onCaptureCompleted: sequenceId = 0, frameNumber = 0
05-29 23:50:59.255  8947  9577 D CAM_MiCamera2: setState: 1
05-29 23:50:59.256  8947 29776 I .android.camera: EglImage dataspace changed, need recreate
05-29 23:50:59.257  8947 29776 D CAM_CRE_PreviewRenderEngine: OES Texture ColorSpace = (standard: 0, transfer: 0, range: 0)
05-29 23:50:59.257  8947 28802 I CAM_PerformanceManager: [P_PERFORM]: Event: COLD_LAUNCH has no start time, ignore this stop event as take 0 ms
05-29 23:50:59.257  8947 29776 D CAM_BaseModule: DataSpaceTranslator: 0 -> ColorSpace.Description(tex: DISPLAY_P3, dpy: DISPLAY_P3_PASSTHROUGH)
05-29 23:50:59.257  8947 29776 D CAM_CRE_PreviewRenderEngine: onDrawFrame rendering count:0 hasExtRenderer:false
05-29 23:50:59.257  8947 28802 I CAM_PerformanceManager: [P_PERFORM]: Event: HOT_LAUNCH_163_0 takes 344 ms
05-29 23:50:59.257  8947 28802 I CAM_PerformanceManager: [P_PERFORM]: Event: HOT_LAUNCH takes 344 is less than 1500
05-29 23:50:59.257  8947 28802 D CAM_ActivityBase: onFrameAvailable: trackStartAppCost: 344
05-29 23:50:59.257  8947 28802 I CAM_PerformanceManager: [P_PERFORM]: Action: 6:[HAL]startPreview2firstFrame_163_0 takes 216 ms
05-29 23:50:59.258  8947 28915 I CAM_PermissionManager: getNeedCheckPermissionList() listSize =0
05-29 23:50:59.258  8947 28915 I CAM_PermissionManager: checkCameraLocationPermissions(), all on
05-29 23:50:59.260  8947 28802 D CAM_RenderEngineV2: clearAnimation
05-29 23:50:59.260  8947  8947 D CAM_FragmentBottomAction: setClickEnable: true
05-29 23:50:59.260  8947  8947 D CAM_CameraSnapView: setClickEnable: true
05-29 23:50:59.260  2022  7721 D GnssBackgroundUsageOpt: request: mRequestMap add: 101398947networkd.d.a.p4$c@161932395
05-29 23:50:59.260  2022  7721 D GnssBackgroundUsageOpt: NowRequest[@+1s0ms BALANCED, WorkSource{10139 com.android.camera}] callType:android.location.ILocationListener$Stub$Proxy@ad1649e identity:10139/com.android.camera/234C59A7
05-29 23:50:59.260  2022  7721 I GnssBackgroundUsageOpt: request provider:network key:101398947networkd.d.a.p4$c@161932395
05-29 23:50:59.261  8947 28802 I CAM_BaseModule: [K_PROCESS]: enableCameraControls: enable = true, caller: d.d.a.t6.q7.Y(SourceFile:2), 
05-29 23:50:59.261  8947 28802 D CAM_BaseModule: setFrameAvailable true
05-29 23:50:59.261  8947 28802 D CAM_FocusView: reset: type = 8, is draw = false, mIsTouchFocus = false
05-29 23:50:59.261  8947 29831 D CAM_MiuiCameraSound: [WTP]loadCameraSound: E
05-29 23:50:59.261  8947 29831 D CAM_MiuiCameraSound: [WTP]loadCameraSound: X
05-29 23:50:59.261  8947 28919 D CAM_ParallelManager: initParallelSession: E
05-29 23:50:59.261  8947 28802 D CAM_InputDeviceManager: updateConnStatus: E.
05-29 23:50:59.261  8947 28802 D CAM_InputDeviceManager: updateConnStatus: X. cost: 0
05-29 23:50:59.261  8947 28919 D CAM_ParallelManager: configParallelSession: algorithmOutputSize = null
05-29 23:50:59.261  8947 28919 D CAM_ParallelManager: configParallelSession:         pictureSize = 3264x2448
05-29 23:50:59.261  8947 28919 D CAM_ParallelManager: configParallelSession:          outputSize = 3264x2448
05-29 23:50:59.261  8947 28919 D CAM_ParallelManager: configParallelSession:        outputFormat = 256
05-29 23:50:59.261  8947 28919 D CAM_ParallelManager: configParallelSession: bufferFormat is BufferFormat{bufferWidth=3264, bufferHeight=2448, bufferFormat=35, graphDescriptor=GraphDescriptorBean{mOperationModeID=0, mStreamNumber=1, mIsSnapshot=true, mCameraCombinationMode=0x1}, depthBufferSize=null}
05-29 23:50:59.261  8947 28919 D CAM_BoostFrameworkImpl: startBoost: duration = 300, scene = 6
05-29 23:50:59.261  8947 28919 D CAM_BoostFrameworkImpl: ready to boost
05-29 23:50:59.261  8947 28789 D CAM_Camera2Module: initPreviewCallbackTypeDecoders: previewCallbackType: 0x0, needUpdatePreference: false
05-29 23:50:59.262  8947  8947 D CAM_FragmentModeSelector: setClickEnable: true
05-29 23:50:59.262  8947  8947 D CAM_FragmentModeSelector: notifyAfterFrameAvailable: dragChild's VState: 0 AlphaState: 1.0 TransLationY: 0.0
05-29 23:50:59.262  8947  8947 D CAM_FragmentMainContentMM: setClickEnable: true
05-29 23:50:59.262  8947  8947 V CAM_FaceView: mCameraDisplayOrientation=90
05-29 23:50:59.262  8947  8947 D CAM_FocusView: onCameraOpen>>
05-29 23:50:59.263  8947 28802 D CAM_BaseModule: notifyFirstFrameArrived 1
05-29 23:50:59.263  8947 28919 I CAM_PostProcessor: configCaptureSession: E. format = BufferFormat{bufferWidth=3264, bufferHeight=2448, bufferFormat=35, graphDescriptor=GraphDescriptorBean{mOperationModeID=0, mStreamNumber=1, mIsSnapshot=true, mCameraCombinationMode=0x1}, depthBufferSize=null}
05-29 23:50:59.263  8947 28802 D CAM_Camera2Module: notifyAfterFirstFrameArrived.m3ALocked: false
05-29 23:50:59.263  8947  8947 W CAM_FocusView: onCameraOpen: adapter=d.d.a.t7.t1@84a5a6b
05-29 23:50:59.263  8947 28919 I CAM_ImageProcessor: init: E
05-29 23:50:59.263  8947  8947 D CAM_TrackFocusView: clear
05-29 23:50:59.263  8947 28920 D CAM_BaseModule: isSupportAFSaliency=false
05-29 23:50:59.263  8947  8947 D CAM_FragmentTopBar: setClickEnable: true
05-29 23:50:59.264  8947  8947 D CAM_FragmentTopAlert: setClickEnable: true
05-29 23:50:59.265  8947 29776 D CAM_CRE_PreviewRenderEngine: setAnimationType type reset to ANIMATION_NONE
05-29 23:50:59.265  8947 28802 D CAM_StateListenerV2: onFrameAvailable
05-29 23:50:59.265  8947 28802 D CAM_CRE_PreviewRenderEngine: onFrameAvailable first frame arrived.
05-29 23:50:59.265  8947 28802 D CAM_StateListenerV2: onFrameDrawn
05-29 23:50:59.265  8947  8947 I CAM_ComponentRunningTopItemAnim: setTopItemImageAnim: configItem = 193 newAnimRes = 2131886455
05-29 23:50:59.265  8947  8947 D CAM_ComponentRunningTopItemAnim: updateData: mLastMode = 163 isLastModeFlashEmpty = false value = 0
05-29 23:50:59.266  1186  1458 I SDM     : HWCDisplay::SetPreferredColorModeInternal: Applying mode: smart_MC1
05-29 23:50:59.266  8947  8947 D CAM_AiAudioParameterManager: isSupportAiAudioNew: version = 0
05-29 23:50:59.266  8947  8947 D CAM_AiAudioParameterManager: isSupportAiAudioNew: version = 0
05-29 23:50:59.266  8947  8947 D CAM_AiAudioParameterManager: isSupportAiAudioNew: version = 0
05-29 23:50:59.266  8947  8947 D CAM_ConfigChangeImpl: reCheckAiAudioSingle:alertAiAudioSingleBGHint
05-29 23:50:59.266  8947 28915 I CAM_LocationManager: fail to request location update, ignore
05-29 23:50:59.266  8947 28915 I CAM_LocationManager: java.lang.IllegalArgumentException: provider "gps" does not exist
05-29 23:50:59.266  8947 28915 I CAM_LocationManager: 	at android.os.Parcel.createExceptionOrNull(Parcel.java:3082)
05-29 23:50:59.266  8947 28915 I CAM_LocationManager: 	at android.os.Parcel.createException(Parcel.java:3062)
05-29 23:50:59.266  8947 28915 I CAM_LocationManager: 	at android.os.Parcel.readException(Parcel.java:3045)
05-29 23:50:59.266  8947 28915 I CAM_LocationManager: 	at android.os.Parcel.readException(Parcel.java:2987)
05-29 23:50:59.266  8947 28915 I CAM_LocationManager: 	at android.location.ILocationManager$Stub$Proxy.registerLocationListener(ILocationManager.java:1317)
05-29 23:50:59.266  8947 28915 I CAM_LocationManager: 	at android.location.LocationManager.requestLocationUpdates(LocationManager.java:1593)
05-29 23:50:59.266  8947 28915 I CAM_LocationManager: 	at android.location.LocationManager.requestLocationUpdates(LocationManager.java:1270)
05-29 23:50:59.266  8947 28915 I CAM_LocationManager: 	at android.location.LocationManager.requestLocationUpdates(LocationManager.java:1234)
05-29 23:50:59.266  8947 28915 I CAM_LocationManager: 	at d.d.a.p4.o(SourceFile:9)
05-29 23:50:59.266  8947 28915 I CAM_LocationManager: 	at d.d.a.p4.l(SourceFile:4)
05-29 23:50:59.266  8947 28915 I CAM_LocationManager: 	at d.d.a.p4.m(Unknown Source:0)
05-29 23:50:59.266  8947 28915 I CAM_LocationManager: 	at d.d.a.o1.run(Unknown Source:4)
05-29 23:50:59.266  8947 28915 I CAM_LocationManager: 	at android.os.Handler.handleCallback(Handler.java:958)
05-29 23:50:59.266  8947 28915 I CAM_LocationManager: 	at android.os.Handler.dispatchMessage(Handler.java:99)
05-29 23:50:59.266  8947 28915 I CAM_LocationManager: 	at android.os.Looper.loopOnce(Looper.java:222)
05-29 23:50:59.266  8947 28915 I CAM_LocationManager: 	at android.os.Looper.loop(Looper.java:314)
05-29 23:50:59.266  8947 28915 I CAM_LocationManager: 	at android.os.HandlerThread.run(HandlerThread.java:67)
05-29 23:50:59.266  8947 28915 I CAM_LocationManager: Caused by: android.os.RemoteException: Remote stack trace:
05-29 23:50:59.266  8947 28915 I CAM_LocationManager: 	at com.android.internal.util.Preconditions.checkArgument(Preconditions.java:59)
05-29 23:50:59.266  8947 28915 I CAM_LocationManager: 	at com.android.server.location.LocationManagerService.registerLocationListener(LocationManagerService.java:897)
05-29 23:50:59.266  8947 28915 I CAM_LocationManager: 	at android.location.ILocationManager$Stub.onTransact(ILocationManager.java:601)
05-29 23:50:59.266  8947 28915 I CAM_LocationManager: 	at android.os.Binder.execTransactInternal(Binder.java:1351)
05-29 23:50:59.266  8947 28915 I CAM_LocationManager: 	at android.os.Binder.execTransact(Binder.java:1282)
05-29 23:50:59.266  8947 28915 I CAM_LocationManager: 
05-29 23:50:59.266  8947 28915 D CAM_LocationManager: startReceivingLocationUpdates
05-29 23:50:59.266  1213  1797 D DisplayFeatureHal: Handle10BitVideo enter 1, the mActiveAppId: 4
05-29 23:50:59.266  8947  8947 D CAM_FragmentDualCameraAdjustMM: setClickEnable: true
05-29 23:50:59.266  1213  1797 D DisplayFeatureHal: HandleColorMode enter value 258
05-29 23:50:59.266  8947  8947 D CAM_ZoomRatioToggleView: setEnabled(): true
05-29 23:50:59.266  8947  8947 D CAM_FragmentDualCameraAdjust: initZoomRatioForBackCamera(): zoom: 1.0
05-29 23:50:59.266  2022  3447 D ActivityManager: checkAllowBackground: uid=10133 pkg=com.google.android.gms rec=UidRecord{339f9d7 u0a133 BFGS change:procadj procs:0 seq(206963,159481)} caps=LCMNFU always=false idle=false
05-29 23:50:59.266  8947  8947 D CAM_FragmentDualCameraAdjustMM: provideAnimateElement(): initialized zoom ratio: 1.0
05-29 23:50:59.266  8947  8947 D CAM_ZoomRatioToggleView: count = 1
05-29 23:50:59.266  8947  8947 D CAM_ZoomRatioToggleView: setSuppressed(): true
05-29 23:50:59.266  8947  8947 D CAM_ZoomRatioToggleView: setSuppressed() ignored: true
05-29 23:50:59.266  8947  8947 I CAM_ZoomRatioToggleView: [U_ACTION]: setZoomRatio(): a = ZOOMING_BY_UNKNOWN_SOURCE,i = 0,z = 1.0,ti =0,tz =1.0
05-29 23:50:59.267  8947 28915 D CAM_LocationManager: last cache location is not null
05-29 23:50:59.267  8947  8947 D CAM_ZoomRatioToggleView: setZoomRatio(): mIsSuppressed
05-29 23:50:59.267  8947  8947 D CAM_FragmentDualCameraAdjust: initZoomRatioForBackCamera(): zoom: 1.0
05-29 23:50:59.267  8947  8947 D CAM_FragmentDualCameraAdjustMM: provideAnimateElement(): initialized zoom ratio: 1.0
05-29 23:50:59.267  8904  9349 W MIUISafety-Monitor: sync com.android.camera,userId:0,op:41,active:true,isNote:false,isTerminal:false,notify:true
05-29 23:50:59.267  8947  8947 D CAM_ZoomRatioToggleView: count = 1
05-29 23:50:59.267  8947  8947 D CAM_ZoomRatioToggleView: setSuppressed(): true
05-29 23:50:59.267  8947  8947 D CAM_ZoomRatioToggleView: setSuppressed() ignored: true
05-29 23:50:59.267  8947  8947 I CAM_ZoomRatioToggleView: [U_ACTION]: setZoomRatio(): a = ZOOMING_BY_UNKNOWN_SOURCE,i = 0,z = 1.0,ti =0,tz =1.0
05-29 23:50:59.267  8947  8947 D CAM_ZoomRatioToggleView: setZoomRatio(): mIsSuppressed
05-29 23:50:59.268  8947 28919 I CAM_ImageProcessor: init: X
05-29 23:50:59.268  8947  8947 D CAM_DispatchFragment: frameAvailable
05-29 23:50:59.268  8947 28919 I CAM_BaseImageProcessor: create ImageProcessor _S_3264x2448_150424008
05-29 23:50:59.268  8947 28919 I CAM_BaseImageProcessor: startWork: E
05-29 23:50:59.268  8947 28919 D CAM_ImageProcessor: E: init WorkerHandler
05-29 23:50:59.268  1186  1458 D SDM     : ColorManager::Validate: Applying mode 258
05-29 23:50:59.268  8947  8947 D CAM_Camera2Module: setEffectFilter: 66048
05-29 23:50:59.268  8947  8947 D CAM_CRE_PreviewRenderEngine: Set renderer d.o.g0.u0.n@5f10b2f enabled: false
05-29 23:50:59.269  8947  8947 D CAM_CRE_PreviewRenderEngine: Set renderer d.o.g0.u0.j0.a@e64453c enabled: false
05-29 23:50:59.269  8947  8947 D CAM_AiSceneManager: setAiSceneEffect: 0
05-29 23:50:59.269  8947  8947 D CAM_EffectController: getAiColorCorrectionVersion: 2
05-29 23:50:59.269  8947  8947 D CAM_EffectController: getAiColorCorrectionVersion: 2
05-29 23:50:59.269  8947  8947 D CAM_CRE_PreviewRenderEngine: Set renderer d.o.g0.u0.n@5f10b2f enabled: false
05-29 23:50:59.269  8947  8947 D CAM_CRE_PreviewRenderEngine: Set renderer d.o.g0.u0.j0.a@e64453c enabled: false
05-29 23:50:59.269  8947  8947 D CAM_FaceView: setSkipDraw: mSkipDraw=false
05-29 23:50:59.269  8947 28919 D CAM_ImageProcessor: X: init WorkerHandler
05-29 23:50:59.270  8947 28919 I CAM_BaseImageProcessor: startWork: X. WorkerThread_S_3264x2448_150424008 started
05-29 23:50:59.270  8947 28919 W libc    : Access denied finding property "vendor.display.enable_optimal_refresh_rate"
05-29 23:50:59.270  8947  8947 D CAM_CRE_PreviewRenderEngine: Set renderer d.o.g0.u0.x@631f2c5 enabled: false
05-29 23:50:59.270  8947 28919 D MiCameraAlgo: createSessionByOutputConfigurations: E
05-29 23:50:59.270  8947  8947 D CAM_CRE_PreviewRenderEngine: Set renderer d.o.g0.u0.y@49a941a enabled: false
05-29 23:50:59.271  8947 28919 I MI_Algo_JNI: [createSessionByOutputConfigurations]: get configurations: list size is 1 callback 0x7a2d4050e0
05-29 23:50:59.271  8947  8947 D CAM_FragmentBottomPopupTips: restoreAiState: maybe restore ai scene tip:0
05-29 23:50:59.271  8947  8947 D CAM_FragmentTopAlert: camerapicker:alertParameterDescriptionTip：visible   8
05-29 23:50:59.271  8947  8947 D CAM_FragmentTopAlert: camerapicker:alertParameterDescriptionTip->DESCRIPTION_NORMAL:change imageView
05-29 23:50:59.271  8947 28919 D MI_Algo_JNI: [createSessionByOutputConfigurations]: get configuration: ANativeWindow pointer = -5476376621696520176, group id = 3
05-29 23:50:59.271  8947 28919 I MI_Algo_JNI: Before pInit in getGraphDescriptor 406 mCAI 0x7aa709b9d8,0x0
05-29 23:50:59.271  8947 28919 I MI_Algo_JNI: received graphId descriptor: operation_mode: 0, num_streams: 1, is_snapshot: 1, camera_id: 1
05-29 23:50:59.271  8947 28919 I MI_Algo_JNI: [createSessionByOutputConfigurations]: createSession in Java_com_xiaomi_engine_MiCamAlgoInterfaceJNI_createSessionByOutputConfigurations + 764; mCAI: 0x7aa709b9d8,0x0, descriptor: 0x7a2d404f78
05-29 23:50:59.271  8947 28919 D MI_Algo_JNI: MySessionCb has been constructed.
05-29 23:50:59.272  8947 28919 I MIA_INTF: [MIACreateSession:71]:E GraphDescriptor:0x7a2d404f78 output type:1 cb:0xb400007afc7d0c20
05-29 23:50:59.272  8947 28919 D MIA_SRVC: [createSession:103]:E GraphDescriptor:0x7a2d404f78 cb:0xb400007afc7d0c20
05-29 23:50:59.272  8947 28919 D MIA_SESN: [MiaSession:230]:MiaSession construct 0xb400007a6777e200
05-29 23:50:59.272  8947 28919 I MIA_SESN: [getGraphID:1150]:E operation_mode:0x0 is_snapshot:1 camera_mode:0x1 num_streams:1
05-29 23:50:59.272  8947 28919 I MIA_SESN: [buildGraph:567]:graphID 3, output type: 1
05-29 23:50:59.272  8947 28919 D MIA_SESN: [setup:121]:Consumer holds 4 buffers
05-29 23:50:59.272  8947 28919 D MIA_SESN: [setup:154]:X window format:0x23 wxh:3264x2448
05-29 23:50:59.272  8947 28919 D MIA_SESN: [bind:84]:[0]bind to node:2 port:0
05-29 23:50:59.272  8947 28919 I MIA_SESN: [buildGraph:593]:Created SurfaceWrapper for type:0
05-29 23:50:59.272  8947 28919 D MIA_SESN: [buildGraph:610]:Get frame info from 0 type surface: 3264x2448 format:35
05-29 23:50:59.272  8947 28919 I MIA_SESN: [createNode:308]:createNode node type: 8 name: MiaNodeHdr
05-29 23:50:59.272  8947 28919 D MIA_N_HDR: [MiaNodeHdr:18]:now construct -->> MiaNodeHdr
05-29 23:50:59.272  8947  8947 D CAM_FragmentTopAlert: camerapicker:alertParameterDescriptionTip->DESCRIPTION_FILTER:change imageView
05-29 23:50:59.272  8947 28919 D MIA_N_AHDR: [load_config:304]:load_config:hdr:  common param: 250.00 300.00 1 0.65 0.75 1.00 4.50
05-29 23:50:59.272  8947 28919 E ArcSoft_C_L1: ENABLE_LEVEL_LOG
05-29 23:50:59.272  8947 28919 E ArcSoft_C_L1: ARC_LLHDR_SetLogLevel i32LogLevel = 2
05-29 23:50:59.272  8947 28919 I MIA_SESN: [createNode:308]:createNode node type: 9 name: MiaNodeSkinBeautifier
05-29 23:50:59.272  8947 28919 D MIA_N_ASBF: [MiaNodeSkinBeautifier:15]:now construct -->> MiaNodeSkinBeautifier
05-29 23:50:59.272  8947 28919 I MIA_SESN: [createNode:308]:createNode node type: 2 name: MiaNodeAIIE
05-29 23:50:59.273  8947 28919 D MIA_N_AIIE: [MiaNodeAIIE:26]:now construct -->> MiaNodeAIIE
05-29 23:50:59.273  8947 28919 I MIA_NODE: [linkNode:46]:now push back  child type 8 into MiaNode type 9 's mParentNodes
05-29 23:50:59.273  8947 28919 I MIA_NODE: [linkNode:46]:now push back  child type 9 into MiaNode type 2 's mParentNodes
05-29 23:50:59.273  8947 28919 I MIA_NODE: [start:69]:startNode for 8 
05-29 23:50:59.273  8947 28919 I MIA_NODE: [start:69]:startNode for 9 
05-29 23:50:59.273  8947 28919 I MIA_NODE: [start:69]:startNode for 2 
05-29 23:50:59.273  8947  8947 W CAM_CameraCapabilities: isCurrentDeviceSupportHdr10 AVAILABLE_CONFIGURATIONS is not defined
05-29 23:50:59.273  8947  8947 W CAM_CameraCapabilities: isCurrentDeviceSupportHdr10 AVAILABLE_CONFIGURATIONS is not defined
05-29 23:50:59.273  8947 28919 I MIA_NODE: [start:92]:After for 2, mThread 0xb400007a96bb49a0
05-29 23:50:59.273  8947  8947 W CAM_CameraCapabilities: isCurrentDeviceSupportHdr10 AVAILABLE_CONFIGURATIONS is not defined
05-29 23:50:59.273  8947 28919 I MIA_NODE: [start:92]:After for 9, mThread 0xb400007a96bb1da0
05-29 23:50:59.273  8947 28919 I MIA_NODE: [start:92]:After for 8, mThread 0xb400007a96bb01a0
05-29 23:50:59.273  8947 29862 D MIA_NODE: [runThread:165]:E of node 2
05-29 23:50:59.273  8947 29862 D MIA_NODE: [runThread:174]:node 2 thread start running
05-29 23:50:59.273  8947 28919 D MIA_SESN: [setCallback:661]:E
05-29 23:50:59.273  8947 28919 I MIA_SRVC: [createSession:130]:created session:0xb400007a6777e200 numSessions:1
05-29 23:50:59.273  8947 29863 D MIA_NODE: [runThread:165]:E of node 9
05-29 23:50:59.273  8947  8947 D CAM_SpeechShutterImpl: processingSpeechShutter false
05-29 23:50:59.273  8947 28919 D MiCameraAlgo: createSessionByOutputConfigurations: succeed. session = com.xiaomi.engine.TaskSession@6d5abe3
05-29 23:50:59.273  8947 29864 D MIA_NODE: [runThread:165]:E of node 8
05-29 23:50:59.273  8947 29864 D MIA_NODE: [runThread:174]:node 8 thread start running
05-29 23:50:59.273  8947 29864 D MIA_N_HDR: [processImage:118]:Now check data 0xb400007a96bae800
05-29 23:50:59.273  8947 28919 I CAM_BaseImageProcessor: setTaskSession: com.xiaomi.engine.TaskSession@6d5abe3
05-29 23:50:59.273  8947 28919 I CAM_PostProcessor: configCaptureSession: X. new image processor: d.o.f.i.g0@8f749c8
05-29 23:50:59.273  8947 28919 D CAM_BoostFrameworkImpl: stopBoost
05-29 23:50:59.273  8947 28919 D CAM_BoostFrameworkImpl: ready to stop boost
05-29 23:50:59.273  8947 28919 I CAM_LocalParallelService: [K_PROCESS]: configCaptureSession: cost=12
05-29 23:50:59.273  8947 29864 D MIA_IMGQ: [pollImageOnState:96]:QueueName MiaNodeHdr input queue 0, Waiting mImageLock
05-29 23:50:59.273  8947 29864 D MIA_IMGQ: [pollImageOnState:98]:QueueName MiaNodeHdr input queue 0, Getting mImageLock
05-29 23:50:59.273  8947 28919 D ReprocessorFactory: getReprocessor: type = VIRTUAL_CAMERA
05-29 23:50:59.273  8947 28919 D CAM_ParallelManager: initParallelSession: X
05-29 23:50:59.274  8947 29863 D MIA_NODE: [runThread:174]:node 9 thread start running
05-29 23:50:59.274  8947 29863 I MIA_N_ASBF: [processImage:128]:Now check data 0xb400007a96bb0400
05-29 23:50:59.274  2022  8268 D ActivityManager: checkAllowBackground: uid=10133 pkg=com.google.android.gms rec=UidRecord{339f9d7 u0a133 BFGS change:procadj procs:0 seq(206995,159481)} caps=LCMNFU always=false idle=false
05-29 23:50:59.276  8947  8947 D CAM_FocusView: msg=9 true
05-29 23:50:59.277  8947 28915 D CAM_LocationManager: Got first location, it is from network
05-29 23:50:59.277  8947 28915 V CAM_LocationManager: stopReceivingGPSLocationUpdates
05-29 23:50:59.282  2022  7721 D ActivityManager: checkAllowBackground: uid=10133 pkg=com.google.android.gms rec=UidRecord{339f9d7 u0a133 BFGS change:procadj procs:0 seq(206995,159481)} caps=LCMNFU always=false idle=false
05-29 23:50:59.285  8947  8947 D CAM_CameraUtil: roundOrientation: orientation = 0
05-29 23:50:59.285  8947  8947 D CAM_MyOrientationEventListener: onOrientationChanged: -1 -> 0
05-29 23:50:59.285  8947  8947 D CAM_MyOrientationEventListener: onOrientationChanged: first orientation is arrived... , orientation = 1, mOrientation = 0
05-29 23:50:59.319  8904  9349 W MIUISafety-Flares: setStatus hideLevel:0,showLevel:3
05-29 23:50:59.319  8904  9349 W MIUISafety-Flares: setStatus event:1,content:Câmera,type:1-0-1-0
05-29 23:50:59.319  3017 17557 D CommandQueue: setStatus: setStatus: what = 1, action = action_control_center_update_prompt, ext = Bundle[mParcelledData.dataSize=232][key_prompt_type = [I@f87be1e[key_prompt_controlCenterDotColor = -13184665[key_prompt_contentDescription = Câmera
05-29 23:50:59.320  3017 17557 D CommandQueue: setStatus: setStatus: what = 1, action = action_update_prompt, ext = Bundle[mParcelledData.dataSize=7280][key_status_bar_home_state = android.widget.RemoteViews@1ed46ff[key_status_bar_mini_state = android.widget.RemoteViews@5e31ccc[key_prompt_pending = PendingIntent{6419b15: android.os.BinderProxy@aa8c811}[key_status_bar_priority = 1[key_fullscreen_dot_visibility = 0[key_dot_color = -13184665
05-29 23:50:59.324  3017  3017 I MiuiHomePrivacyController: onPromptInfoChanged: newMiuiPromptInfo=5, mLastMiuiPromptInfo=1, mShowPrivacy=true, mIsNewMiuiPromptInfo=true
05-29 23:50:59.324  3017  3017 D MiuiHomePrivacyController: updateStatusBarHomePrivacyVisibilities: show
05-29 23:50:59.327  3017  3017 I MiuiHomePrivacyController: onPromptInfoChanged: newMiuiPromptInfo=5, mLastMiuiPromptInfo=5, mShowPrivacy=true, mIsNewMiuiPromptInfo=false
05-29 23:50:59.327  3017  3017 D MiuiHomePrivacyController: updateStatusBarHomePrivacyVisibilities: show
05-29 23:50:59.349  1177 26487 I sensors-hal: handle_sns_std_sensor_event:57, light_event: ts=10851525247058, lux: 8.4, extra_info=8 
05-29 23:50:59.376  1165  2137 E CamX    : [ERROR][STATS_AEC] ctriggerhandler.h:398: GetInterpZoneDataGeneric did not find an appropriate zone!
05-29 23:50:59.384  8947  9577 D CAM_MiCamera2: processAfResult: afState changed from -1 to 0
05-29 23:50:59.384  8947  9577 W CAM_MiCamera2: isFocusLocked: 0
05-29 23:50:59.386  8947 28920 D CAM_MarshalQueryableASDScene: Expected size should be 8, but got: 0
05-29 23:50:59.388  8947 29776 I .android.camera: EglImage dataspace changed, need recreate
05-29 23:50:59.446  1165  2141 E CamX    : [ERROR][STATS_AEC] ctriggerhandler.h:398: GetInterpZoneDataGeneric did not find an appropriate zone!
05-29 23:50:59.462  8947 28920 D CAM_MarshalQueryableASDScene: Expected size should be 8, but got: 0
05-29 23:50:59.464  8947 29776 I .android.camera: EglImage dataspace changed, need recreate
05-29 23:50:59.514  2022  2946 D SLM-SRV-SLAService: checktemp temperature = 31351 temperature_average = 31503 isPerformanceMode = false thermal_enable_slm = true
05-29 23:50:59.516  1165  2136 E CamX    : [ERROR][STATS_AEC] ctriggerhandler.h:398: GetInterpZoneDataGeneric did not find an appropriate zone!
05-29 23:50:59.529  8947 28920 D CAM_LLS : is lls needed = true
05-29 23:50:59.529  8947 28920 D CAM_MarshalQueryableASDScene: Expected size should be 8, but got: 0
05-29 23:50:59.534  8947 29776 I .android.camera: EglImage dataspace changed, need recreate
05-29 23:50:59.536  8947  8947 D CAM_BatteryDetector: onBatteryNotification action=0 caller = d.d.a.l3.k(SourceFile:1), d.d.a.l3.l(SourceFile:4), d.d.a.t6.q7$d.run(SourceFile:1), android.os.Handler.handleCallback(Handler.java:958), android.os.Handler.dispatchMessage(Handler.java:99), 
05-29 23:50:59.549  1177 26487 I sensors-hal: handle_sns_std_sensor_event:57, light_event: ts=10851725245183, lux: 10.6, extra_info=10 
05-29 23:50:59.586  1165  2138 E CamX    : [ERROR][STATS_AEC] ctriggerhandler.h:398: GetInterpZoneDataGeneric did not find an appropriate zone!
05-29 23:50:59.599  8947 28920 D CAM_MarshalQueryableASDScene: Expected size should be 8, but got: 0
05-29 23:50:59.604  8947 29776 I .android.camera: EglImage dataspace changed, need recreate
05-29 23:50:59.617  3017  3243 D MiuiFreeformAnimation:  onTransitionFinished mHiddenFreeformTaskInTransition= {} transition= android.os.BinderProxy@878b9dd
05-29 23:50:59.617  3017  3243 D SoScUtils: monitorTransitionFinished transition:android.os.BinderProxy@878b9dd transaction: android.view.SurfaceControl$Transaction@c2f87d0 mRequestCloseTransition:null mRequestOpenTransition:null mPairsOpenTransition:null mPairsOpenTransitionNull:null mRequestOpenTriggerTask:-1 mRequestCloseTriggerTask:-1 mOrientationTransition: null mMainStartingTask:-1 mSideStartingTask:-1
05-29 23:50:59.618  2022  2676 I DisplayModeDirectorImpl: SmartDisplayPolicyEnd
05-29 23:50:59.618  2022  2072 I DisplayModeDirectorImpl: onDesiredDisplayModeSpecsChanged:baseModeId=4 allowGroupSwitching=false primary=physical: (0.0 Infinity) render:  (0.0 60.0) appRequest=physical: (0.0 Infinity) render:  (0.0 60.0) noVotes=false
05-29 23:50:59.619  1345  2119 W VsyncModulator: setTransactionSchedule: Unexpected EarlyEnd
05-29 23:50:59.619  3017 17557 D KeyguardService: setOccluded(false)
05-29 23:50:59.619  3017 17557 D KeyguardViewMediator: setOccluded(false)
05-29 23:50:59.619  3017 17557 D KeyguardViewMediator: setOccluded false
05-29 23:50:59.619  3017  3017 D KeyguardViewMediator: handleSetOccluded(false)
05-29 23:50:59.620  3017  3017 D KeyguardViewMediator: isOccluded=false,mPowerGestureIntercepted=false
05-29 23:50:59.620  2022  2072 I SmartPower: com.hamvit.mobile/10038(27692): visible->invisible(138736ms) R(become invisible) adj=200.
05-29 23:50:59.620  2022  2072 I SmartPower: com.hamvit.mobile/10038(27692): invisible->background(0ms) R(become background) adj=200.
05-29 23:50:59.620  3017 17557 D KeyguardService: setOccluded(false)
05-29 23:50:59.620  3017 17557 D KeyguardViewMediator: setOccluded(false)
05-29 23:50:59.620  3017 17557 D KeyguardViewMediator: setOccluded false
05-29 23:50:59.620  3017  3017 D KeyguardViewMediator: handleSetOccluded(false)
05-29 23:50:59.620  3017  3017 D KeyguardViewMediator: isOccluded=false,mPowerGestureIntercepted=false
05-29 23:50:59.621  3039  3107 W DynamicDDSService: appName is not found in cache: com.hamvit.mobile
05-29 23:50:59.624  2022  2072 I DisplayModeDirectorImpl: onDesiredDisplayModeSpecsChanged:baseModeId=4 allowGroupSwitching=false primary=physical: (30.000002 Infinity) render:  (30.000002 60.0) appRequest=physical: (30.000002 Infinity) render:  (30.000002 60.0) noVotes=false
05-29 23:50:59.624  1345  2119 D SurfaceFlinger:  setDesiredDisplayModeSpecs: setDesiredDisplayConfigSpecs:defaultMode 3 
05-29 23:50:59.624  1345  1345 I RefreshRateSelector: Display 4630946922172900481 policy changed
05-29 23:50:59.624  1345  1345 I RefreshRateSelector: Previous: {defaultModeId=1, allowGroupSwitching=false, primaryRanges={physical=[0.00 Hz, inf Hz], render=[0.00 Hz, 144.00 Hz]}, appRequestRanges={physical=[0.00 Hz, inf Hz], render=[0.00 Hz, 144.00 Hz]}}
05-29 23:50:59.624  1345  1345 I RefreshRateSelector: Current:  DisplayManagerPolicy{defaultModeId=3, allowGroupSwitching=false, primaryRanges={physical=[0.00 Hz, inf Hz], render=[0.00 Hz, 60.00 Hz]}, appRequestRanges={physical=[0.00 Hz, inf Hz], render=[0.00 Hz, 60.00 Hz]}}
05-29 23:50:59.624  1345  1345 I RefreshRateSelector: 1 mode changes were performed under the previous policy
05-29 23:50:59.624  1345  1345 D MI-SF   : mIsSupportAutomodeForMaxFpsSetting is 0(0), getCurrentBrightness() = 224(0), mIsKeepAutoMode 0
05-29 23:50:59.624  1345  1345 D RefreshRateSelector: fixedMode_group: 0, isFindModeGroup 0
05-29 23:50:59.624  1345  1345 D RefreshRateSelector: find max refresh rate:60, mode Group:0
05-29 23:50:59.624  1345  1345 W ComposerExtn: DisplayExtnImpl::SetActiveConfig: HWC Display 0 is not registered!
05-29 23:50:59.627  1345  1462 I BpBinder: onLastStrongRef automatically unlinking death recipients: 
05-29 23:50:59.628  2022  2507 I MiuiNetworkPolicy: updateUidState uid = 10038, uidState = 15
05-29 23:50:59.629  1186  1455 I SDM     : HWDeviceDRM::UpdateMixerAttributes: Mixer WxH 1800x2880-1 for Peripheral
05-29 23:50:59.629  1186  1455 I SDM     : HWCDisplay::SubmitDisplayConfig: Active configuration changed to: 3
05-29 23:50:59.630  1345  2119 D SurfaceFlinger:  setDesiredDisplayModeSpecs: setDesiredDisplayConfigSpecs:defaultMode 3 
05-29 23:50:59.632  1345  1345 I RefreshRateSelector: Display 4630946922172900481 policy changed
05-29 23:50:59.632  1345  1345 I RefreshRateSelector: Previous: {defaultModeId=3, allowGroupSwitching=false, primaryRanges={physical=[0.00 Hz, inf Hz], render=[0.00 Hz, 60.00 Hz]}, appRequestRanges={physical=[0.00 Hz, inf Hz], render=[0.00 Hz, 60.00 Hz]}}
05-29 23:50:59.632  1345  1345 I RefreshRateSelector: Current:  DisplayManagerPolicy{defaultModeId=3, allowGroupSwitching=false, primaryRanges={physical=[30.00 Hz, inf Hz], render=[30.00 Hz, 60.00 Hz]}, appRequestRanges={physical=[30.00 Hz, inf Hz], render=[30.00 Hz, 60.00 Hz]}}
05-29 23:50:59.632  1345  1345 I RefreshRateSelector: 1 mode changes were performed under the previous policy
05-29 23:50:59.632  1345  1345 D MI-SF   : mIsSupportAutomodeForMaxFpsSetting is 0(0), getCurrentBrightness() = 224(0), mIsKeepAutoMode 0
05-29 23:50:59.632  1345  1345 D RefreshRateSelector: fixedMode_group: 0, isFindModeGroup 0
05-29 23:50:59.632  1345  1345 D RefreshRateSelector: find max refresh rate:60, mode Group:0
05-29 23:50:59.632  1345  1345 W ComposerExtn: DisplayExtnImpl::SetActiveConfig: HWC Display 0 is not registered!
05-29 23:50:59.634  2022  2072 I DisplayDeviceRepository: Display device changed: DisplayDeviceInfo{"Tela integrada": uniqueId="local:4630946922172900481", 1800 x 2880, modeId 4, renderFrameRate 60.000004, defaultModeId 2, supportedModes [{id=1, width=1800, height=2880, fps=120.00001, alternativeRefreshRates=[30.000002, 48.000004, 50.0, 60.000004, 90.0, 144.00002], supportedHdrTypes=[1, 2, 3, 4]}, {id=2, width=1800, height=2880, fps=144.00002, alternativeRefreshRates=[30.000002, 48.000004, 50.0, 60.000004, 90.0, 120.00001], supportedHdrTypes=[1, 2, 3, 4]}, {id=3, width=1800, height=2880, fps=90.0, alternativeRefreshRates=[30.000002, 48.000004, 50.0, 60.000004, 120.00001, 144.00002], supportedHdrTypes=[1, 2, 3, 4]}, {id=4, width=1800, height=2880, fps=60.000004, alternativeRefreshRates=[30.000002, 48.000004, 50.0, 90.0, 120.00001, 144.00002], supportedHdrTypes=[1, 2, 3, 4]}, {id=5, width=1800, height=2880, fps=50.0, alternativeRefreshRates=[30.000002, 48.000004, 60.000004, 90.0, 120.00001, 144.00002], supportedHdrTypes=[1, 2, 3, 4]}, {id=6, width=1800, height=2880, fps=48.000004, alternativeRefreshRates=[30.000002, 50.0, 60.000004, 90.0, 120.00001, 144.00002], supportedHdrTypes=[1, 2, 3, 4]}, {id=7, width=1800, height=2880, fps=30.000002, alternativeRefreshRates=[48.000004, 50.0, 60.000004, 90.0, 120.00001, 144.00002], supportedHdrTypes=[1, 2, 3, 4]}], colorMode 0, supportedColorModes [0, 7, 9], hdrCapabilities HdrCapabilities{mSupportedHdrTypes=[1, 2, 3, 4], mMaxLuminance=420.0, mMaxAverageLuminance=210.1615, mMinLuminance=0.323}, allmSupported false, gameContentTypeSupported false, density 400, 308.918 x 309.049 dpi, appVsyncOff 1000000, presDeadline 16666666, touch INTERNAL, rotation 0, type INTERNAL, address {port=129, model=0x40446db09dcde4}, deviceProductInfo DeviceProductInfo{name=, manufacturerPnpId=QCM, productId=1, modelYear=null, manufactureDate=ManufactureDate{week=27, year=2006}, connectionToSinkType=0}, state ON, committedState ON, frameRateOverride , brightnessMinimum 0.0, brightnessMaximum 1.0, brightnessDefault 0.074743524, hdrSdrRatio NaN, roundedCorners RoundedCorners{[RoundedCorner{position=TopLeft, radius=46, center=Point(46, 46)}, RoundedCorner{position=TopRight, radius=46, center=Point(1754, 46)}, RoundedCorner{position=BottomRight, radius=46, center=Point(1754, 2834)}, RoundedCorner{position=BottomLeft, radius=46, center=Point(46, 2834)}]}, FLAG_ALLOWED_TO_BE_DEFAULT_DISPLAY, FLAG_ROTATES_WITH_CONTENT, FLAG_SECURE, FLAG_SUPPORTS_PROTECTED_BUFFERS, FLAG_TRUSTED, installOrientation 0, displayShape DisplayShape{ spec=326869049 displayWidth=1800 displayHeight=2880 physicalPixelDisplaySizeRatio=1.0 rotation=0 offsetX=0 offsetY=0 scale=1.0}}
05-29 23:50:59.638  2965  3461 I BtGatt.ScanManager: msg.what = MSG_SCREEN_ON, msg.arg1 = None
05-29 23:50:59.638  3081  3081 W Launcher.DeviceConfig: onDisplayChanged: newRotation=0, oldRotation=0, launcherRotation=0
05-29 23:50:59.638  3081  3081 D Launcher.DeviceConfig: setIsFixedRotating=false
05-29 23:50:59.640  2022  2072 D TAG     : Remove previously redundant display event 0/2 to 10147/19847
05-29 23:50:59.640  2022  2072 D TAG     : Remove previously redundant display event 0/2 to 10146/23259
05-29 23:50:59.641  3017  3017 V AutoDensityController: on display changed 0 context dpi:374 origin dpi:400 target dpi:374
05-29 23:50:59.641  3017  3017 D ControlCenterWindowViewController: on display changed 0
