05-29 23:51:01.920  8696  9112 E FileUtil: 	at com.miui.powerkeeper.thermalcollector.trigger.BaseTrigger$TriggerHandler.handleMessage(BaseTrigger.java:3)
05-29 23:51:01.920  8696  9112 E FileUtil: 	at android.os.Handler.dispatchMessage(Handler.java:106)
05-29 23:51:01.920  8696  9112 E FileUtil: 	at android.os.Looper.loopOnce(Looper.java:222)
05-29 23:51:01.920  8696  9112 E FileUtil: 	at android.os.Looper.loop(Looper.java:314)
05-29 23:51:01.920  8696  9112 E FileUtil: 	at android.os.HandlerThread.run(HandlerThread.java:67)
05-29 23:51:01.920  8696  9112 E FileUtil: Caused by: android.system.ErrnoException: read failed: EINVAL (Invalid argument)
05-29 23:51:01.920  8696  9112 E FileUtil: 	at libcore.io.Linux.readBytes(Native Method)
05-29 23:51:01.920  8696  9112 E FileUtil: 	at libcore.io.Linux.read(Linux.java:229)
05-29 23:51:01.920  8696  9112 E FileUtil: 	at libcore.io.ForwardingOs.read(ForwardingOs.java:618)
05-29 23:51:01.920  8696  9112 E FileUtil: 	at libcore.io.BlockGuardOs.read(BlockGuardOs.java:325)
05-29 23:51:01.920  8696  9112 E FileUtil: 	at libcore.io.ForwardingOs.read(ForwardingOs.java:618)
05-29 23:51:01.920  8696  9112 E FileUtil: 	at libcore.io.IoBridge.read(IoBridge.java:604)
05-29 23:51:01.920  8696  9112 E FileUtil: 	... 44 more
05-29 23:51:01.933  8947 28920 D CAM_MarshalQueryableASDScene: Expected size should be 8, but got: 0
05-29 23:51:01.972  1165  2138 E CamX    : [ERROR][STATS_AEC] ctriggerhandler.h:398: GetInterpZoneDataGeneric did not find an appropriate zone!
05-29 23:51:01.993  8947 28920 D CAM_MarshalQueryableASDScene: Expected size should be 8, but got: 0
05-29 23:51:02.042  1165  2139 E CamX    : [ERROR][STATS_AEC] ctriggerhandler.h:398: GetInterpZoneDataGeneric did not find an appropriate zone!
05-29 23:51:02.063  8947 28920 D CAM_MarshalQueryableASDScene: Expected size should be 8, but got: 0
05-29 23:51:02.112  1165  2138 E CamX    : [ERROR][STATS_AEC] ctriggerhandler.h:398: GetInterpZoneDataGeneric did not find an appropriate zone!
05-29 23:51:02.133  8947 28920 D CAM_MarshalQueryableASDScene: Expected size should be 8, but got: 0
05-29 23:51:02.163  1754  1754 I wificond: station_bandwidth: P
05-29 23:51:02.182  1165  2137 E CamX    : [ERROR][STATS_AEC] ctriggerhandler.h:398: GetInterpZoneDataGeneric did not find an appropriate zone!
05-29 23:51:02.201  8947 28920 D CAM_MarshalQueryableASDScene: Expected size should be 8, but got: 0
05-29 23:51:02.234  1164  3675 I vendor.qti.bluetooth@1.0-ibs_handler: ProcessIbsCmd: Received IBS_WAKE_IND: 0xFD
05-29 23:51:02.234  1164  3675 D vendor.qti.bluetooth@1.0-ibs_handler: SerialClockVote: vote for UART CLK ON
05-29 23:51:02.234  1164  3675 D vendor.qti.bluetooth@1.0-wake_lock: Acquire wakelock is acquired 
05-29 23:51:02.234  1164  3675 I vendor.qti.bluetooth@1.0-ibs_handler: ProcessIbsCmd: Writing IBS_WAKE_ACK
05-29 23:51:02.236  2965  3680 I bt_stack: [INFO:btm_ble_gap.cc(3528)] btm_ble_process_adv_pkt_cont Data Complete 61:c0:7f:2d:b9:60
05-29 23:51:02.236  2965  3680 I bt_stack: [INFO:btm_ble_gap.cc(3528)] btm_ble_process_adv_pkt_cont Data Complete 61:c0:7f:2d:b9:60
05-29 23:51:02.236  2965  3680 D bt_btm_ble: bool parse_adv_audio_uuids_from_adv_pkt(const uint8_t *, size_t, uint8_t): tmap_cap_pts: false
05-29 23:51:02.237  2965  3462 D BluetoothRemoteDevices:  getMappingAddr null
05-29 23:51:02.237  2965  3462 D BluetoothAdapterService: getIdentityAddress null retruning 61:C0:7F:2D:B9:60
05-29 23:51:02.241  3239  7944 I NearbyDiscovery: (REDACTED) BloomFilterAdvManager: Detected bloom filter but too far away, ignoring. %sm, %s
05-29 23:51:02.252  1165  2138 E CamX    : [ERROR][STATS_AEC] ctriggerhandler.h:398: GetInterpZoneDataGeneric did not find an appropriate zone!
05-29 23:51:02.274  8947 28920 D CAM_MarshalQueryableASDScene: Expected size should be 8, but got: 0
05-29 23:51:02.315  1164  3675 I vendor.qti.bluetooth@1.0-ibs_handler: ProcessIbsCmd: Received IBS_SLEEP_IND: 0xFE
05-29 23:51:02.315  1164  3675 D vendor.qti.bluetooth@1.0-ibs_handler: SerialClockVote: vote for UART CLK OFF
05-29 23:51:02.322  1165  2136 E CamX    : [ERROR][STATS_AEC] ctriggerhandler.h:398: GetInterpZoneDataGeneric did not find an appropriate zone!
05-29 23:51:02.324  3017  3017 D CollapsedStatusBarFragment: setIsHomePrivacyShowing mIsHomePrivacyShowing: true isHomePrivacyShowing: false isHomeToDottrue
05-29 23:51:02.324  3017  3017 D CollapsedStatusBarFragment: adjustDisableFlags: ShadeExpansionState = 0 mHideIconsForBouncer = false mWereIconsJustHidden = false, mWakeUpCoordinator.getNotificationsFullyHidden = false, mIsExpanded = false, mBypassController.getBypassEnabled = false, mStatusBarStateController.getState() = 0, mKeyguardStateController.isKeyguardGoingAway() = false, mHeadsUpManager.hasPinnedHeadsUp = false, mControlPanelExpand = false
05-29 23:51:02.353  8947 28920 D CAM_MarshalQueryableASDScene: Expected size should be 8, but got: 0
05-29 23:51:02.392  1165  2142 E CamX    : [ERROR][STATS_AEC] ctriggerhandler.h:398: GetInterpZoneDataGeneric did not find an appropriate zone!
05-29 23:51:02.414  8947 28920 D CAM_MarshalQueryableASDScene: Expected size should be 8, but got: 0
05-29 23:51:02.426  8947 29776 D CAM_CRE_PreviewRenderEngine: surface draw fps: 14.179591025939892
05-29 23:51:02.452  2022  2478 D MIUIInput: [MotionEvent] publisher action=0x0, deviceId=10, 10846987, channel 'ba7fac0 com.android.camera/com.android.camera.OneShotCamera (server)'
05-29 23:51:02.452  2022  2478 D MIUIInput: [MotionEvent] publisher action=0x4, deviceId=10, 10846987, channel '4e3545 NavigationBar0 (server)'
05-29 23:51:02.452  2022  2478 D MIUIInput: [MotionEvent] publisher action=0x0, deviceId=10, 10846987, channel '[Gesture Monitor] caption-touch (server)'
05-29 23:51:02.452  2022  2478 D MIUIInput: [MotionEvent] publisher action=0x0, deviceId=10, 10846987, channel '[Gesture Monitor] miui-gesture (server)'
05-29 23:51:02.452  2022  2070 I whetstone.activity: Power Event callback listener is empty for resId=64
05-29 23:51:02.452  2022  2070 D BatteryStatsManagerStub: notifyEvent for resId=64 used 0ms
05-29 23:51:02.453  3017  3243 D MiuiFreeformModeGestureHandler: handleMotionEvents mActiveMiuiFreeformTask null
05-29 23:51:02.453  3017  3243 D MiuiFullScreenTaskRepository: getTopVisibleTaskInfo return focused task: taskId=498, displayId=0, topActivity=ComponentInfo{com.android.camera/com.android.camera.OneShotCamera}
05-29 23:51:02.453  3017  3243 D MiuiWindowDecorViewModel: touchedInSplitOrFullTaskId: fullscreen
05-29 23:51:02.453  3017  3243 D MiuiWindowDecoration: isTouchedInCaption(taskId=498): mViewHost == null
05-29 23:51:02.453  3017  3243 D MiuiWindowDecorViewModel: handleReceivedMotionEvent: touchedTaskId=-1
05-29 23:51:02.453  3017  3243 D MiuiFullScreenTaskRepository: getTopVisibleTaskInfo return focused task: taskId=498, displayId=0, topActivity=ComponentInfo{com.android.camera/com.android.camera.OneShotCamera}
05-29 23:51:02.453  3017  3243 D MiuiWindowDecorViewModel: handleReceivedMotionEvent: mTouchedBottomTaskId=-1
05-29 23:51:02.453  1345  1734 D RefreshRateSelector: Touch Boost
05-29 23:51:02.454  1345  1734 D MI-SF   : mIsSupportAutomodeForMaxFpsSetting is 0(0), getCurrentBrightness() = 224(0), mIsKeepAutoMode 0
05-29 23:51:02.454  1345  1734 D RefreshRateSelector: fixedMode_group: 0, isFindModeGroup 0
05-29 23:51:02.454  1345  1734 D RefreshRateSelector: find max refresh rate:60, mode Group:0
05-29 23:51:02.454  1345  1734 D MI-SF   : mIsSupportAutomodeForMaxFpsSetting is 0(0), getCurrentBrightness() = 224(0), mIsKeepAutoMode 0
05-29 23:51:02.454  1345  1734 D RefreshRateSelector: fixedMode_group: 0, isFindModeGroup 0
05-29 23:51:02.454  1345  1734 D RefreshRateSelector: find max refresh rate:60, mode Group:0
05-29 23:51:02.454  1345  1734 W ComposerExtn: DisplayExtnImpl::SetActiveConfig: HWC Display 0 is not registered!
05-29 23:51:02.454  8947  8947 D CAM_Camera@130702517: onUserInteraction
05-29 23:51:02.462  1165  2143 E CamX    : [ERROR][STATS_AEC] ctriggerhandler.h:398: GetInterpZoneDataGeneric did not find an appropriate zone!
05-29 23:51:02.465  1164  3466 D vendor.qti.bluetooth@1.0-wake_lock: Release wakelock is released 
05-29 23:51:02.480  8947 28920 D CAM_MarshalQueryableASDScene: Expected size should be 8, but got: 0
05-29 23:51:02.488  1186  1455 I SDM     : HWDeviceDRM::UpdateMixerAttributes: Mixer WxH 1800x2880-1 for Peripheral
05-29 23:51:02.489  1186  1455 I SDM     : HWCDisplay::SubmitDisplayConfig: Active configuration changed to: 3
05-29 23:51:02.518  2022  2478 D MIUIInput: [MotionEvent] publisher action=0x1, deviceId=10, 10847053, channel 'ba7fac0 com.android.camera/com.android.camera.OneShotCamera (server)'
05-29 23:51:02.518  2022  2478 D MIUIInput: [MotionEvent] publisher action=0x1, deviceId=10, 10847053, channel '[Gesture Monitor] caption-touch (server)'
05-29 23:51:02.518  2022  2478 D MIUIInput: [MotionEvent] publisher action=0x1, deviceId=10, 10847053, channel '[Gesture Monitor] miui-gesture (server)'
05-29 23:51:02.519  2022  2070 I whetstone.activity: Power Event callback listener is empty for resId=64
05-29 23:51:02.519  2022  2070 D BatteryStatsManagerStub: notifyEvent for resId=64 used 1ms
05-29 23:51:02.521  2022  2072 I DisplayDeviceRepository: Display device changed: DisplayDeviceInfo{"Tela integrada": uniqueId="local:4630946922172900481", 1800 x 2880, modeId 4, renderFrameRate 60.000004, defaultModeId 2, supportedModes [{id=1, width=1800, height=2880, fps=120.00001, alternativeRefreshRates=[30.000002, 48.000004, 50.0, 60.000004, 90.0, 144.00002], supportedHdrTypes=[1, 2, 3, 4]}, {id=2, width=1800, height=2880, fps=144.00002, alternativeRefreshRates=[30.000002, 48.000004, 50.0, 60.000004, 90.0, 120.00001], supportedHdrTypes=[1, 2, 3, 4]}, {id=3, width=1800, height=2880, fps=90.0, alternativeRefreshRates=[30.000002, 48.000004, 50.0, 60.000004, 120.00001, 144.00002], supportedHdrTypes=[1, 2, 3, 4]}, {id=4, width=1800, height=2880, fps=60.000004, alternativeRefreshRates=[30.000002, 48.000004, 50.0, 90.0, 120.00001, 144.00002], supportedHdrTypes=[1, 2, 3, 4]}, {id=5, width=1800, height=2880, fps=50.0, alternativeRefreshRates=[30.000002, 48.000004, 60.000004, 90.0, 120.00001, 144.00002], supportedHdrTypes=[1, 2, 3, 4]}, {id=6, width=1800, height=2880, fps=48.000004, alternativeRefreshRates=[30.000002, 50.0, 60.000004, 90.0, 120.00001, 144.00002], supportedHdrTypes=[1, 2, 3, 4]}, {id=7, width=1800, height=2880, fps=30.000002, alternativeRefreshRates=[48.000004, 50.0, 60.000004, 90.0, 120.00001, 144.00002], supportedHdrTypes=[1, 2, 3, 4]}], colorMode 0, supportedColorModes [0, 7, 9], hdrCapabilities HdrCapabilities{mSupportedHdrTypes=[1, 2, 3, 4], mMaxLuminance=420.0, mMaxAverageLuminance=210.1615, mMinLuminance=0.323}, allmSupported false, gameContentTypeSupported false, density 400, 308.918 x 309.049 dpi, appVsyncOff 1000000, presDeadline 16666666, touch INTERNAL, rotation 0, type INTERNAL, address {port=129, model=0x40446db09dcde4}, deviceProductInfo DeviceProductInfo{name=, manufacturerPnpId=QCM, productId=1, modelYear=null, manufactureDate=ManufactureDate{week=27, year=2006}, connectionToSinkType=0}, state ON, committedState ON, frameRateOverride , brightnessMinimum 0.0, brightnessMaximum 1.0, brightnessDefault 0.074743524, hdrSdrRatio NaN, roundedCorners RoundedCorners{[RoundedCorner{position=TopLeft, radius=46, center=Point(46, 46)}, RoundedCorner{position=TopRight, radius=46, center=Point(1754, 46)}, RoundedCorner{position=BottomRight, radius=46, center=Point(1754, 2834)}, RoundedCorner{position=BottomLeft, radius=46, center=Point(46, 2834)}]}, FLAG_ALLOWED_TO_BE_DEFAULT_DISPLAY, FLAG_ROTATES_WITH_CONTENT, FLAG_SECURE, FLAG_SUPPORTS_PROTECTED_BUFFERS, FLAG_TRUSTED, installOrientation 0, displayShape DisplayShape{ spec=326869049 displayWidth=1800 displayHeight=2880 physicalPixelDisplaySizeRatio=1.0 rotation=0 offsetX=0 offsetY=0 scale=1.0}}
05-29 23:51:02.525  2022  2072 D TAG     : Remove previously redundant display event 0/2 to 10147/19847
05-29 23:51:02.525  2022  2072 D TAG     : Remove previously redundant display event 0/2 to 10146/23259
05-29 23:51:02.525  2022  2072 D TAG     : Remove previously redundant display event 0/2 to 10038/27692
05-29 23:51:02.530  3017  3017 V AutoDensityController: on display changed 0 context dpi:374 origin dpi:400 target dpi:374
05-29 23:51:02.530  3017  3017 D ControlCenterWindowViewController: on display changed 0
05-29 23:51:02.530  2965  3461 I BtGatt.ScanManager: msg.what = MSG_SCREEN_ON, msg.arg1 = None
05-29 23:51:02.533  3081  3081 W Launcher.DeviceConfig: onDisplayChanged: newRotation=0, oldRotation=0, launcherRotation=0
05-29 23:51:02.533  3081  3081 D Launcher.DeviceConfig: setIsFixedRotating=false
05-29 23:51:02.533  1165  2136 E CamX    : [ERROR][STATS_AEC] ctriggerhandler.h:398: GetInterpZoneDataGeneric did not find an appropriate zone!
05-29 23:51:02.538  8947  8947 I CAM_FragmentBottomAction: [U_ACTION]: onClick: v9_camera_picker
05-29 23:51:02.538  8947  8947 D CAM_VibratorContext: performSwitchCamera: 
05-29 23:51:02.539  8947  8947 D CAM_DataItemGlobal: setCameraId: mLastCameraId = 0, cameraId = 1
05-29 23:51:02.539  8947  8947 I CAM_FragmentBottomAction: [U_ACTION]: switch camera from 0 to 1, for module 0xa3
05-29 23:51:02.539  8947  8947 I CAM_FragmentBottomAction: [K_PROCESS]: switch camera from 0 to 1, for module 0xa3
05-29 23:51:02.539  8947  8947 I CAM_PerformanceManager: [P_PERFORM]: Event: SWITCH_LENS start
05-29 23:51:02.539  8947  8947 I CAM_Camera@130702517: [U_ACTION]: onModeSelected from 0xa3 to 0xa3, ScreenSlideOff = false, facing = 1
05-29 23:51:02.539  8947  8947 D CAM_Camera@130702517: closeCameraSetup: CameraPendingSetupDisposable: X
05-29 23:51:02.539  8947  8947 D CAM_Camera@130702517: closeCameraSetup: CameraSetupDisposable: X
05-29 23:51:02.539  8947  8947 I CAM_PermissionManager: getNeedCheckPermissionList() listSize =0
05-29 23:51:02.539  8947  8947 I CAM_PermissionManager: checkCameraPermissions(), all on
05-29 23:51:02.539  8947  8947 D CAM_FragmentBottomAction: setClickEnable: false
05-29 23:51:02.539  8947  8947 D CAM_CameraSnapView: setClickEnable: false
05-29 23:51:02.540  8947  8947 D CAM_CaptureModule: checkDragBurstEnable: reset and dispose
05-29 23:51:02.540  8947  8947 D CAM_FragmentModeSelector: setClickEnable: false
05-29 23:51:02.540  8947  8947 D CAM_FragmentMainContentMM: setClickEnable: false
05-29 23:51:02.540  8947  8947 D CAM_FragmentTopBar: setClickEnable: false
05-29 23:51:02.540  8947  8947 D CAM_FragmentTopAlert: setClickEnable: false
05-29 23:51:02.540  8947  8947 D CAM_FragmentBottomIntentDone: setClickEnable: false
05-29 23:51:02.540  8947  8947 D CAM_FragmentDualCameraAdjustMM: setClickEnable: false
05-29 23:51:02.540  8947  8947 D CAM_ZoomRatioToggleView: setEnabled(): false
05-29 23:51:02.540  8947  8947 D CAM_FragmentBottomPopupTips: setClickEnable: false
05-29 23:51:02.540  8947  8947 D CAM_FragmentReferenceLine: setClickEnable: false
05-29 23:51:02.540  8947  8947 D CAM_BaseModule: setDeparted
05-29 23:51:02.540  8947  8947 D CAM_BaseModule: setActivity, activity: com.android.camera.OneShotCamera@7ca5cb5, d.d.a.t6.q7.Pj(SourceFile:2), d.d.a.t6.q7.B2(SourceFile:2), com.android.camera.Camera.rj(SourceFile:16), 
05-29 23:51:02.540  8947 29776 D CAM_RenderEngineV2: V2: setTextureColorSpace: DISPLAY_P3
05-29 23:51:02.540  8947 29776 D CAM_RenderEngineV2: V2: setDisplayColorSpace: DISPLAY_P3_PASSTHROUGH
05-29 23:51:02.541  8947  8947 I CAM_Camera@130702517: create new module instantiated: t@43379243: mid = 163, cid = 0, created = false, departed = false
05-29 23:51:02.541  8947  8947 D CAM_DataItemRunning: setDummyEnablefalse
05-29 23:51:02.541  8947  8947 I CAM_PermissionManager: getNeedCheckPermissionList() listSize =0
05-29 23:51:02.541  8947  8947 I CAM_PermissionManager: checkCameraLaunchPermissions(), all on
05-29 23:51:02.541  8947  8947 D CAM_Camera@130702517: CameraPendingSetupDisposable: E
05-29 23:51:02.541  8947  8947 D CAM_PreDataSetup: reInit ,  resetType = 16
05-29 23:51:02.541  8947  8947 D CAM_Camera2DataContainer: getActualOpenCameraId: mode=a3, id=1->1
05-29 23:51:02.541  8947  8947 W VendorTagHelper: VTNF: com.xiaomi.lens.info.availableApertures
05-29 23:51:02.541  8947  8947 D CAM_CameraCapabilities: com.xiaomi.lens.info.availableApertures invalid ,used default value 
05-29 23:51:02.542  8947  8947 W VendorTagHelper: VTNF: com.xiaomi.lens.info.availableApertureModes
05-29 23:51:02.542  8947  8947 D CAM_CameraCapabilities: com.xiaomi.lens.info.availableApertureModes invalid ,used default value 
05-29 23:51:02.542  8947  8947 D CAM_CameraCapabilities: portraitBokehZoomMap：   PORTRAIT_BOKEH_ZOOM_RATIO_MAP is null
05-29 23:51:02.542  8947  8947 D CAM_CameraCapabilities: portraitBokehApertureAbilityMap：   PORTRAIT_BOKEH_APERTURE_ABILITY_MAP is null
05-29 23:51:02.542  8947  8947 D CAM_ComponentConfigFlash: setBanned() called with: banned = [false]
05-29 23:51:02.542  8947  8947 D CAM_CameraCapabilities: SupportSlowMotionCameraValue：   MULTI_LENS_SUPPORT_SLOW_MOTION is null
05-29 23:51:02.542  8947  8947 D CAM_CameraCapabilities: SupportSlowMotionCameraLens：   MULTI_LENS_SUPPORT_SLOW_MOTION is null
05-29 23:51:02.542  8947  8947 D CAM_CameraCapabilities: isExposureMeteringSupported: 0
05-29 23:51:02.542  8947  8947 D CAM_ComponentConfigHDR10: reInit E
05-29 23:51:02.542  8947  8947 D CAM_ComponentConfigHDR10PRO: reInit E
05-29 23:51:02.542  8947  8947 D CAM_ComponentConfigTrueColour: reInit E
05-29 23:51:02.542  8947  8947 W VendorTagHelper: VTNF: com.xiaomi.lens.info.availableApertures
05-29 23:51:02.542  8947  8947 D CAM_CameraCapabilities: com.xiaomi.lens.info.availableApertures invalid ,used default value 
05-29 23:51:02.543  8947  8947 W VendorTagHelper: VTNF: com.xiaomi.lens.info.availableApertureModes
05-29 23:51:02.543  8947  8947 D CAM_CameraCapabilities: com.xiaomi.lens.info.availableApertureModes invalid ,used default value 
05-29 23:51:02.543  8947  8947 I CAM_PaintConditionReferred: configVariables mode:163, uiStyle:0
05-29 23:51:02.543  8947  8947 D CAM_DataItemRunning: setPaintCondition: 0
05-29 23:51:02.543  8947 28789 D CAM_PreFixCamera2Setup: mModuleChanged false LastMode is 163
05-29 23:51:02.543  8947 28789 D CAM_RenderEngineV2: setAnimationType: ANIMATION_MODULE_SWITCH
05-29 23:51:02.543  8947  8947 D CAM_CameraSnapView: onScreenOrientationChanged
05-29 23:51:02.543  8947 29776 D CAM_CRE_AnimationRenderer: startAnimation
05-29 23:51:02.543  8947  8947 D CAM_FragmentBottomAction: provideAnimateElement: newMode = 163, mCurrentMode = 163, animateInElements = []
05-29 23:51:02.543  8947 29776 D CAM_CRE_MIGL: GLUtils glGenTextures: 4
05-29 23:51:02.543  8947 29776 D CAM_CRE_MIGL: GLUtils glGenFramebuffers: 3
05-29 23:51:02.543  8947  8947 D CAM_FragmentModeSelector: to common mode
05-29 23:51:02.543  8947  8947 D CAM_FragmentModeSelector: bottom_external_mode set isVisibility = false alpha = 0
05-29 23:51:02.544  8947 29776 V CAM_CRE_FrameBuffer: New FrameBuffer: fbo=3 tex=4 270*360 tid=228
05-29 23:51:02.544  8947 29776 D CAM_CRE_MIGL: GLUtils glGenTextures: 5
05-29 23:51:02.544  8947 28789 D CAM_BaseModule: release: E
05-29 23:51:02.544  8947  8947 D CAM_FragmentModeSelector: mode_select_scrollview set isVisibility = true alpha = 1
05-29 23:51:02.544  8947 29776 D CAM_CRE_MIGL: GLUtils glGenFramebuffers: 4
05-29 23:51:02.544  8947 28789 D CAM_BaseModule: unRegisterProtocol
05-29 23:51:02.544  8947 29776 V CAM_CRE_FrameBuffer: New FrameBuffer: fbo=4 tex=5 270*360 tid=228
05-29 23:51:02.544  8947 29776 D CAM_CRE_DoubleBuffer: New DoubleBuffer
05-29 23:51:02.544  8947 28789 D CAM_BaseModule: onPause
05-29 23:51:02.544  8947  8947 D CAM_DragLayout: mTotalDragDistance 920.0
05-29 23:51:02.544  8947 29776 D CAM_CRE_AnimationRenderer: new double buffer, size:270x360
05-29 23:51:02.544  8947  8947 D CAM_FragmentModeSelector: switchMoreMode open: true, style: 0, mCurrentMode: 163
05-29 23:51:02.544  8947  8947 D CAM_DragLayout: disableAllMode
05-29 23:51:02.544  8947  8947 D CAM_DragLayout: setDragEnable mDragMode : false, enable false, force : false
05-29 23:51:02.544  8947  8947 D CAM_FocusView: reset: type = 7, is draw = false, mIsTouchFocus = false
05-29 23:51:02.544  8947  8947 D CAM_TrackFocusView: clear
05-29 23:51:02.544  8947  8947 D CAM_TrackFocusView: clear
05-29 23:51:02.544  8947  8947 D CAM_TrackFocusView: setSkipDraw false
05-29 23:51:02.544  8947  8947 D CAM_FragmentTopBar: updateTopBarStyle: TOP_BAR_STYLE_MAIN
05-29 23:51:02.544  8947  8947 D CAM_FragmentMainTopBar: provideAnimateElement mode = 163 resetType = 16
05-29 23:51:02.544  8947  8947 D CAM_FragmentTopAlert: provideAnimateElement 16
05-29 23:51:02.545  8947 29776 V CAM_CRE_AnimationRenderer: switchModeAnimRender renderParams=RenderParams: oes(1) fboIn(4) fboOut(3) width(270) height(360) animType(1) effect(false) count=0 cost=1
05-29 23:51:02.545  8947  8947 D CAM_StartTopBarAdapter: setData mode:163,resetStrikethrough: true
05-29 23:51:02.545  8947 29776 V CAM_CRE_AnimationRenderer: switchModeAnimRender renderParams=RenderParams: oes(1) fboIn(4) fboOut(3) width(270) height(360) animType(1) effect(false) count=1 cost=0
05-29 23:51:02.546  8947 28789 D CAM_Camera2Module: onPause dropBitmapTexture
05-29 23:51:02.546  8947 28789 D CAM_ImageSaver: setDropBitmapTexture true
05-29 23:51:02.546  8947  8947 D CAM_EndTopBarAdapter: setData mode:163,resetStrikethrough: true
05-29 23:51:02.546  8947 28789 D CAM_Camera2Module: closeCamera: E
05-29 23:51:02.546  8947 28789 D CAM_BaseModuleCameraManager: setCameraState: 0
05-29 23:51:02.546  8947 28789 V CAM_MiCamera2: stopPreviewCallback(): isRelease = true
05-29 23:51:02.546  8947 28789 V CAM_CameraConfigManager: setASDEnable: false
05-29 23:51:02.546  8947 28789 D CAM_BaseModuleCameraManager: updateASD call setASDEnable with false
05-29 23:51:02.546  8947 28789 D CAM_Camera2Module: closeCamera: X
05-29 23:51:02.546  8947 28789 E CAM_Camera2Module: (onPause)mIsNeedNightHDR: false
05-29 23:51:02.546  8947 28789 D CAM_SocketController: onPause: 
05-29 23:51:02.546  8947  8947 D CAM_FragmentDualCameraAdjust: initZoomRatioForFrontCamera(): zoom: 1.0
05-29 23:51:02.546  8947 28789 D CAM_SocketManager: removeEventListener: 13531432
05-29 23:51:02.546  8947  8947 D CAM_ZoomRatioToggleView: setVisibility(): GONE
05-29 23:51:02.546  8947  8947 D CAM_ZoomRatioToggleView: resetAnimators
05-29 23:51:02.546  8947  8947 D CAM_FragmentDualCameraAdjust: initZoomRatioForFrontCamera(): zoom: 1.0
05-29 23:51:02.547  8947 28789 I CAM_BaseModule: onDestroy: E. t@111204937: mid = 163, cid = 0, created = true, departed = true
05-29 23:51:02.547  8947 28789 D CAM_ByteArrayPool: clearMemory, size=0
05-29 23:51:02.547  8947 28789 I CAM_BaseModule: onDestroy: X
05-29 23:51:02.547  8947 28789 D CAM_SocketController: onDestroy: 
05-29 23:51:02.547  8947 28789 D ConnectivityManager: NetworkCallback was already unregistered
05-29 23:51:02.547  8947 28789 D CAM_BaseModule: release: X
05-29 23:51:02.547  8947 28789 D CAM_PreFixCamera2Setup: subscribe: mIntent = null
05-29 23:51:02.547  8947 28919 D CAM_LocalParallelService: stopPostProcessor: E. token=148972019
05-29 23:51:02.547  8947 28919 I CAM_PostProcessor: destroyWhenTasksFinished: d.o.f.i.e0@942cc7a
05-29 23:51:02.547  8947 28919 I CAM_PostProcessor: tryToCloseSession: E. processor: d.o.f.i.e0@942cc7a
05-29 23:51:02.547  8947 28919 I CAM_PostProcessor: tryToCloseSession: STATE_STOPPED
05-29 23:51:02.547  8947 28789 D CAM_Camera2DataContainer: getActualOpenCameraId: mode=a3, id=1->1
05-29 23:51:02.547  8947 28919 I CAM_LocalParallelService: onPostProcessorClosed: processor: d.o.f.i.e0@942cc7a
05-29 23:51:02.547  8947 28919 D CAM_PostProcessor: finish: E
05-29 23:51:02.547  8947 28789 D CAM_CameraCapabilities: isSupportReplaceSession: false
05-29 23:51:02.547  8947 28919 D CAM_PostProcessor: isIdle: processor = d.o.f.i.e0@942cc7a, taskNum = 0
05-29 23:51:02.547  8947 28789 D CAM_Camera2OpenManager: openCamera: reusable = false
05-29 23:51:02.547  8947 28919 I CAM_BaseImageProcessor: stopWork: E. processor: d.o.f.i.g0@8f749c8
05-29 23:51:02.547  8947 28789 I CAM_Camera2OpenManager: [K_PROCESS]: cid: 0 -> 1, mid: 163 -> 163, fcc: true
05-29 23:51:02.547  8947 28789 D CAM_Camera2OpenManager: abandonCameraResultObservable: E
05-29 23:51:02.547  8947 28789 D CAM_Camera2OpenManager: abandonCameraResultObservable: X
05-29 23:51:02.547  8947 28919 D CAM_ImageProcessor: stopWork: E. release WorkerHandler
05-29 23:51:02.547  8947 28789 D CAM_Camera2OpenManager: removeCameraCallables
05-29 23:51:02.547  8947 28919 D CAM_ImageProcessor: stopWork: X. release WorkerHandler
05-29 23:51:02.547  8947 28789 D CAM_Camera2OpenManager: subscribeCameraResultObservable: E
05-29 23:51:02.547  8947 28919 I MI_Algo_JNI: flush in Java_com_xiaomi_engine_MiCamAlgoInterfaceJNI_flush 1088 mCAI 0x7aa709b9d8,0x0
05-29 23:51:02.547  8947 28919 D MIA_INTF: [MIAFlush:94]:E session:0xb400007a6777e200
05-29 23:51:02.547  8947  9577 D CAM_CloseCameraCallable: E: cid: null
05-29 23:51:02.548  8947  9577 I CAM_CloseCameraCallable: [K_PROCESS]: E: closeCamera: cid = null, excludes = []
05-29 23:51:02.548  8947  9577 D CAM_CloseCameraCallable: closeCamera: cid = 0
05-29 23:51:02.548  8947 28789 D CAM_Camera2OpenManager: subscribeCameraResultObservable: X
05-29 23:51:02.548  8947  9577 V CAM_MiCamera2: E: releasePreview: reason = 0
05-29 23:51:02.548  8947 28919 D MIA_SRVC: [flush:136]:E
05-29 23:51:02.548  8947 28789 D CAM_CameraOpenObservable: subscribeActual: openCamera: cid = 1, listener = 49151180
05-29 23:51:02.548  8947 28789 D CAM_SendBroadcastNotifyExternal: notify external(mode:163,facing:1)
05-29 23:51:02.548  8947  8947 D CAM_FragmentBottomPopupTips: onBackEvent: 5
05-29 23:51:02.548  8947  8947 D CAM_FragmentBottomPopupTips: updateLeftDynamicImage show : false fallBackRoll0
05-29 23:51:02.548  8947  8947 D CAM_FragmentBottomPopupTips: updateTipImage mCustomRoot is null : false
05-29 23:51:02.548  8947  8947 D CAM_CameraCapabilities: isSupportMaleMakeupSwitch request : false
05-29 23:51:02.548  8947  9577 D CAM_BoostFrameworkImpl: startBoost: duration = 2000, scene = 6
05-29 23:51:02.548  8947  8947 D CAM_CameraCapabilities: isRemoveNevusDefined request : false
05-29 23:51:02.548  8947 28919 I MIA_SESN: [flush:679]:mNodes size 3
05-29 23:51:02.548  8947 28919 I MIA_NODE: [stop:97]:stop node type 8 begin
05-29 23:51:02.548  8947 28919 D MIA_IMGQ: [kickOutImageWaiter:11]:QueueName MiaNodeHdr input queue 0,  signal to kick out  image waiter
05-29 23:51:02.548  8947  9577 D CAM_BoostFrameworkImpl: ready to boost
05-29 23:51:02.548  8947 28919 D MIA_IMGQ: [kickOutImageWaiter:11]:QueueName MiaNodeHdr output queue 0,  signal to kick out  image waiter
05-29 23:51:02.548  8947  8947 D CAM_CameraCapabilities: isSupportMaleMakeupSwitch request : false
05-29 23:51:02.548  8947 29864 I MIA_IMGQ: [pollImageOnState:103]:QueueName MiaNodeHdr input queue 0, queue is not initialed
05-29 23:51:02.548  8947 29864 I MIA_NODE: [getInputBufferNum:207]:getInputBufferNum failed, input image not found
05-29 23:51:02.548  8947 29864 D MIA_N_HDR: [processImage:125]:get inputNum 0
05-29 23:51:02.549  8947  8947 D CAM_CameraCapabilities: isRemoveNevusDefined request : false
05-29 23:51:02.549  8947  8947 D CAM_FragmentBottomPopupTips: cancelUpdateTipImage 
05-29 23:51:02.549  8947 28789 I CAM_PerformanceManager: [P_PERFORM]: Action: switch_prefix_camera_setup_163_1 takes 5 ms
05-29 23:51:02.549  8947 28919 D MIA_NODE: [stop:116]:after kickOutImageWaiter threadRunning 1, mThread 0xb400007a96bb01a0, unit_type 8
05-29 23:51:02.549  8947 28919 I MIA_NODE: [stop:124]:start to join thread 0xb400007a96bb01a0 type 8
05-29 23:51:02.549  8947 29776 V CAM_CRE_AnimationRenderer: switchModeAnimRender renderParams=RenderParams: oes(1) fboIn(4) fboOut(3) width(270) height(360) animType(1) effect(false) count=2 cost=0
05-29 23:51:02.550  8947  8947 D CAM_FragmentBottomPopupTips: toggleSoftLightTip: visible=false
05-29 23:51:02.550  8947  9577 I CAM_MiCamera2: [K_PROCESS]: abortCaptures E
05-29 23:51:02.550  8947  9577 D CameraDevice-JV-0: flush: E. id = 0
05-29 23:51:02.551  8947  8947 D CAM_FragmentBottomPopupTips: restoreAiState: maybe restore ai scene tip:0
05-29 23:51:02.551  8947  8947 I CAM_PerformanceManager: [P_PERFORM]: Action: switch_provide_animate_163_1 takes 8 ms
05-29 23:51:02.551  1696  2712 I Camera3-Device: flush: Camera 0: Flushing all requests
05-29 23:51:02.551  1696  2712 I Camera3-Device: flush: mExpectedInflightDuration=8000000000, maxExpectedDuration=8000, InflightDuration=8000000000
05-29 23:51:02.551  1696  2712 I Camera3-Device: watchThread, cycles: 80, mMaxCycles: 100, cycleLength: 100, mCycleLength: 100
05-29 23:51:02.551  1696  2712 W Camera3-Device: flush: flush while still submitting requests!!
05-29 23:51:02.551  8947  8947 V CAM_Delegate@179589480: loadModule + opts {POPUP_TIPS=[BaseOperation{type=ADD, contType=POPUP_TIPS, info= 0xFFF9, subInfo= 0xF0'}], HIGHER_LAYER=[BaseOperation{type=ADD, contType=HIGHER_LAYER, info= 0xFF3, subInfo= 0xF0'}], POST_VIEW=[BaseOperation{type=ADD, contType=POST_VIEW, info= 0xFF6, subInfo= 0xF0'}], PREVIEW_ROOT=[BaseOperation{type=ADD, contType=PREVIEW_ROOT, info= 0xFFFFFF2, subInfo= 0xF0'}], }
05-29 23:51:02.551  8947 29864 D MIA_IMGQ: [pollImageOnState:96]:QueueName MiaNodeHdr input queue 0, Waiting mImageLock
05-29 23:51:02.551  8947 29864 D MIA_IMGQ: [pollImageOnState:98]:QueueName MiaNodeHdr input queue 0, Getting mImageLock
05-29 23:51:02.551  8947 29864 I MIA_IMGQ: [pollImageOnState:103]:QueueName MiaNodeHdr input queue 0, queue is not initialed
05-29 23:51:02.551  8947 29864 I MIA_N_HDR: [processImage:143]:Drop  processImage: because of cleaning input waiter
05-29 23:51:02.551  8947 29864 D MIA_NODE: [runThread:184]:X of node 8
05-29 23:51:02.551  8947  8947 V CAM_Delegate@179589480: diffOpts : last {}, new {POST_VIEW=[BaseOperation{type=ADD, contType=POST_VIEW, info= 0xFF6, subInfo= 0xF0'}], }
05-29 23:51:02.551  8947  8947 V CAM_Delegate@179589480: resetOpts : {}
05-29 23:51:02.551  8947  8947 V CAM_Delegate@179589480: clearOpts {}
05-29 23:51:02.551  8947  8947 V CAM_Delegate@179589480: loadModule + types [6, 22, 8, 10]
05-29 23:51:02.551  8947  8947 V CAM_Delegate@179589480: checkOperation type POPUP_TIPS, operations [BaseOperation{type=ADD, contType=POPUP_TIPS, info= 0xFFF9, subInfo= 0xF0'}], currentFragments {BOTTOM_BAR ,VState :0 , fragInfo: [0xF1], MODE_SELECTOR ,VState :0 , fragInfo: [0xF2], TOP_BAR ,VState :0 , fragInfo: [0xF4], DUAL_CAMERA ,VState :0 , fragInfo: [0xFF4], MAIN_CONTENT ,VState :0 , fragInfo: [0xF3], POPUP_TIPS ,VState :0 , fragInfo: [0xF0, 0xFFF9], BEAUTY_PANEL ,VState :0 , fragInfo: [0xF0], POST_VIEW ,VState :0 , fragInfo: [0xF0], GALLERY ,VState :8 , fragInfo: [0xF0], PREVIEW_ROOT ,VState :0 , fragInfo: [0xF0, 0xFFFFFF2], EXTRA_TOP_BAR ,VState :0 , fragInfo: [0xF0], MENU_ROOT ,VState :0 , fragInfo: [0xF0], LOWER_LAYER ,VState :0 , fragInfo: [0xF0], MID_LAYER ,VState :0 , fragInfo: [0xF0], HIGHER_LAYER ,VState :0 , fragInfo: [0xF0, 0xFF3]}
05-29 23:51:02.551  8947 28919 D MIA_NODE: [stop:126]:DeadMan-0 unlink child unit  - current type 8 mChildNodes.size  1
05-29 23:51:02.551  8947 28919 D MIA_NODE: [stop:129]:DeadMan-1 unlink child unit  - current type 8
05-29 23:51:02.551  8947 28919 D MIA_NODE: [stop:131]:DeadMan-2 unlink child unit -- current type 8
05-29 23:51:02.551  8947 28919 D MIA_NODE: [unlinkNode:57]:START unit type 8 remove child unit type 9 to unlink
05-29 23:51:02.551  8947 28919 D MIA_NODE: [unlinkNode:59]:END unit type 8 remove child unit type 9 to unlink
05-29 23:51:02.551  8947 28919 D MIA_NODE: [stop:133]:DeadMan-3 unlink child unit --current type 8
05-29 23:51:02.551  8947 28919 I MIA_NODE: [stop:97]:stop node type 9 begin
05-29 23:51:02.551  8947 28919 D MIA_IMGQ: [kickOutImageWaiter:11]:QueueName MiaNodeSkinBeautifier input queue 0,  signal to kick out  image waiter
05-29 23:51:02.551  8947  8947 V CAM_Delegate@179589480: checkOperation type HIGHER_LAYER, operations [BaseOperation{type=ADD, contType=HIGHER_LAYER, info= 0xFF3, subInfo= 0xF0'}], currentFragments {BOTTOM_BAR ,VState :0 , fragInfo: [0xF1], MODE_SELECTOR ,VState :0 , fragInfo: [0xF2], TOP_BAR ,VState :0 , fragInfo: [0xF4], DUAL_CAMERA ,VState :0 , fragInfo: [0xFF4], MAIN_CONTENT ,VState :0 , fragInfo: [0xF3], POPUP_TIPS ,VState :0 , fragInfo: [0xF0, 0xFFF9], BEAUTY_PANEL ,VState :0 , fragInfo: [0xF0], POST_VIEW ,VState :0 , fragInfo: [0xF0], GALLERY ,VState :8 , fragInfo: [0xF0], PREVIEW_ROOT ,VState :0 , fragInfo: [0xF0, 0xFFFFFF2], EXTRA_TOP_BAR ,VState :0 , fragInfo: [0xF0], MENU_ROOT ,VState :0 , fragInfo: [0xF0], LOWER_LAYER ,VState :0 , fragInfo: [0xF0], MID_LAYER ,VState :0 , fragInfo: [0xF0], HIGHER_LAYER ,VState :0 , fragInfo: [0xF0, 0xFF3]}
05-29 23:51:02.551  8947 28919 D MIA_IMGQ: [kickOutImageWaiter:11]:QueueName MiaNodeSkinBeautifier output queue 0,  signal to kick out  image waiter
05-29 23:51:02.551  2965  2965 D HeadsetService: BroadcastReceiver com.android.camera.action.camera_status
05-29 23:51:02.551  8947 28919 D MIA_NODE: [stop:116]:after kickOutImageWaiter threadRunning 1, mThread 0xb400007a96bb1da0, unit_type 9
05-29 23:51:02.551  2965  2965 D HeadsetService: CameraReceiver: action=com.android.camera.action.camera_status status=null
05-29 23:51:02.551  8947 28919 I MIA_NODE: [stop:124]:start to join thread 0xb400007a96bb1da0 type 9
05-29 23:51:02.551  2965  2965 D Avrcp_ext: CameraReceiver: action=com.android.camera.action.camera_status status=null
05-29 23:51:02.552  8947  8947 V CAM_Delegate@179589480: checkOperation type POST_VIEW, operations [BaseOperation{type=ADD, contType=POST_VIEW, info= 0xFF6, subInfo= 0xF0'}], currentFragments {BOTTOM_BAR ,VState :0 , fragInfo: [0xF1], MODE_SELECTOR ,VState :0 , fragInfo: [0xF2], TOP_BAR ,VState :0 , fragInfo: [0xF4], DUAL_CAMERA ,VState :0 , fragInfo: [0xFF4], MAIN_CONTENT ,VState :0 , fragInfo: [0xF3], POPUP_TIPS ,VState :0 , fragInfo: [0xF0, 0xFFF9], BEAUTY_PANEL ,VState :0 , fragInfo: [0xF0], POST_VIEW ,VState :0 , fragInfo: [0xF0], GALLERY ,VState :8 , fragInfo: [0xF0], PREVIEW_ROOT ,VState :0 , fragInfo: [0xF0, 0xFFFFFF2], EXTRA_TOP_BAR ,VState :0 , fragInfo: [0xF0], MENU_ROOT ,VState :0 , fragInfo: [0xF0], LOWER_LAYER ,VState :0 , fragInfo: [0xF0], MID_LAYER ,VState :0 , fragInfo: [0xF0], HIGHER_LAYER ,VState :0 , fragInfo: [0xF0, 0xFF3]}
05-29 23:51:02.552  8947 29863 I MIA_IMGQ: [pollImage:40]:QueueName MiaNodeSkinBeautifier input queue 0, queue is not initialed
05-29 23:51:02.552  8947 29863 I MIA_N_ASBF: [processImage:158]:Drop  processImage: because of cleaning input waiter
05-29 23:51:02.552  8947 29863 D MIA_NODE: [runThread:184]:X of node 9
05-29 23:51:02.552  8947 28919 D MIA_NODE: [stop:126]:DeadMan-0 unlink child unit  - current type 9 mChildNodes.size  1
05-29 23:51:02.552  8947 28919 D MIA_NODE: [stop:129]:DeadMan-1 unlink child unit  - current type 9
05-29 23:51:02.552  8947 28919 D MIA_NODE: [stop:131]:DeadMan-2 unlink child unit -- current type 9
05-29 23:51:02.552  8947 28919 D MIA_NODE: [unlinkNode:57]:START unit type 9 remove child unit type 2 to unlink
05-29 23:51:02.552  8947 28919 D MIA_NODE: [unlinkNode:59]:END unit type 9 remove child unit type 2 to unlink
05-29 23:51:02.552  8947 28919 D MIA_NODE: [stop:133]:DeadMan-3 unlink child unit --current type 9
05-29 23:51:02.552  8947 28919 I MIA_NODE: [stop:97]:stop node type 2 begin
05-29 23:51:02.552  8947 28919 D MIA_IMGQ: [kickOutImageWaiter:11]:QueueName MiaNodeAIIE input queue 0,  signal to kick out  image waiter
05-29 23:51:02.552  8947  8947 V CAM_Delegate@179589480: checkOperation type PREVIEW_ROOT, operations [BaseOperation{type=ADD, contType=PREVIEW_ROOT, info= 0xFFFFFF2, subInfo= 0xF0'}], currentFragments {BOTTOM_BAR ,VState :0 , fragInfo: [0xF1], MODE_SELECTOR ,VState :0 , fragInfo: [0xF2], TOP_BAR ,VState :0 , fragInfo: [0xF4], DUAL_CAMERA ,VState :0 , fragInfo: [0xFF4], MAIN_CONTENT ,VState :0 , fragInfo: [0xF3], POPUP_TIPS ,VState :0 , fragInfo: [0xF0, 0xFFF9], BEAUTY_PANEL ,VState :0 , fragInfo: [0xF0], POST_VIEW ,VState :0 , fragInfo: [0xF0], GALLERY ,VState :8 , fragInfo: [0xF0], PREVIEW_ROOT ,VState :0 , fragInfo: [0xF0, 0xFFFFFF2], EXTRA_TOP_BAR ,VState :0 , fragInfo: [0xF0], MENU_ROOT ,VState :0 , fragInfo: [0xF0], LOWER_LAYER ,VState :0 , fragInfo: [0xF0], MID_LAYER ,VState :0 , fragInfo: [0xF0], HIGHER_LAYER ,VState :0 , fragInfo: [0xF0, 0xFF3]}
05-29 23:51:02.552  8947  8947 V CAM_Delegate@179589480: loadModule - opts [BaseOperation{type=ADD, contType=POST_VIEW, info= 0xFF6, subInfo= 0xF0'}]
05-29 23:51:02.552  8947 28919 D MIA_IMGQ: [kickOutImageWaiter:11]:QueueName MiaNodeAIIE output queue 0,  signal to kick out  image waiter
05-29 23:51:02.552  8947 28919 D MIA_NODE: [stop:116]:after kickOutImageWaiter threadRunning 1, mThread 0xb400007a96bb49a0, unit_type 2
05-29 23:51:02.552  8947 28919 I MIA_NODE: [stop:124]:start to join thread 0xb400007a96bb49a0 type 2
05-29 23:51:02.552  8947  8947 I CAM_BaseFragment: fragment is not added, pendingShow return.
05-29 23:51:02.552  8947 29862 I MIA_IMGQ: [pollImage:40]:QueueName MiaNodeAIIE input queue 0, queue is not initialed
05-29 23:51:02.552  8947 29862 I MIA_N_AIIE: [processImage:119]:Drop  processImage: because of cleaning input waiter
05-29 23:51:02.552  8947 29862 D MIA_NODE: [runThread:184]:X of node 2
05-29 23:51:02.552  8947  8947 V CAM_Delegate@179589480: currentFragments {BOTTOM_BAR ,VState :0 , fragInfo: [0xF1], MODE_SELECTOR ,VState :0 , fragInfo: [0xF2], TOP_BAR ,VState :0 , fragInfo: [0xF4], DUAL_CAMERA ,VState :0 , fragInfo: [0xFF4], MAIN_CONTENT ,VState :0 , fragInfo: [0xF3], POPUP_TIPS ,VState :0 , fragInfo: [0xF0, 0xFFF9], BEAUTY_PANEL ,VState :0 , fragInfo: [0xF0], POST_VIEW ,VState :0 , fragInfo: [0xF0, 0xFF6], GALLERY ,VState :8 , fragInfo: [0xF0], PREVIEW_ROOT ,VState :0 , fragInfo: [0xF0, 0xFFFFFF2], EXTRA_TOP_BAR ,VState :0 , fragInfo: [0xF0], MENU_ROOT ,VState :0 , fragInfo: [0xF0], LOWER_LAYER ,VState :0 , fragInfo: [0xF0], MID_LAYER ,VState :0 , fragInfo: [0xF0], HIGHER_LAYER ,VState :0 , fragInfo: [0xF0, 0xFF3]}
05-29 23:51:02.553  8947  8947 D CAM_StartTopBarAdapter: onBindViewHolder
05-29 23:51:02.554  8947 28919 D MIA_NODE: [stop:126]:DeadMan-0 unlink child unit  - current type 2 mChildNodes.size  0
05-29 23:51:02.554  8947 28919 I MIA_NODE: [stop:140]:stop node type 2 end
05-29 23:51:02.554  8947 28919 D MIA_NODE: [stop:135]:DeadMan-2 stopped child node 2
05-29 23:51:02.554  8947 28919 I MIA_NODE: [stop:140]:stop node type 9 end
05-29 23:51:02.554  8947 28919 D MIA_NODE: [stop:135]:DeadMan-2 stopped child node 9
05-29 23:51:02.554  8947 28919 I MIA_NODE: [stop:140]:stop node type 8 end
05-29 23:51:02.554  8947 28919 I MIA_SESN: [flush:691]:flush finish 0xb400007a6777e200
05-29 23:51:02.554  8947 28919 D TaskSession: flush: succeed
05-29 23:51:02.554  8947 28919 I MI_Algo_JNI: destroySession in Java_com_xiaomi_engine_MiCamAlgoInterfaceJNI_destroySession 1071 mCAI 0x7aa709b9d8,0x0
05-29 23:51:02.554  8947 28919 I MIA_INTF: [MIADestroySession:77]:E session:0xb400007a6777e200
05-29 23:51:02.554  8947 28919 D MIA_SRVC: [destroySession:145]:E session:0xb400007a6777e200
05-29 23:51:02.554  8947 28919 I MIA_SESN: [flush:679]:mNodes size 3
05-29 23:51:02.554  8947 28919 I MIA_NODE: [stop:97]:stop node type 8 begin
05-29 23:51:02.554  8947 28919 I MIA_NODE: [stop:99]:Node type 8 is already stopped
05-29 23:51:02.554  8947 28919 I MIA_SESN: [flush:691]:flush finish 0xb400007a6777e200
05-29 23:51:02.554  8947 28919 D MIA_SESN: [~MiaSession:258]:MiaSession disconstruct E 0xb400007a6777e200
05-29 23:51:02.554  8947 28919 D MIA_N_AIIE: [~MiaNodeAIIE:22]:now distruct -->> MiaNodeAIIE
05-29 23:51:02.554  8947 28919 D MIA_NODE: [~MiaNode:11]:now distruct  type 2
05-29 23:51:02.554  8947 28919 D RefBase : RefBase: Explicit destruction, weak count = 0 (in 0xb400007a96bb48f8)
05-29 23:51:02.554  8947 28919 W RefBase : CallStack::getCurrentInternal not linked, returning null
05-29 23:51:02.554  8947 28919 W RefBase : CallStack::logStackInternal not linked
05-29 23:51:02.554  8947 28919 D RefBase : RefBase: Explicit destruction, weak count = 0 (in 0xb400007a96bb4858)
05-29 23:51:02.554  8947 28919 W RefBase : CallStack::getCurrentInternal not linked, returning null
05-29 23:51:02.554  8947 28919 W RefBase : CallStack::logStackInternal not linked
05-29 23:51:02.554  8947 28919 D RefBase : RefBase: Explicit destruction, weak count = 0 (in 0xb400007a96bb47b8)
05-29 23:51:02.554  8947 28919 W RefBase : CallStack::getCurrentInternal not linked, returning null
05-29 23:51:02.554  8947 28919 W RefBase : CallStack::logStackInternal not linked
05-29 23:51:02.554  8947 28919 D RefBase : RefBase: Explicit destruction, weak count = 0 (in 0xb400007a96bb4718)
05-29 23:51:02.554  8947 28919 W RefBase : CallStack::getCurrentInternal not linked, returning null
05-29 23:51:02.554  8947 28919 W RefBase : CallStack::logStackInternal not linked
05-29 23:51:02.554  8947 28919 D RefBase : RefBase: Explicit destruction, weak count = 0 (in 0xb400007a96bb4678)
05-29 23:51:02.554  8947 28919 W RefBase : CallStack::getCurrentInternal not linked, returning null
05-29 23:51:02.554  8947 28919 W RefBase : CallStack::logStackInternal not linked
05-29 23:51:02.554  8947 28919 D RefBase : RefBase: Explicit destruction, weak count = 0 (in 0xb400007a96bb45d8)
05-29 23:51:02.554  8947 28919 W RefBase : CallStack::getCurrentInternal not linked, returning null
05-29 23:51:02.554  8947 28919 W RefBase : CallStack::logStackInternal not linked
05-29 23:51:02.554  8947 28919 D RefBase : RefBase: Explicit destruction, weak count = 0 (in 0xb400007a96bb4538)
05-29 23:51:02.554  8947 28919 W RefBase : CallStack::getCurrentInternal not linked, returning null
05-29 23:51:02.554  8947 28919 W RefBase : CallStack::logStackInternal not linked
05-29 23:51:02.554  8947 28919 D RefBase : RefBase: Explicit destruction, weak count = 0 (in 0xb400007a96bb4498)
05-29 23:51:02.554  8947 28919 W RefBase : CallStack::getCurrentInternal not linked, returning null
05-29 23:51:02.554  8947 28919 W RefBase : CallStack::logStackInternal not linked
05-29 23:51:02.554  8947 28919 D RefBase : RefBase: Explicit destruction, weak count = 0 (in 0xb400007a96bb43f8)
05-29 23:51:02.554  8947 28919 W RefBase : CallStack::getCurrentInternal not linked, returning null
05-29 23:51:02.554  8947 28919 W RefBase : CallStack::logStackInternal not linked
05-29 23:51:02.554  8947 28919 D RefBase : RefBase: Explicit destruction, weak count = 0 (in 0xb400007a96bb4358)
05-29 23:51:02.554  8947 28919 W RefBase : CallStack::getCurrentInternal not linked, returning null
05-29 23:51:02.554  8947 28919 W RefBase : CallStack::logStackInternal not linked
05-29 23:51:02.554  8947 28919 D RefBase : RefBase: Explicit destruction, weak count = 0 (in 0xb400007a96bb42b8)
05-29 23:51:02.554  8947 28919 W RefBase : CallStack::getCurrentInternal not linked, returning null
05-29 23:51:02.554  8947 28919 W RefBase : CallStack::logStackInternal not linked
05-29 23:51:02.554  8947 28919 D RefBase : RefBase: Explicit destruction, weak count = 0 (in 0xb400007a96bb4218)
05-29 23:51:02.554  8947 28919 W RefBase : CallStack::getCurrentInternal not linked, returning null
05-29 23:51:02.554  8947 28919 W RefBase : CallStack::logStackInternal not linked
05-29 23:51:02.554  8947 28919 D RefBase : RefBase: Explicit destruction, weak count = 0 (in 0xb400007a96bb4178)
05-29 23:51:02.554  8947 28919 W RefBase : CallStack::getCurrentInternal not linked, returning null
05-29 23:51:02.554  8947 28919 W RefBase : CallStack::logStackInternal not linked
05-29 23:51:02.554  8947 28919 D RefBase : RefBase: Explicit destruction, weak count = 0 (in 0xb400007a96bb40d8)
05-29 23:51:02.554  8947 28919 W RefBase : CallStack::getCurrentInternal not linked, returning null
05-29 23:51:02.554  8947 28919 W RefBase : CallStack::logStackInternal not linked
05-29 23:51:02.554  8947 28919 D RefBase : RefBase: Explicit destruction, weak count = 0 (in 0xb400007a96bb4038)
05-29 23:51:02.554  8947 28919 W RefBase : CallStack::getCurrentInternal not linked, returning null
05-29 23:51:02.554  8947 28919 W RefBase : CallStack::logStackInternal not linked
05-29 23:51:02.554  8947 28919 D RefBase : RefBase: Explicit destruction, weak count = 0 (in 0xb400007a96bb3f98)
05-29 23:51:02.554  8947 28919 W RefBase : CallStack::getCurrentInternal not linked, returning null
05-29 23:51:02.554  8947 28919 W RefBase : CallStack::logStackInternal not linked
05-29 23:51:02.554  8947 28919 D RefBase : RefBase: Explicit destruction, weak count = 0 (in 0xb400007a96bb3ef8)
05-29 23:51:02.554  8947 28919 W RefBase : CallStack::getCurrentInternal not linked, returning null
05-29 23:51:02.554  8947 28919 W RefBase : CallStack::logStackInternal not linked
05-29 23:51:02.554  8947 28919 D RefBase : RefBase: Explicit destruction, weak count = 0 (in 0xb400007a96bb3e58)
05-29 23:51:02.554  8947 28919 W RefBase : CallStack::getCurrentInternal not linked, returning null
05-29 23:51:02.554  8947 28919 W RefBase : CallStack::logStackInternal not linked
05-29 23:51:02.554  8947 28919 D RefBase : RefBase: Explicit destruction, weak count = 0 (in 0xb400007a96bb3db8)
05-29 23:51:02.554  8947 28919 W RefBase : CallStack::getCurrentInternal not linked, returning null
05-29 23:51:02.554  8947 28919 W RefBase : CallStack::logStackInternal not linked
05-29 23:51:02.554  8947 28919 D RefBase : RefBase: Explicit destruction, weak count = 0 (in 0xb400007a96bb3d18)
05-29 23:51:02.554  8947 28919 W RefBase : CallStack::getCurrentInternal not linked, returning null
05-29 23:51:02.554  8947 28919 W RefBase : CallStack::logStackInternal not linked
05-29 23:51:02.554  8947 28919 D RefBase : RefBase: Explicit destruction, weak count = 0 (in 0xb400007a96bb3c78)
05-29 23:51:02.554  8947 28919 W RefBase : CallStack::getCurrentInternal not linked, returning null
05-29 23:51:02.554  8947 28919 W RefBase : CallStack::logStackInternal not linked
05-29 23:51:02.554  8947 28919 D RefBase : RefBase: Explicit destruction, weak count = 0 (in 0xb400007a96bb3bd8)
05-29 23:51:02.554  8947 28919 W RefBase : CallStack::getCurrentInternal not linked, returning null
05-29 23:51:02.554  8947 28919 W RefBase : CallStack::logStackInternal not linked
05-29 23:51:02.554  8947 28919 D RefBase : RefBase: Explicit destruction, weak count = 0 (in 0xb400007a96bb3b38)
05-29 23:51:02.554  8947 28919 W RefBase : CallStack::getCurrentInternal not linked, returning null
05-29 23:51:02.554  8947 28919 W RefBase : CallStack::logStackInternal not linked
05-29 23:51:02.555  8947 28919 D RefBase : RefBase: Explicit destruction, weak count = 0 (in 0xb400007a96bb3a98)
05-29 23:51:02.555  8947 28919 W RefBase : CallStack::getCurrentInternal not linked, returning null
05-29 23:51:02.555  8947 28919 W RefBase : CallStack::logStackInternal not linked
05-29 23:51:02.555  8947 28919 D RefBase : RefBase: Explicit destruction, weak count = 0 (in 0xb400007a96bb39f8)
05-29 23:51:02.555  8947 28919 W RefBase : CallStack::getCurrentInternal not linked, returning null
05-29 23:51:02.555  8947 28919 W RefBase : CallStack::logStackInternal not linked
05-29 23:51:02.555  8947 28919 D RefBase : RefBase: Explicit destruction, weak count = 0 (in 0xb400007a96bb3958)
05-29 23:51:02.555  8947 28919 W RefBase : CallStack::getCurrentInternal not linked, returning null
05-29 23:51:02.555  8947 28919 W RefBase : CallStack::logStackInternal not linked
05-29 23:51:02.555  8947 28919 D RefBase : RefBase: Explicit destruction, weak count = 0 (in 0xb400007a96bb38b8)
05-29 23:51:02.555  8947 28919 W RefBase : CallStack::getCurrentInternal not linked, returning null
05-29 23:51:02.555  8947 28919 W RefBase : CallStack::logStackInternal not linked
05-29 23:51:02.555  8947 28919 D RefBase : RefBase: Explicit destruction, weak count = 0 (in 0xb400007a96bb3818)
05-29 23:51:02.555  8947 28919 W RefBase : CallStack::getCurrentInternal not linked, returning null
05-29 23:51:02.555  8947 28919 W RefBase : CallStack::logStackInternal not linked
05-29 23:51:02.555  8947 28919 D RefBase : RefBase: Explicit destruction, weak count = 0 (in 0xb400007a96bb3778)
05-29 23:51:02.555  8947 28919 W RefBase : CallStack::getCurrentInternal not linked, returning null
05-29 23:51:02.555  8947 28919 W RefBase : CallStack::logStackInternal not linked
05-29 23:51:02.555  8947 28919 D RefBase : RefBase: Explicit destruction, weak count = 0 (in 0xb400007a96bb36d8)
05-29 23:51:02.555  8947 28919 W RefBase : CallStack::getCurrentInternal not linked, returning null
05-29 23:51:02.555  8947 28919 W RefBase : CallStack::logStackInternal not linked
05-29 23:51:02.555  8947 28919 D RefBase : RefBase: Explicit destruction, weak count = 0 (in 0xb400007a96bb3638)
05-29 23:51:02.555  8947 28919 W RefBase : CallStack::getCurrentInternal not linked, returning null
05-29 23:51:02.555  8947 28919 W RefBase : CallStack::logStackInternal not linked
05-29 23:51:02.555  8947 28919 D RefBase : RefBase: Explicit destruction, weak count = 0 (in 0xb400007a96bb3598)
05-29 23:51:02.555  8947 28919 W RefBase : CallStack::getCurrentInternal not linked, returning null
05-29 23:51:02.555  8947 28919 W RefBase : CallStack::logStackInternal not linked
05-29 23:51:02.555  8947 28919 D RefBase : RefBase: Explicit destruction, weak count = 0 (in 0xb400007a96bb34f8)
05-29 23:51:02.555  8947 28919 W RefBase : CallStack::getCurrentInternal not linked, returning null
05-29 23:51:02.555  8947 28919 W RefBase : CallStack::logStackInternal not linked
05-29 23:51:02.555  8947 28919 D RefBase : RefBase: Explicit destruction, weak count = 0 (in 0xb400007a96bb3458)
05-29 23:51:02.555  8947 28919 W RefBase : CallStack::getCurrentInternal not linked, returning null
05-29 23:51:02.555  8947 28919 W RefBase : CallStack::logStackInternal not linked
05-29 23:51:02.555  8947 28919 D RefBase : RefBase: Explicit destruction, weak count = 0 (in 0xb400007a96bb33b8)
05-29 23:51:02.555  8947 28919 W RefBase : CallStack::getCurrentInternal not linked, returning null
